Archive member included because of file (symbol)

/usr/local/gcc-arm-none-eabi-4_9-2015q3/bin/../lib/gcc/arm-none-eabi/4.9.3/armv6-m/libgcc.a(_udivsi3.o)
                              ./system/src/stm32f0-stdperiph/stm32f0xx_rcc.o (__aeabi_uidiv)
/usr/local/gcc-arm-none-eabi-4_9-2015q3/bin/../lib/gcc/arm-none-eabi/4.9.3/armv6-m/libgcc.a(_dvmd_tls.o)
                              /usr/local/gcc-arm-none-eabi-4_9-2015q3/bin/../lib/gcc/arm-none-eabi/4.9.3/armv6-m/libgcc.a(_udivsi3.o) (__aeabi_idiv0)
/usr/local/gcc-arm-none-eabi-4_9-2015q3/bin/../lib/gcc/arm-none-eabi/4.9.3/armv6-m/libgcc.a(_arm_cmpsf2.o)
                              ./src/MCU/pwm.o (__aeabi_fcmplt)
/usr/local/gcc-arm-none-eabi-4_9-2015q3/bin/../lib/gcc/arm-none-eabi/4.9.3/armv6-m/libgcc.a(_fixunssfsi.o)
                              ./src/MCU/pwm.o (__aeabi_f2uiz)
/usr/local/gcc-arm-none-eabi-4_9-2015q3/bin/../lib/gcc/arm-none-eabi/4.9.3/armv6-m/libgcc.a(addsf3.o)
                              ./src/MCU/temperature.o (__aeabi_fadd)
/usr/local/gcc-arm-none-eabi-4_9-2015q3/bin/../lib/gcc/arm-none-eabi/4.9.3/armv6-m/libgcc.a(divsf3.o)
                              ./src/Terminal/MainMenu.o (__aeabi_fdiv)
/usr/local/gcc-arm-none-eabi-4_9-2015q3/bin/../lib/gcc/arm-none-eabi/4.9.3/armv6-m/libgcc.a(eqsf2.o)
                              /usr/local/gcc-arm-none-eabi-4_9-2015q3/bin/../lib/gcc/arm-none-eabi/4.9.3/armv6-m/libgcc.a(_arm_cmpsf2.o) (__eqsf2)
/usr/local/gcc-arm-none-eabi-4_9-2015q3/bin/../lib/gcc/arm-none-eabi/4.9.3/armv6-m/libgcc.a(gesf2.o)
                              /usr/local/gcc-arm-none-eabi-4_9-2015q3/bin/../lib/gcc/arm-none-eabi/4.9.3/armv6-m/libgcc.a(_arm_cmpsf2.o) (__gesf2)
/usr/local/gcc-arm-none-eabi-4_9-2015q3/bin/../lib/gcc/arm-none-eabi/4.9.3/armv6-m/libgcc.a(lesf2.o)
                              /usr/local/gcc-arm-none-eabi-4_9-2015q3/bin/../lib/gcc/arm-none-eabi/4.9.3/armv6-m/libgcc.a(_arm_cmpsf2.o) (__lesf2)
/usr/local/gcc-arm-none-eabi-4_9-2015q3/bin/../lib/gcc/arm-none-eabi/4.9.3/armv6-m/libgcc.a(mulsf3.o)
                              ./src/MCU/pwm.o (__aeabi_fmul)
/usr/local/gcc-arm-none-eabi-4_9-2015q3/bin/../lib/gcc/arm-none-eabi/4.9.3/armv6-m/libgcc.a(subsf3.o)
                              ./src/MCU/pwm.o (__aeabi_fsub)
/usr/local/gcc-arm-none-eabi-4_9-2015q3/bin/../lib/gcc/arm-none-eabi/4.9.3/armv6-m/libgcc.a(fixsfsi.o)
                              /usr/local/gcc-arm-none-eabi-4_9-2015q3/bin/../lib/gcc/arm-none-eabi/4.9.3/armv6-m/libgcc.a(_fixunssfsi.o) (__aeabi_f2iz)
/usr/local/gcc-arm-none-eabi-4_9-2015q3/bin/../lib/gcc/arm-none-eabi/4.9.3/armv6-m/libgcc.a(floatunsisf.o)
                              ./src/Terminal/MainMenu.o (__aeabi_ui2f)
/usr/local/gcc-arm-none-eabi-4_9-2015q3/bin/../lib/gcc/arm-none-eabi/4.9.3/armv6-m/libgcc.a(adddf3.o)
                              ./src/MCU/pwm.o (__aeabi_dadd)
/usr/local/gcc-arm-none-eabi-4_9-2015q3/bin/../lib/gcc/arm-none-eabi/4.9.3/armv6-m/libgcc.a(muldf3.o)
                              ./src/MCU/temperature.o (__aeabi_dmul)
/usr/local/gcc-arm-none-eabi-4_9-2015q3/bin/../lib/gcc/arm-none-eabi/4.9.3/armv6-m/libgcc.a(subdf3.o)
                              ./src/MCU/temperature.o (__aeabi_dsub)
/usr/local/gcc-arm-none-eabi-4_9-2015q3/bin/../lib/gcc/arm-none-eabi/4.9.3/armv6-m/libgcc.a(extendsfdf2.o)
                              ./src/Terminal/MainMenu.o (__aeabi_f2d)
/usr/local/gcc-arm-none-eabi-4_9-2015q3/bin/../lib/gcc/arm-none-eabi/4.9.3/armv6-m/libgcc.a(truncdfsf2.o)
                              ./src/Terminal/Terminal.o (__aeabi_d2f)
/usr/local/gcc-arm-none-eabi-4_9-2015q3/bin/../lib/gcc/arm-none-eabi/4.9.3/armv6-m/libgcc.a(_clzsi2.o)
                              /usr/local/gcc-arm-none-eabi-4_9-2015q3/bin/../lib/gcc/arm-none-eabi/4.9.3/armv6-m/libgcc.a(addsf3.o) (__clzsi2)
/usr/local/gcc-arm-none-eabi-4_9-2015q3/bin/../lib/gcc/arm-none-eabi/4.9.3/../../../../arm-none-eabi/lib/armv6-m/libg_nano.a(lib_a-atof.o)
                              ./src/Terminal/Terminal.o (atof)
/usr/local/gcc-arm-none-eabi-4_9-2015q3/bin/../lib/gcc/arm-none-eabi/4.9.3/../../../../arm-none-eabi/lib/armv6-m/libg_nano.a(lib_a-atoi.o)
                              ./src/Terminal/Terminal.o (atoi)
/usr/local/gcc-arm-none-eabi-4_9-2015q3/bin/../lib/gcc/arm-none-eabi/4.9.3/../../../../arm-none-eabi/lib/armv6-m/libg_nano.a(lib_a-atoll.o)
                              ./src/Terminal/Terminal.o (atoll)
/usr/local/gcc-arm-none-eabi-4_9-2015q3/bin/../lib/gcc/arm-none-eabi/4.9.3/../../../../arm-none-eabi/lib/armv6-m/libg_nano.a(lib_a-errno.o)
                              ./system/src/newlib/_sbrk.o (__errno)
/usr/local/gcc-arm-none-eabi-4_9-2015q3/bin/../lib/gcc/arm-none-eabi/4.9.3/../../../../arm-none-eabi/lib/armv6-m/libg_nano.a(lib_a-impure.o)
                              /usr/local/gcc-arm-none-eabi-4_9-2015q3/bin/../lib/gcc/arm-none-eabi/4.9.3/../../../../arm-none-eabi/lib/armv6-m/libg_nano.a(lib_a-errno.o) (_impure_ptr)
[...]
Memory Configuration

Name             Origin             Length             Attributes
RAM              0x20000000         0x00002000         xrw
CCMRAM           0x00000000         0x00000000         xrw
FLASH            0x08000000         0x00010000         xr
FLASHB1          0x00000000         0x00000000         xr
EXTMEMB0         0x00000000         0x00000000         xr
EXTMEMB1         0x00000000         0x00000000         xr
EXTMEMB2         0x00000000         0x00000000         xr
EXTMEMB3         0x00000000         0x00000000         xr
MEMORY_ARRAY     0x00000000         0x00000000         xrw
*default*        0x00000000         0xffffffff

Linker script and memory map

LOAD ./system/src/stm32f0-stdperiph/stm32f0xx_gpio.o
LOAD ./system/src/stm32f0-stdperiph/stm32f0xx_rcc.o
LOAD ./system/src/newlib/_cxx.o
LOAD ./system/src/newlib/_exit.o
LOAD ./system/src/newlib/_sbrk.o
LOAD ./system/src/newlib/_startup.o
LOAD ./system/src/newlib/_syscalls.o
LOAD ./system/src/newlib/assert.o
LOAD ./system/src/diag/Trace.o
LOAD ./system/src/diag/trace_impl.o
LOAD ./system/src/cortexm/_initialize_hardware.o
LOAD ./system/src/cortexm/_reset_hardware.o
LOAD ./system/src/cortexm/exception_handlers.o
LOAD ./system/src/cmsis/system_stm32f0xx.o
LOAD ./system/src/cmsis/vectors_stm32f0xx.o
LOAD ./src/Terminal/MainMenu.o
LOAD ./src/Terminal/Terminal.o
LOAD ./src/MCU/led.o
LOAD ./src/MCU/pwm.o
LOAD ./src/MCU/temperature.o
LOAD ./src/MCU/tick.o
LOAD ./src/MCU/usart2.o
LOAD ./src/FIFO.o
LOAD ./src/OvenControl.o
LOAD ./src/common.o
LOAD ./src/main.o
LOAD ./src/pid.o
LOAD /usr/local/gcc-arm-none-eabi-4_9-2015q3/bin/../lib/gcc/arm-none-eabi/4.9.3/../../../../arm-none-eabi/lib/armv6-m/libstdc++_nano.a
LOAD /usr/local/gcc-arm-none-eabi-4_9-2015q3/bin/../lib/gcc/arm-none-eabi/4.9.3/../../../../arm-none-eabi/lib/armv6-m/libm.a
START GROUP
LOAD /usr/local/gcc-arm-none-eabi-4_9-2015q3/bin/../lib/gcc/arm-none-eabi/4.9.3/armv6-m/libgcc.a
LOAD /usr/local/gcc-arm-none-eabi-4_9-2015q3/bin/../lib/gcc/arm-none-eabi/4.9.3/../../../../arm-none-eabi/lib/armv6-m/libg_nano.a
LOAD /usr/local/gcc-arm-none-eabi-4_9-2015q3/bin/../lib/gcc/arm-none-eabi/4.9.3/../../../../arm-none-eabi/lib/armv6-m/libc_nano.a
END GROUP
START GROUP
LOAD /usr/local/gcc-arm-none-eabi-4_9-2015q3/bin/../lib/gcc/arm-none-eabi/4.9.3/armv6-m/libgcc.a
LOAD /usr/local/gcc-arm-none-eabi-4_9-2015q3/bin/../lib/gcc/arm-none-eabi/4.9.3/../../../../arm-none-eabi/lib/armv6-m/libc_nano.a
END GROUP
                0x20002000                __stack = (ORIGIN (RAM) + 0x2000)
                0x20002000                _estack = __stack
                0x00000400                __Main_Stack_Size = 0x400
                0x00000400                PROVIDE (_Main_Stack_Size, __Main_Stack_Size)
                0x20001c00                __Main_Stack_Limit = (__stack - __Main_Stack_Size)
                0x20001c00                PROVIDE (_Main_Stack_Limit, __Main_Stack_Limit)
                0x00000100                _Minimum_Stack_Size = 0x100
                0x20000264                PROVIDE (_Heap_Begin, _end_noinit)
                0x20001c00                PROVIDE (_Heap_Limit, (__stack - __Main_Stack_Size))

.isr_vector     0x08000000      0x218
 FILL mask 0xff
                0x08000000                __vectors_start = ABSOLUTE (.)
                0x08000000                __vectors_start__ = ABSOLUTE (.)
 *(.isr_vector)
 .isr_vector    0x08000000       0xc4 ./system/src/cmsis/vectors_stm32f0xx.o
                0x08000000                g_pfnVectors
 *(.cfmconfig)
 *(.after_vectors .after_vectors.*)
 .after_vectors
                0x080000c4      0x118 ./system/src/newlib/_startup.o
                0x080000c4                _start
 .after_vectors
                0x080001dc       0x38 ./system/src/cortexm/exception_handlers.o
                0x080001dc                Reset_Handler
                0x080001e4                NMI_Handler
                0x080001e8                HardFault_Handler
                0x08000200                HardFault_Handler_C
                0x08000204                SVC_Handler
                0x08000208                PendSV_Handler
 .after_vectors
                0x08000214        0x4 ./system/src/cmsis/vectors_stm32f0xx.o
                0x08000214                TIM1_CC_IRQHandler
                0x08000214                TSC_IRQHandler
                0x08000214                ADC1_COMP_IRQHandler
                0x08000214                PVD_IRQHandler
                0x08000214                I2C1_IRQHandler
                0x08000214                RCC_CRS_IRQHandler
                0x08000214                SPI1_IRQHandler
                0x08000214                TIM6_DAC_IRQHandler
                0x08000214                USART3_4_IRQHandler
                0x08000214                EXTI2_3_IRQHandler
                0x08000214                ADC1_IRQHandler
                0x08000214                I2C2_IRQHandler
                0x08000214                TIM17_IRQHandler
                0x08000214                CEC_CAN_IRQHandler
                0x08000214                RTC_IRQHandler
                0x08000214                PVD_VDDIO2_IRQHandler
                0x08000214                DMA1_Channel4_5_6_7_IRQHandler
                0x08000214                TIM16_IRQHandler
                0x08000214                TIM3_IRQHandler
                0x08000214                EXTI4_15_IRQHandler
                0x08000214                RCC_IRQHandler
                0x08000214                DMA1_Channel1_IRQHandler
                0x08000214                Default_Handler
                0x08000214                CEC_IRQHandler
                0x08000214                TIM14_IRQHandler
                0x08000214                DMA1_Channel4_5_IRQHandler
                0x08000214                TIM7_IRQHandler
                0x08000214                TIM15_IRQHandler
                0x08000214                EXTI0_1_IRQHandler
                0x08000214                USB_IRQHandler
                0x08000214                SPI2_IRQHandler
                0x08000214                TS_IRQHandler
                0x08000214                WWDG_IRQHandler
                0x08000214                TIM2_IRQHandler
                0x08000214                DMA1_Channel2_3_IRQHandler
                0x08000214                FLASH_IRQHandler
                0x08000214                USART1_IRQHandler
                0x08000214                TIM1_BRK_UP_TRG_COM_IRQHandler

.inits          0x08000218       0x28
                0x08000218                __data_regions_array_start = .
                0x08000218        0x4 LONG 0x8008770 LOADADDR (.data)
                0x0800021c        0x4 LONG 0x20000000 ADDR (.data)
                0x08000220        0x4 LONG 0x20000128 (ADDR (.data) + SIZEOF (.data))
                0x08000224        0x4 LONG 0x8008770 LOADADDR (.data_CCMRAM)
                0x08000228        0x4 LONG 0x0 ADDR (.data_CCMRAM)
                0x0800022c        0x4 LONG 0x0 (ADDR (.data_CCMRAM) + SIZEOF (.data_CCMRAM))
                0x08000230                __data_regions_array_end = .
                0x08000230                __bss_regions_array_start = .
                0x08000230        0x4 LONG 0x20000128 ADDR (.bss)
                0x08000234        0x4 LONG 0x20000264 (ADDR (.bss) + SIZEOF (.bss))
                0x08000238        0x4 LONG 0x0 ADDR (.bss_CCMRAM)
                0x0800023c        0x4 LONG 0x0 (ADDR (.bss_CCMRAM) + SIZEOF (.bss_CCMRAM))
                0x08000240                __bss_regions_array_end = .
 *(.init)
 *(.fini)
                0x08000240                . = ALIGN (0x4)
                0x08000240                PROVIDE (__preinit_array_start, .)
 *(.preinit_array_sysinit .preinit_array_sysinit.*)
 *(.preinit_array_platform .preinit_array_platform.*)
 *(.preinit_array .preinit_array.*)
                0x08000240                PROVIDE (__preinit_array_end, .)
                0x08000240                . = ALIGN (0x4)
                0x08000240                PROVIDE (__init_array_start, .)
 *(SORT(.init_array.*))
 *(.init_array)
                0x08000240                PROVIDE (__init_array_end, .)
                0x08000240                . = ALIGN (0x4)
                0x08000240                PROVIDE (__fini_array_start, .)
 *(SORT(.fini_array.*))
 *(.fini_array)
                0x08000240                PROVIDE (__fini_array_end, .)

.flashtext
 *(.flashtext .flashtext.*)

.text           0x08000240     0x8528
 *(.text .text.*)
 .text._exit    0x08000240        0x4 ./system/src/newlib/_exit.o
                0x08000240                _exit
 .text._sbrk    0x08000244       0x44 ./system/src/newlib/_sbrk.o
                0x08000244                _sbrk
 .text.__initialize_args
                0x08000288       0x10 ./system/src/newlib/_syscalls.o
                0x08000288                __initialize_args
 .text.__initialize_hardware_early
                0x08000298        0x8 ./system/src/cortexm/_initialize_hardware.o
                0x08000298                __initialize_hardware_early
 .text.__initialize_hardware
                0x080002a0        0x8 ./system/src/cortexm/_initialize_hardware.o
                0x080002a0                __initialize_hardware
 .text.SetSysClock
                0x080002a8       0xb0 ./system/src/cmsis/system_stm32f0xx.o
 .text.SystemInit
                0x08000358       0x64 ./system/src/cmsis/system_stm32f0xx.o
                0x08000358                SystemInit
 .text.SystemCoreClockUpdate
                0x080003bc       0x90 ./system/src/cmsis/system_stm32f0xx.o
                0x080003bc                SystemCoreClockUpdate
 .text.DrawMainMenu
                0x0800044c       0x10 ./src/Terminal/MainMenu.o
 .text.Process  0x0800045c       0x84 ./src/Terminal/MainMenu.o
                0x0800045c                Process
 .text.MainMenu
                0x080004e0       0xb4 ./src/Terminal/MainMenu.o
 .text.Terminal_WriteByte
                0x08000594       0x14 ./src/Terminal/Terminal.o
                0x08000594                Terminal_WriteByte
 .text.Terminal_WriteString
                0x080005a8       0x14 ./src/Terminal/Terminal.o
                0x080005a8                Terminal_WriteString
 .text.Terminal_DrawPrompt
                0x080005bc       0x30 ./src/Terminal/Terminal.o
 .text.Terminal_DrawHeader
                0x080005ec       0x24 ./src/Terminal/Terminal.o
 .text.Terminal_SendAcknowledgement
                0x08000610       0x48 ./src/Terminal/Terminal.o
                0x08000610                Terminal_SendAcknowledgement
 .text.Terminal_ExtractParameters
                0x08000658      0x128 ./src/Terminal/Terminal.o
                0x08000658                Terminal_ExtractParameters
 .text.Terminal_Init
                0x08000780       0x54 ./src/Terminal/Terminal.o
                0x08000780                Terminal_Init
 .text.Terminal_Monitor
                0x080007d4      0x204 ./src/Terminal/Terminal.o
                0x080007d4                Terminal_Monitor
 .text.Led_On   0x080009d8       0x10 ./src/MCU/led.o
                0x080009d8                Led_On
 .text.Led_Off  0x080009e8       0x10 ./src/MCU/led.o
                0x080009e8                Led_Off
 .text.Led_Toggle
                0x080009f8       0x18 ./src/MCU/led.o
                0x080009f8                Led_Toggle
 .text.Led_Init
                0x08000a10       0x50 ./src/MCU/led.o
                0x08000a10                Led_Init
 .text.PWM_SetDuty
                0x08000a60       0x64 ./src/MCU/pwm.o
                0x08000a60                PWM_SetDuty
 .text.PWM_Init
                0x08000ac4      0x154 ./src/MCU/pwm.o
                0x08000ac4                PWM_Init
 .text.Temperature_Init
                0x08000c18       0x80 ./src/MCU/temperature.o
                0x08000c18                Temperature_Init
 .text.Temperature_Read
                0x08000c98       0xc0 ./src/MCU/temperature.o
                0x08000c98                Temperature_Read
 .text.Tick_init
                0x08000d58       0x44 ./src/MCU/tick.o
                0x08000d58                Tick_init
 .text.Tick_GetMs
                0x08000d9c        0xc ./src/MCU/tick.o
                0x08000d9c                Tick_GetMs
 .text.Tick_DelayMs_NonBlocking
                0x08000da8       0x34 ./src/MCU/tick.o
                0x08000da8                Tick_DelayMs_NonBlocking
 .text.SysTick_Handler
                0x08000ddc       0x10 ./src/MCU/tick.o
                0x08000ddc                SysTick_Handler
 .text.IsSerialOpen
                0x08000dec        0xc ./src/MCU/usart2.o
 .text.Close    0x08000df8       0x20 ./src/MCU/usart2.o
 .text.Setbaudrate
                0x08000e18       0x5c ./src/MCU/usart2.o
 .text.IsWriteBusy
                0x08000e74       0x14 ./src/MCU/usart2.o
 .text.SendByte
                0x08000e88       0x28 ./src/MCU/usart2.o
 .text.SendString
                0x08000eb0       0x2c ./src/MCU/usart2.o
 .text.SendArray
                0x08000edc       0x30 ./src/MCU/usart2.o
 .text.GetByte  0x08000f0c       0x1c ./src/MCU/usart2.o
 .text.DoesReceiveBufferHaveData
                0x08000f28       0x24 ./src/MCU/usart2.o
 .text.Open     0x08000f4c       0x9c ./src/MCU/usart2.o
 .text.USART2_IRQHandler
                0x08000fe8       0x64 ./src/MCU/usart2.o
                0x08000fe8                USART2_IRQHandler
 .text.FIFO_CounnterBufferCount
                0x0800104c        0xc ./src/FIFO.o
                0x0800104c                FIFO_CounnterBufferCount
 .text.FIFO_Initialiser
                0x08001058       0x30 ./src/FIFO.o
                0x08001058                FIFO_Initialiser
 .text.FIFO_Read
                0x08001088       0x4c ./src/FIFO.o
                0x08001088                FIFO_Read
 .text.FIFO_Write
                0x080010d4       0x3c ./src/FIFO.o
                0x080010d4                FIFO_Write
 .text.OvenControl_Init
                0x08001110       0x14 ./src/OvenControl.o
                0x08001110                OvenControl_Init
 .text.OvenControl_Process
                0x08001124       0x78 ./src/OvenControl.o
                0x08001124                OvenControl_Process
 .text.OvenControl_SetTemperature
                0x0800119c        0xc ./src/OvenControl.o
                0x0800119c                OvenControl_SetTemperature
 .text.HardwareSetup
                0x080011a8       0xb4 ./src/main.o
                0x080011a8                HardwareSetup
 .text.main     0x0800125c       0x24 ./src/main.o
                0x0800125c                main
 .text.PID_Init
                0x08001280        0x4 ./src/pid.o
                0x08001280                PID_Init
 .text.PID_Process
                0x08001284       0x98 ./src/pid.o
                0x08001284                PID_Process
 .text          0x0800131c      0x120 /usr/local/gcc-arm-none-eabi-4_9-2015q3/bin/../lib/gcc/arm-none-eabi/4.9.3/armv6-m/libgcc.a(_udivsi3.o)
                0x0800131c                __udivsi3
                0x0800131c                __aeabi_uidiv
                0x08001428                __aeabi_uidivmod
 .text          0x0800143c        0x4 /usr/local/gcc-arm-none-eabi-4_9-2015q3/bin/../lib/gcc/arm-none-eabi/4.9.3/armv6-m/libgcc.a(_dvmd_tls.o)
                0x0800143c                __aeabi_ldiv0
                0x0800143c                __aeabi_idiv0
 .text          0x08001440       0x74 /usr/local/gcc-arm-none-eabi-4_9-2015q3/bin/../lib/gcc/arm-none-eabi/4.9.3/armv6-m/libgcc.a(_arm_cmpsf2.o)
                0x08001440                __aeabi_cfrcmple
                0x08001448                __aeabi_cfcmple
                0x08001448                __aeabi_cfcmpeq
                0x08001458                __aeabi_fcmpeq
                0x08001464                __aeabi_fcmplt
                0x08001478                __aeabi_fcmple
                0x0800148c                __aeabi_fcmpgt
                0x080014a0                __aeabi_fcmpge
 .text          0x080014b4       0x30 /usr/local/gcc-arm-none-eabi-4_9-2015q3/bin/../lib/gcc/arm-none-eabi/4.9.3/armv6-m/libgcc.a(_fixunssfsi.o)
                0x080014b4                __aeabi_f2uiz
                0x080014b4                __fixunssfsi
 .text          0x080014e4      0x2f8 /usr/local/gcc-arm-none-eabi-4_9-2015q3/bin/../lib/gcc/arm-none-eabi/4.9.3/armv6-m/libgcc.a(addsf3.o)
                0x080014e4                __aeabi_fadd
 .text          0x080017dc      0x270 /usr/local/gcc-arm-none-eabi-4_9-2015q3/bin/../lib/gcc/arm-none-eabi/4.9.3/armv6-m/libgcc.a(divsf3.o)
                0x080017dc                __aeabi_fdiv
 .text          0x08001a4c       0x54 /usr/local/gcc-arm-none-eabi-4_9-2015q3/bin/../lib/gcc/arm-none-eabi/4.9.3/armv6-m/libgcc.a(eqsf2.o)
                0x08001a4c                __nesf2
                0x08001a4c                __eqsf2
 .text          0x08001aa0       0x94 /usr/local/gcc-arm-none-eabi-4_9-2015q3/bin/../lib/gcc/arm-none-eabi/4.9.3/armv6-m/libgcc.a(gesf2.o)
                0x08001aa0                __gtsf2
                0x08001aa0                __gesf2
 .text          0x08001b34       0x8c /usr/local/gcc-arm-none-eabi-4_9-2015q3/bin/../lib/gcc/arm-none-eabi/4.9.3/armv6-m/libgcc.a(lesf2.o)
                0x08001b34                __lesf2
                0x08001b34                __ltsf2
 .text          0x08001bc0      0x264 /usr/local/gcc-arm-none-eabi-4_9-2015q3/bin/../lib/gcc/arm-none-eabi/4.9.3/armv6-m/libgcc.a(mulsf3.o)
                0x08001bc0                __aeabi_fmul
 .text          0x08001e24      0x2fc /usr/local/gcc-arm-none-eabi-4_9-2015q3/bin/../lib/gcc/arm-none-eabi/4.9.3/armv6-m/libgcc.a(subsf3.o)
                0x08001e24                __aeabi_fsub
 .text          0x08002120       0x40 /usr/local/gcc-arm-none-eabi-4_9-2015q3/bin/../lib/gcc/arm-none-eabi/4.9.3/armv6-m/libgcc.a(fixsfsi.o)
                0x08002120                __aeabi_f2iz
 .text          0x08002160       0x90 /usr/local/gcc-arm-none-eabi-4_9-2015q3/bin/../lib/gcc/arm-none-eabi/4.9.3/armv6-m/libgcc.a(floatunsisf.o)
                0x08002160                __aeabi_ui2f
 .text          0x080021f0      0x650 /usr/local/gcc-arm-none-eabi-4_9-2015q3/bin/../lib/gcc/arm-none-eabi/4.9.3/armv6-m/libgcc.a(adddf3.o)
                0x080021f0                __aeabi_dadd
 .text          0x08002840      0x534 /usr/local/gcc-arm-none-eabi-4_9-2015q3/bin/../lib/gcc/arm-none-eabi/4.9.3/armv6-m/libgcc.a(muldf3.o)
                0x08002840                __aeabi_dmul
 .text          0x08002d74      0x6f4 /usr/local/gcc-arm-none-eabi-4_9-2015q3/bin/../lib/gcc/arm-none-eabi/4.9.3/armv6-m/libgcc.a(subdf3.o)
                0x08002d74                __aeabi_dsub
 .text          0x08003468       0xa8 /usr/local/gcc-arm-none-eabi-4_9-2015q3/bin/../lib/gcc/arm-none-eabi/4.9.3/armv6-m/libgcc.a(extendsfdf2.o)
                0x08003468                __aeabi_f2d
 .text          0x08003510      0x120 /usr/local/gcc-arm-none-eabi-4_9-2015q3/bin/../lib/gcc/arm-none-eabi/4.9.3/armv6-m/libgcc.a(truncdfsf2.o)
                0x08003510                __aeabi_d2f
 .text          0x08003630       0x3c /usr/local/gcc-arm-none-eabi-4_9-2015q3/bin/../lib/gcc/arm-none-eabi/4.9.3/armv6-m/libgcc.a(_clzsi2.o)
                0x08003630                __clzsi2
 .text.atof     0x0800366c        0xa /usr/local/gcc-arm-none-eabi-4_9-2015q3/bin/../lib/gcc/arm-none-eabi/4.9.3/../../../../arm-none-eabi/lib/armv6-m/libg_nano.a(lib_a-atof.o)
                0x0800366c                atof
 .text.atoi     0x08003676        0xc /usr/local/gcc-arm-none-eabi-4_9-2015q3/bin/../lib/gcc/arm-none-eabi/4.9.3/../../../../arm-none-eabi/lib/armv6-m/libg_nano.a(lib_a-atoi.o)
                0x08003676                atoi
 .text.atoll    0x08003682        0xc /usr/local/gcc-arm-none-eabi-4_9-2015q3/bin/../lib/gcc/arm-none-eabi/4.9.3/../../../../arm-none-eabi/lib/armv6-m/libg_nano.a(lib_a-atoll.o)
                0x08003682                atoll
 *fill*         0x0800368e        0x2 
 .text.__errno  0x08003690        0xc /usr/local/gcc-arm-none-eabi-4_9-2015q3/bin/../lib/gcc/arm-none-eabi/4.9.3/../../../../arm-none-eabi/lib/armv6-m/libg_nano.a(lib_a-errno.o)
                0x08003690                __errno
 .text.__cvt    0x0800369c       0xc8 /usr/local/gcc-arm-none-eabi-4_9-2015q3/bin/../lib/gcc/arm-none-eabi/4.9.3/../../../../arm-none-eabi/lib/armv6-m/libg_nano.a(lib_a-nano-vfprintf_float.o)
                0x0800369c                __cvt
 .text.__exponent
                0x08003764       0x62 /usr/local/gcc-arm-none-eabi-4_9-2015q3/bin/../lib/gcc/arm-none-eabi/4.9.3/../../../../arm-none-eabi/lib/armv6-m/libg_nano.a(lib_a-nano-vfprintf_float.o)
                0x08003764                __exponent
 *fill*         0x080037c6        0x2 
 .text._printf_float
                0x080037c8      0x47c /usr/local/gcc-arm-none-eabi-4_9-2015q3/bin/../lib/gcc/arm-none-eabi/4.9.3/../../../../arm-none-eabi/lib/armv6-m/libg_nano.a(lib_a-nano-vfprintf_float.o)
                0x080037c8                _printf_float
 .text._printf_common
                0x08003c44       0xdc /usr/local/gcc-arm-none-eabi-4_9-2015q3/bin/../lib/gcc/arm-none-eabi/4.9.3/../../../../arm-none-eabi/lib/armv6-m/libg_nano.a(lib_a-nano-vfprintf_i.o)
                0x08003c44                _printf_common
 .text._printf_i
                0x08003d20      0x230 /usr/local/gcc-arm-none-eabi-4_9-2015q3/bin/../lib/gcc/arm-none-eabi/4.9.3/../../../../arm-none-eabi/lib/armv6-m/libg_nano.a(lib_a-nano-vfprintf_i.o)
                0x08003d20                _printf_i
 .text.__fpclassifyd
                0x08003f50       0x50 /usr/local/gcc-arm-none-eabi-4_9-2015q3/bin/../lib/gcc/arm-none-eabi/4.9.3/../../../../arm-none-eabi/lib/armv6-m/libg_nano.a(lib_a-s_fpclassify.o)
                0x08003f50                __fpclassifyd
 .text.snprintf
                0x08003fa0       0x68 /usr/local/gcc-arm-none-eabi-4_9-2015q3/bin/../lib/gcc/arm-none-eabi/4.9.3/../../../../arm-none-eabi/lib/armv6-m/libg_nano.a(lib_a-snprintf.o)
                0x08003fa0                snprintf
                0x08003fa0                sniprintf
 .text.strlen   0x08004008        0xe /usr/local/gcc-arm-none-eabi-4_9-2015q3/bin/../lib/gcc/arm-none-eabi/4.9.3/../../../../arm-none-eabi/lib/armv6-m/libg_nano.a(lib_a-strlen.o)
                0x08004008                strlen
 .text.match    0x08004016       0x28 /usr/local/gcc-arm-none-eabi-4_9-2015q3/bin/../lib/gcc/arm-none-eabi/4.9.3/../../../../arm-none-eabi/lib/armv6-m/libg_nano.a(lib_a-strtod.o)
 *fill*         0x0800403e        0x2 
 .text.unlikely.sulp
                0x08004040       0x2c /usr/local/gcc-arm-none-eabi-4_9-2015q3/bin/../lib/gcc/arm-none-eabi/4.9.3/../../../../arm-none-eabi/lib/armv6-m/libg_nano.a(lib_a-strtod.o)
 .text._strtod_r
                0x0800406c      0xc34 /usr/local/gcc-arm-none-eabi-4_9-2015q3/bin/../lib/gcc/arm-none-eabi/4.9.3/../../../../arm-none-eabi/lib/armv6-m/libg_nano.a(lib_a-strtod.o)
                0x0800406c                _strtod_r
 .text.strtod   0x08004ca0       0x18 /usr/local/gcc-arm-none-eabi-4_9-2015q3/bin/../lib/gcc/arm-none-eabi/4.9.3/../../../../arm-none-eabi/lib/armv6-m/libg_nano.a(lib_a-strtod.o)
                0x08004ca0                strtod
 .text._strtol_r
                0x08004cb8      0x120 /usr/local/gcc-arm-none-eabi-4_9-2015q3/bin/../lib/gcc/arm-none-eabi/4.9.3/../../../../arm-none-eabi/lib/armv6-m/libg_nano.a(lib_a-strtol.o)
                0x08004cb8                _strtol_r
 .text.strtol   0x08004dd8       0x1c /usr/local/gcc-arm-none-eabi-4_9-2015q3/bin/../lib/gcc/arm-none-eabi/4.9.3/../../../../arm-none-eabi/lib/armv6-m/libg_nano.a(lib_a-strtol.o)
                0x08004dd8                strtol
 .text.strtoll  0x08004df4       0x1c /usr/local/gcc-arm-none-eabi-4_9-2015q3/bin/../lib/gcc/arm-none-eabi/4.9.3/../../../../arm-none-eabi/lib/armv6-m/libg_nano.a(lib_a-strtoll.o)
                0x08004df4                strtoll
 .text._strtoll_r
                0x08004e10      0x184 /usr/local/gcc-arm-none-eabi-4_9-2015q3/bin/../lib/gcc/arm-none-eabi/4.9.3/../../../../arm-none-eabi/lib/armv6-m/libg_nano.a(lib_a-strtoll_r.o)
                0x08004e10                _strtoll_r
 .text.quorem   0x08004f94      0x10e /usr/local/gcc-arm-none-eabi-4_9-2015q3/bin/../lib/gcc/arm-none-eabi/4.9.3/../../../../arm-none-eabi/lib/armv6-m/libg_nano.a(lib_a-dtoa.o)
 *fill*         0x080050a2        0x2 
 .text._dtoa_r  0x080050a4      0xc00 /usr/local/gcc-arm-none-eabi-4_9-2015q3/bin/../lib/gcc/arm-none-eabi/4.9.3/../../../../arm-none-eabi/lib/armv6-m/libg_nano.a(lib_a-dtoa.o)
                0x080050a4                _dtoa_r
 .text.rshift   0x08005ca4       0x68 /usr/local/gcc-arm-none-eabi-4_9-2015q3/bin/../lib/gcc/arm-none-eabi/4.9.3/../../../../arm-none-eabi/lib/armv6-m/libg_nano.a(lib_a-gdtoa-gethex.o)
 .text.__hexdig_fun
                0x08005d0c       0x2a /usr/local/gcc-arm-none-eabi-4_9-2015q3/bin/../lib/gcc/arm-none-eabi/4.9.3/../../../../arm-none-eabi/lib/armv6-m/libg_nano.a(lib_a-gdtoa-gethex.o)
                0x08005d0c                __hexdig_fun
 .text.__gethex
                0x08005d36      0x448 /usr/local/gcc-arm-none-eabi-4_9-2015q3/bin/../lib/gcc/arm-none-eabi/4.9.3/../../../../arm-none-eabi/lib/armv6-m/libg_nano.a(lib_a-gdtoa-gethex.o)
                0x08005d36                __gethex
 .text.L_shift  0x0800617e       0x24 /usr/local/gcc-arm-none-eabi-4_9-2015q3/bin/../lib/gcc/arm-none-eabi/4.9.3/../../../../arm-none-eabi/lib/armv6-m/libg_nano.a(lib_a-gdtoa-hexnan.o)
 .text.__hexnan
                0x080061a2      0x130 /usr/local/gcc-arm-none-eabi-4_9-2015q3/bin/../lib/gcc/arm-none-eabi/4.9.3/../../../../arm-none-eabi/lib/armv6-m/libg_nano.a(lib_a-gdtoa-hexnan.o)
                0x080061a2                __hexnan
 *fill*         0x080062d2        0x2 
 .text._localeconv_r
                0x080062d4        0x8 /usr/local/gcc-arm-none-eabi-4_9-2015q3/bin/../lib/gcc/arm-none-eabi/4.9.3/../../../../arm-none-eabi/lib/armv6-m/libg_nano.a(lib_a-locale.o)
                0x080062d4                _localeconv_r
 .text.malloc   0x080062dc       0x14 /usr/local/gcc-arm-none-eabi-4_9-2015q3/bin/../lib/gcc/arm-none-eabi/4.9.3/../../../../arm-none-eabi/lib/armv6-m/libg_nano.a(lib_a-malloc.o)
                0x080062dc                malloc
 .text.memchr   0x080062f0       0x16 /usr/local/gcc-arm-none-eabi-4_9-2015q3/bin/../lib/gcc/arm-none-eabi/4.9.3/../../../../arm-none-eabi/lib/armv6-m/libg_nano.a(lib_a-memchr.o)
                0x080062f0                memchr
 .text.memcpy   0x08006306       0x12 /usr/local/gcc-arm-none-eabi-4_9-2015q3/bin/../lib/gcc/arm-none-eabi/4.9.3/../../../../arm-none-eabi/lib/armv6-m/libg_nano.a(lib_a-memcpy.o)
                0x08006306                memcpy
 .text._Balloc  0x08006318       0x70 /usr/local/gcc-arm-none-eabi-4_9-2015q3/bin/../lib/gcc/arm-none-eabi/4.9.3/../../../../arm-none-eabi/lib/armv6-m/libg_nano.a(lib_a-mprec.o)
                0x08006318                _Balloc
 .text._Bfree   0x08006388       0x32 /usr/local/gcc-arm-none-eabi-4_9-2015q3/bin/../lib/gcc/arm-none-eabi/4.9.3/../../../../arm-none-eabi/lib/armv6-m/libg_nano.a(lib_a-mprec.o)
                0x08006388                _Bfree
 .text.__multadd
                0x080063ba       0x78 /usr/local/gcc-arm-none-eabi-4_9-2015q3/bin/../lib/gcc/arm-none-eabi/4.9.3/../../../../arm-none-eabi/lib/armv6-m/libg_nano.a(lib_a-mprec.o)
                0x080063ba                __multadd
 .text.__s2b    0x08006432       0x80 /usr/local/gcc-arm-none-eabi-4_9-2015q3/bin/../lib/gcc/arm-none-eabi/4.9.3/../../../../arm-none-eabi/lib/armv6-m/libg_nano.a(lib_a-mprec.o)
                0x08006432                __s2b
 .text.__hi0bits
                0x080064b2       0x36 /usr/local/gcc-arm-none-eabi-4_9-2015q3/bin/../lib/gcc/arm-none-eabi/4.9.3/../../../../arm-none-eabi/lib/armv6-m/libg_nano.a(lib_a-mprec.o)
                0x080064b2                __hi0bits
 .text.__lo0bits
                0x080064e8       0x5e /usr/local/gcc-arm-none-eabi-4_9-2015q3/bin/../lib/gcc/arm-none-eabi/4.9.3/../../../../arm-none-eabi/lib/armv6-m/libg_nano.a(lib_a-mprec.o)
                0x080064e8                __lo0bits
 .text.__i2b    0x08006546       0x12 /usr/local/gcc-arm-none-eabi-4_9-2015q3/bin/../lib/gcc/arm-none-eabi/4.9.3/../../../../arm-none-eabi/lib/armv6-m/libg_nano.a(lib_a-mprec.o)
                0x08006546                __i2b
 .text.__multiply
                0x08006558      0x11a /usr/local/gcc-arm-none-eabi-4_9-2015q3/bin/../lib/gcc/arm-none-eabi/4.9.3/../../../../arm-none-eabi/lib/armv6-m/libg_nano.a(lib_a-mprec.o)
                0x08006558                __multiply
 *fill*         0x08006672        0x2 
 .text.__pow5mult
                0x08006674       0xa4 /usr/local/gcc-arm-none-eabi-4_9-2015q3/bin/../lib/gcc/arm-none-eabi/4.9.3/../../../../arm-none-eabi/lib/armv6-m/libg_nano.a(lib_a-mprec.o)
                0x08006674                __pow5mult
 .text.__lshift
                0x08006718       0xa4 /usr/local/gcc-arm-none-eabi-4_9-2015q3/bin/../lib/gcc/arm-none-eabi/4.9.3/../../../../arm-none-eabi/lib/armv6-m/libg_nano.a(lib_a-mprec.o)
                0x08006718                __lshift
 .text.__mcmp   0x080067bc       0x36 /usr/local/gcc-arm-none-eabi-4_9-2015q3/bin/../lib/gcc/arm-none-eabi/4.9.3/../../../../arm-none-eabi/lib/armv6-m/libg_nano.a(lib_a-mprec.o)
                0x080067bc                __mcmp
 .text.__mdiff  0x080067f2       0xd6 /usr/local/gcc-arm-none-eabi-4_9-2015q3/bin/../lib/gcc/arm-none-eabi/4.9.3/../../../../arm-none-eabi/lib/armv6-m/libg_nano.a(lib_a-mprec.o)
                0x080067f2                __mdiff
 .text.__ulp    0x080068c8       0x48 /usr/local/gcc-arm-none-eabi-4_9-2015q3/bin/../lib/gcc/arm-none-eabi/4.9.3/../../../../arm-none-eabi/lib/armv6-m/libg_nano.a(lib_a-mprec.o)
                0x080068c8                __ulp
 .text.__b2d    0x08006910       0xa4 /usr/local/gcc-arm-none-eabi-4_9-2015q3/bin/../lib/gcc/arm-none-eabi/4.9.3/../../../../arm-none-eabi/lib/armv6-m/libg_nano.a(lib_a-mprec.o)
                0x08006910                __b2d
 .text.__d2b    0x080069b4       0xa8 /usr/local/gcc-arm-none-eabi-4_9-2015q3/bin/../lib/gcc/arm-none-eabi/4.9.3/../../../../arm-none-eabi/lib/armv6-m/libg_nano.a(lib_a-mprec.o)
                0x080069b4                __d2b
 .text.__ratio  0x08006a5c       0x54 /usr/local/gcc-arm-none-eabi-4_9-2015q3/bin/../lib/gcc/arm-none-eabi/4.9.3/../../../../arm-none-eabi/lib/armv6-m/libg_nano.a(lib_a-mprec.o)
                0x08006a5c                __ratio
 .text.__copybits
                0x08006ab0       0x2c /usr/local/gcc-arm-none-eabi-4_9-2015q3/bin/../lib/gcc/arm-none-eabi/4.9.3/../../../../arm-none-eabi/lib/armv6-m/libg_nano.a(lib_a-mprec.o)
                0x08006ab0                __copybits
 .text.__any_on
                0x08006adc       0x42 /usr/local/gcc-arm-none-eabi-4_9-2015q3/bin/../lib/gcc/arm-none-eabi/4.9.3/../../../../arm-none-eabi/lib/armv6-m/libg_nano.a(lib_a-mprec.o)
                0x08006adc                __any_on
 .text._calloc_r
                0x08006b1e       0x1c /usr/local/gcc-arm-none-eabi-4_9-2015q3/bin/../lib/gcc/arm-none-eabi/4.9.3/../../../../arm-none-eabi/lib/armv6-m/libg_nano.a(lib_a-nano-callocr.o)
                0x08006b1e                _calloc_r
 *fill*         0x08006b3a        0x2 
 .text._free_r  0x08006b3c       0x8c /usr/local/gcc-arm-none-eabi-4_9-2015q3/bin/../lib/gcc/arm-none-eabi/4.9.3/../../../../arm-none-eabi/lib/armv6-m/libg_nano.a(lib_a-nano-freer.o)
                0x08006b3c                _free_r
 .text._malloc_r
                0x08006bc8       0xb0 /usr/local/gcc-arm-none-eabi-4_9-2015q3/bin/../lib/gcc/arm-none-eabi/4.9.3/../../../../arm-none-eabi/lib/armv6-m/libg_nano.a(lib_a-nano-mallocr.o)
                0x08006bc8                _malloc_r
 .text.__ssputs_r
                0x08006c78       0xc0 /usr/local/gcc-arm-none-eabi-4_9-2015q3/bin/../lib/gcc/arm-none-eabi/4.9.3/../../../../arm-none-eabi/lib/armv6-m/libg_nano.a(lib_a-nano-svfprintf.o)
                0x08006c78                __ssputs_r
 .text._svfprintf_r
                0x08006d38      0x1ec /usr/local/gcc-arm-none-eabi-4_9-2015q3/bin/../lib/gcc/arm-none-eabi/4.9.3/../../../../arm-none-eabi/lib/armv6-m/libg_nano.a(lib_a-nano-svfprintf.o)
                0x08006d38                _svfprintf_r
                0x08006d38                _svfiprintf_r
 .text._sbrk_r  0x08006f24       0x24 /usr/local/gcc-arm-none-eabi-4_9-2015q3/bin/../lib/gcc/arm-none-eabi/4.9.3/../../../../arm-none-eabi/lib/armv6-m/libg_nano.a(lib_a-sbrkr.o)
                0x08006f24                _sbrk_r
 .text.strncmp  0x08006f48       0x28 /usr/local/gcc-arm-none-eabi-4_9-2015q3/bin/../lib/gcc/arm-none-eabi/4.9.3/../../../../arm-none-eabi/lib/armv6-m/libg_nano.a(lib_a-strncmp.o)
                0x08006f48                strncmp
 .text.memmove  0x08006f70       0x28 /usr/local/gcc-arm-none-eabi-4_9-2015q3/bin/../lib/gcc/arm-none-eabi/4.9.3/../../../../arm-none-eabi/lib/armv6-m/libg_nano.a(lib_a-memmove.o)
                0x08006f70                memmove
 .text.memset   0x08006f98       0x10 /usr/local/gcc-arm-none-eabi-4_9-2015q3/bin/../lib/gcc/arm-none-eabi/4.9.3/../../../../arm-none-eabi/lib/armv6-m/libg_nano.a(lib_a-memset.o)
                0x08006f98                memset
 .text._realloc_r
                0x08006fa8       0x4c /usr/local/gcc-arm-none-eabi-4_9-2015q3/bin/../lib/gcc/arm-none-eabi/4.9.3/../../../../arm-none-eabi/lib/armv6-m/libg_nano.a(lib_a-nano-reallocr.o)
                0x08006fa8                _realloc_r
 .text._malloc_usable_size_r
                0x08006ff4       0x16 /usr/local/gcc-arm-none-eabi-4_9-2015q3/bin/../lib/gcc/arm-none-eabi/4.9.3/../../../../arm-none-eabi/lib/armv6-m/libg_nano.a(lib_a-nano-msizer.o)
                0x08006ff4                _malloc_usable_size_r
 *fill*         0x0800700a        0x2 
 .text          0x0800700c       0x14 /usr/local/gcc-arm-none-eabi-4_9-2015q3/bin/../lib/gcc/arm-none-eabi/4.9.3/armv6-m/libgcc.a(_thumb1_case_uqi.o)
                0x0800700c                __gnu_thumb1_case_uqi
 .text          0x08007020      0x1e0 /usr/local/gcc-arm-none-eabi-4_9-2015q3/bin/../lib/gcc/arm-none-eabi/4.9.3/armv6-m/libgcc.a(_divsi3.o)
                0x08007020                __aeabi_idiv
                0x08007020                __divsi3
                0x080071ec                __aeabi_idivmod
 .text          0x08007200       0x7c /usr/local/gcc-arm-none-eabi-4_9-2015q3/bin/../lib/gcc/arm-none-eabi/4.9.3/armv6-m/libgcc.a(_arm_cmpdf2.o)
                0x08007200                __aeabi_cdrcmple
                0x08007210                __aeabi_cdcmple
                0x08007210                __aeabi_cdcmpeq
                0x08007220                __aeabi_dcmpeq
                0x0800722c                __aeabi_dcmplt
                0x08007240                __aeabi_dcmple
                0x08007254                __aeabi_dcmpgt
                0x08007268                __aeabi_dcmpge
 .text          0x0800727c       0x40 /usr/local/gcc-arm-none-eabi-4_9-2015q3/bin/../lib/gcc/arm-none-eabi/4.9.3/armv6-m/libgcc.a(_aeabi_uldivmod.o)
                0x0800727c                __aeabi_uldivmod
 .text          0x080072bc       0x54 /usr/local/gcc-arm-none-eabi-4_9-2015q3/bin/../lib/gcc/arm-none-eabi/4.9.3/armv6-m/libgcc.a(_muldi3.o)
                0x080072bc                __aeabi_lmul
                0x080072bc                __muldi3
 .text          0x08007310       0x3c /usr/local/gcc-arm-none-eabi-4_9-2015q3/bin/../lib/gcc/arm-none-eabi/4.9.3/armv6-m/libgcc.a(_fixunsdfsi.o)
                0x08007310                __fixunsdfsi
                0x08007310                __aeabi_d2uiz
 .text          0x0800734c       0x6c /usr/local/gcc-arm-none-eabi-4_9-2015q3/bin/../lib/gcc/arm-none-eabi/4.9.3/armv6-m/libgcc.a(bpabi.o)
                0x0800734c                __gnu_ldivmod_helper
                0x08007384                __gnu_uldivmod_helper
 .text          0x080073b8      0x648 /usr/local/gcc-arm-none-eabi-4_9-2015q3/bin/../lib/gcc/arm-none-eabi/4.9.3/armv6-m/libgcc.a(divdf3.o)
                0x080073b8                __aeabi_ddiv
 .text          0x08007a00       0x88 /usr/local/gcc-arm-none-eabi-4_9-2015q3/bin/../lib/gcc/arm-none-eabi/4.9.3/armv6-m/libgcc.a(eqdf2.o)
                0x08007a00                __eqdf2
                0x08007a00                __nedf2
 .text          0x08007a88       0xe0 /usr/local/gcc-arm-none-eabi-4_9-2015q3/bin/../lib/gcc/arm-none-eabi/4.9.3/armv6-m/libgcc.a(gedf2.o)
                0x08007a88                __gtdf2
                0x08007a88                __gedf2
 .text          0x08007b68       0xcc /usr/local/gcc-arm-none-eabi-4_9-2015q3/bin/../lib/gcc/arm-none-eabi/4.9.3/armv6-m/libgcc.a(ledf2.o)
                0x08007b68                __ltdf2
                0x08007b68                __ledf2
 .text          0x08007c34       0x6c /usr/local/gcc-arm-none-eabi-4_9-2015q3/bin/../lib/gcc/arm-none-eabi/4.9.3/armv6-m/libgcc.a(fixdfsi.o)
                0x08007c34                __aeabi_d2iz
 .text          0x08007ca0       0x78 /usr/local/gcc-arm-none-eabi-4_9-2015q3/bin/../lib/gcc/arm-none-eabi/4.9.3/armv6-m/libgcc.a(floatsidf.o)
                0x08007ca0                __aeabi_i2d
 .text          0x08007d18       0x64 /usr/local/gcc-arm-none-eabi-4_9-2015q3/bin/../lib/gcc/arm-none-eabi/4.9.3/armv6-m/libgcc.a(floatunsidf.o)
                0x08007d18                __aeabi_ui2d
 .text          0x08007d7c      0x1f0 /usr/local/gcc-arm-none-eabi-4_9-2015q3/bin/../lib/gcc/arm-none-eabi/4.9.3/armv6-m/libgcc.a(_divdi3.o)
                0x08007d7c                __divdi3
 .text          0x08007f6c      0x158 /usr/local/gcc-arm-none-eabi-4_9-2015q3/bin/../lib/gcc/arm-none-eabi/4.9.3/armv6-m/libgcc.a(_udivdi3.o)
                0x08007f6c                __udivdi3
 .text          0x080080c4       0x18 /usr/local/gcc-arm-none-eabi-4_9-2015q3/bin/../lib/gcc/arm-none-eabi/4.9.3/armv6-m/libgcc.a(_clzdi2.o)
                0x080080c4                __clzdi2
 *(.rodata .rodata.* .constdata .constdata.*)
 .rodata.str1.4
                0x080080dc       0xbe ./src/Terminal/MainMenu.o
 *fill*         0x0800819a        0x2 
 .rodata.Terminal_ExtractParameters
                0x0800819c       0xc0 ./src/Terminal/Terminal.o
 .rodata.str1.4
                0x0800825c      0x114 ./src/Terminal/Terminal.o
                                0x112 (size before relaxing)
 .rodata        0x08008370       0x80 /usr/local/gcc-arm-none-eabi-4_9-2015q3/bin/../lib/gcc/arm-none-eabi/4.9.3/armv6-m/libgcc.a(divsf3.o)
 .rodata        0x080083f0       0x40 /usr/local/gcc-arm-none-eabi-4_9-2015q3/bin/../lib/gcc/arm-none-eabi/4.9.3/armv6-m/libgcc.a(mulsf3.o)
 .rodata        0x08008430       0x40 /usr/local/gcc-arm-none-eabi-4_9-2015q3/bin/../lib/gcc/arm-none-eabi/4.9.3/armv6-m/libgcc.a(muldf3.o)
 .rodata.str1.1
                0x08008470        0x2 /usr/local/gcc-arm-none-eabi-4_9-2015q3/bin/../lib/gcc/arm-none-eabi/4.9.3/../../../../arm-none-eabi/lib/armv6-m/libg_nano.a(lib_a-impure.o)
 .rodata.str1.1
                0x08008472       0x12 /usr/local/gcc-arm-none-eabi-4_9-2015q3/bin/../lib/gcc/arm-none-eabi/4.9.3/../../../../arm-none-eabi/lib/armv6-m/libg_nano.a(lib_a-nano-vfprintf_float.o)
 .rodata.str1.1
                0x08008484       0x22 /usr/local/gcc-arm-none-eabi-4_9-2015q3/bin/../lib/gcc/arm-none-eabi/4.9.3/../../../../arm-none-eabi/lib/armv6-m/libg_nano.a(lib_a-nano-vfprintf_i.o)
 .rodata.str1.1
                0x00000000       0x22 /usr/local/gcc-arm-none-eabi-4_9-2015q3/bin/../lib/gcc/arm-none-eabi/4.9.3/../../../../arm-none-eabi/lib/armv6-m/libg_nano.a(lib_a-strtod.o)
                                  0xc (size before relaxing)
 *fill*         0x080084a6        0x2 
 .rodata.fpinan.5315
                0x080084a8       0x14 /usr/local/gcc-arm-none-eabi-4_9-2015q3/bin/../lib/gcc/arm-none-eabi/4.9.3/../../../../arm-none-eabi/lib/armv6-m/libg_nano.a(lib_a-strtod.o)
 *fill*         0x080084bc        0x4 
 .rodata.tinytens
                0x080084c0       0x28 /usr/local/gcc-arm-none-eabi-4_9-2015q3/bin/../lib/gcc/arm-none-eabi/4.9.3/../../../../arm-none-eabi/lib/armv6-m/libg_nano.a(lib_a-strtod.o)
 .rodata.fpi.5279
                0x080084e8       0x14 /usr/local/gcc-arm-none-eabi-4_9-2015q3/bin/../lib/gcc/arm-none-eabi/4.9.3/../../../../arm-none-eabi/lib/armv6-m/libg_nano.a(lib_a-strtod.o)
 .rodata._ctype_
                0x080084fc      0x101 /usr/local/gcc-arm-none-eabi-4_9-2015q3/bin/../lib/gcc/arm-none-eabi/4.9.3/../../../../arm-none-eabi/lib/armv6-m/libg_nano.a(lib_a-ctype_.o)
                0x080084fc                _ctype_
 .rodata.str1.1
                0x080085fd        0xd /usr/local/gcc-arm-none-eabi-4_9-2015q3/bin/../lib/gcc/arm-none-eabi/4.9.3/../../../../arm-none-eabi/lib/armv6-m/libg_nano.a(lib_a-dtoa.o)
                                  0xf (size before relaxing)
 .rodata.str1.1
                0x0800860a        0x8 /usr/local/gcc-arm-none-eabi-4_9-2015q3/bin/../lib/gcc/arm-none-eabi/4.9.3/../../../../arm-none-eabi/lib/armv6-m/libg_nano.a(lib_a-locale.o)
                                  0xb (size before relaxing)
 *fill*         0x08008612        0x6 
 .rodata.__mprec_tens
                0x08008618       0xc8 /usr/local/gcc-arm-none-eabi-4_9-2015q3/bin/../lib/gcc/arm-none-eabi/4.9.3/../../../../arm-none-eabi/lib/armv6-m/libg_nano.a(lib_a-mprec.o)
                0x08008618                __mprec_tens
 .rodata.__mprec_bigtens
                0x080086e0       0x28 /usr/local/gcc-arm-none-eabi-4_9-2015q3/bin/../lib/gcc/arm-none-eabi/4.9.3/../../../../arm-none-eabi/lib/armv6-m/libg_nano.a(lib_a-mprec.o)
                0x080086e0                __mprec_bigtens
 .rodata.p05.5314
                0x08008708        0xc /usr/local/gcc-arm-none-eabi-4_9-2015q3/bin/../lib/gcc/arm-none-eabi/4.9.3/../../../../arm-none-eabi/lib/armv6-m/libg_nano.a(lib_a-mprec.o)
 .rodata.str1.1
                0x08008714       0x11 /usr/local/gcc-arm-none-eabi-4_9-2015q3/bin/../lib/gcc/arm-none-eabi/4.9.3/../../../../arm-none-eabi/lib/armv6-m/libg_nano.a(lib_a-nano-svfprintf.o)
 *fill*         0x08008725        0x3 
 .rodata        0x08008728       0x40 /usr/local/gcc-arm-none-eabi-4_9-2015q3/bin/../lib/gcc/arm-none-eabi/4.9.3/armv6-m/libgcc.a(divdf3.o)
 *(vtable)
 *(.eh_frame*)
 .eh_frame      0x08008768        0x0 /usr/local/gcc-arm-none-eabi-4_9-2015q3/bin/../lib/gcc/arm-none-eabi/4.9.3/../../../../arm-none-eabi/lib/armv6-m/libg_nano.a(lib_a-strcmp.o)
                                 0x28 (size before relaxing)
 *(.glue_7)
 .glue_7        0x00000000        0x0 linker stubs
 *(.glue_7t)
 .glue_7t       0x00000000        0x0 linker stubs

.vfp11_veneer   0x08008768        0x0
 .vfp11_veneer  0x00000000        0x0 linker stubs

.v4_bx          0x08008768        0x0
 .v4_bx         0x00000000        0x0 linker stubs

.iplt           0x08008768        0x0
 .iplt          0x00000000        0x0 ./system/src/stm32f0-stdperiph/stm32f0xx_gpio.o

.ARM.extab
 *(.ARM.extab* .gnu.linkonce.armextab.*)
                0x08008768                . = ALIGN (0x4)
                0x08008768                __exidx_start = .

.ARM.exidx      0x08008768        0x8
 *(.ARM.exidx* .gnu.linkonce.armexidx.*)
 .ARM.exidx     0x08008768        0x8 /usr/local/gcc-arm-none-eabi-4_9-2015q3/bin/../lib/gcc/arm-none-eabi/4.9.3/armv6-m/libgcc.a(_divdi3.o)
 .ARM.exidx     0x08008770        0x0 /usr/local/gcc-arm-none-eabi-4_9-2015q3/bin/../lib/gcc/arm-none-eabi/4.9.3/armv6-m/libgcc.a(_udivdi3.o)
                                  0x8 (size before relaxing)
                0x08008770                __exidx_end = .

.rel.dyn        0x08008770        0x0
 .rel.iplt      0x00000000        0x0 ./system/src/stm32f0-stdperiph/stm32f0xx_gpio.o
                0x08008770                . = ALIGN (0x4)
                0x08008770                _etext = .
                0x08008770                __etext = .

.data_CCMRAM    0x00000000        0x0 load address 0x08008770
 FILL mask 0xff
 *(.data.CCMRAM .data.CCMRAM.*)
                0x00000000                . = ALIGN (0x4)
                0x08008770                _sidata = LOADADDR (.data)

.data           0x20000000      0x128 load address 0x08008770
 FILL mask 0xff
                0x20000000                _sdata = .
                0x20000000                __data_start__ = .
 *(.data_begin .data_begin.*)
 .data_begin    0x20000000        0x4 ./system/src/newlib/_startup.o
 *(.data .data.*)
 .data.argv.4161
                0x20000004        0x8 ./system/src/newlib/_syscalls.o
 .data.AHBPrescTable
                0x2000000c       0x10 ./system/src/cmsis/system_stm32f0xx.o
                0x2000000c                AHBPrescTable
 .data.SystemCoreClock
                0x2000001c        0x4 ./system/src/cmsis/system_stm32f0xx.o
                0x2000001c                SystemCoreClock
 .data.UpdateMessages
                0x20000020        0x8 ./src/Terminal/MainMenu.o
 .data.DisableOven
                0x20000028        0x4 ./src/Terminal/MainMenu.o
 .data.DefaultMenu
                0x2000002c       0x10 ./src/Terminal/MainMenu.o
                0x2000002c                DefaultMenu
 .data.ActiveMenuPointer
                0x2000003c        0x4 ./src/Terminal/Terminal.o
                0x2000003c                ActiveMenuPointer
 .data.ProcessUpdateRate
                0x20000040        0x8 ./src/Terminal/Terminal.o
 .data.ReadBufferPointer
                0x20000048        0x4 ./src/Terminal/Terminal.o
                0x20000048                ReadBufferPointer
 .data.ConvertionConstant
                0x2000004c        0x4 ./src/MCU/temperature.o
 .data.SerialPort2
                0x20000050       0x20 ./src/MCU/usart2.o
                0x20000050                SerialPort2
 .data.HeaterPID
                0x20000070       0x14 ./src/OvenControl.o
                0x20000070                HeaterPID
 .data.impure_data
                0x20000084       0x60 /usr/local/gcc-arm-none-eabi-4_9-2015q3/bin/../lib/gcc/arm-none-eabi/4.9.3/../../../../arm-none-eabi/lib/armv6-m/libg_nano.a(lib_a-impure.o)
 .data._impure_ptr
                0x200000e4        0x4 /usr/local/gcc-arm-none-eabi-4_9-2015q3/bin/../lib/gcc/arm-none-eabi/4.9.3/../../../../arm-none-eabi/lib/armv6-m/libg_nano.a(lib_a-impure.o)
                0x200000e4                _impure_ptr
 .data.__ctype_ptr__
                0x200000e8        0x4 /usr/local/gcc-arm-none-eabi-4_9-2015q3/bin/../lib/gcc/arm-none-eabi/4.9.3/../../../../arm-none-eabi/lib/armv6-m/libg_nano.a(lib_a-ctype_.o)
                0x200000e8                __ctype_ptr__
 .data.lconv    0x200000ec       0x38 /usr/local/gcc-arm-none-eabi-4_9-2015q3/bin/../lib/gcc/arm-none-eabi/4.9.3/../../../../arm-none-eabi/lib/armv6-m/libg_nano.a(lib_a-locale.o)
 *(.data_end .data_end.*)
 .data_end      0x20000124        0x4 ./system/src/newlib/_startup.o
                0x20000128                . = ALIGN (0x4)
                0x20000128                _edata = .
                0x20000128                __data_end__ = .

.igot.plt       0x20000128        0x0 load address 0x08008898
 .igot.plt      0x00000000        0x0 ./system/src/stm32f0-stdperiph/stm32f0xx_gpio.o

.bss_CCMRAM     0x00000000        0x0
 *(.bss.CCMRAM .bss.CCMRAM.*)

.bss            0x20000128      0x13c
                0x20000128                __bss_start__ = .
                0x20000128                _sbss = .
 *(.bss_begin .bss_begin.*)
 .bss_begin     0x20000128        0x4 ./system/src/newlib/_startup.o
 *(.bss .bss.*)
 .bss.current_heap_end.3862
                0x2000012c        0x4 ./system/src/newlib/_sbrk.o
 .bss.name.4160
                0x20000130        0x1 ./system/src/newlib/_syscalls.o
 *fill*         0x20000131        0x3 
 .bss.MotorPWM  0x20000134        0x4 ./src/Terminal/MainMenu.o
 .bss.COMPort   0x20000138        0x4 ./src/Terminal/Terminal.o
 .bss.ResetCounter
                0x2000013c        0x4 ./src/Terminal/Terminal.o
 .bss.ReadBufferLength
                0x20000140        0x4 ./src/Terminal/Terminal.o
                0x20000140                ReadBufferLength
 *fill*         0x20000144        0x4 
 .bss.TerminalSystem
                0x20000148       0xa8 ./src/Terminal/Terminal.o
 .bss.FilterTemperatureRaw
                0x200001f0        0x4 ./src/MCU/temperature.o
 .bss.ADCSelfCalibrationFactor
                0x200001f4        0x4 ./src/MCU/temperature.o
 .bss.TickCounter
                0x200001f8        0x4 ./src/MCU/tick.o
 .bss.IsOpenFlag
                0x200001fc        0x4 ./src/MCU/usart2.o
 .bss.Buffer    0x20000200       0x1e ./src/FIFO.o
 *fill*         0x2000021e        0x2 
 .bss.BufferCurrentSize
                0x20000220        0x4 ./src/FIFO.o
 .bss.WritePosition
                0x20000224        0x4 ./src/FIFO.o
 .bss.ReadPosition
                0x20000228        0x4 ./src/FIFO.o
 .bss.PWMOutput
                0x2000022c        0x4 ./src/OvenControl.o
 .bss.TargetTemperature
                0x20000230        0x4 ./src/OvenControl.o
 .bss.__malloc_sbrk_start
                0x20000234        0x4 /usr/local/gcc-arm-none-eabi-4_9-2015q3/bin/../lib/gcc/arm-none-eabi/4.9.3/../../../../arm-none-eabi/lib/armv6-m/libg_nano.a(lib_a-nano-mallocr.o)
                0x20000234                __malloc_sbrk_start
 .bss.__malloc_free_list
                0x20000238        0x4 /usr/local/gcc-arm-none-eabi-4_9-2015q3/bin/../lib/gcc/arm-none-eabi/4.9.3/../../../../arm-none-eabi/lib/armv6-m/libg_nano.a(lib_a-nano-mallocr.o)
                0x20000238                __malloc_free_list
 *(COMMON)
 COMMON         0x2000023c        0x4 ./system/src/newlib/_syscalls.o
                0x2000023c                errno
 COMMON         0x20000240       0x1e ./src/Terminal/Terminal.o
                0x20000240                ReadBuffer
 *(.bss_end .bss_end.*)
 *fill*         0x2000025e        0x2 
 .bss_end       0x20000260        0x4 ./system/src/newlib/_startup.o
                0x20000264                . = ALIGN (0x4)
                0x20000264                __bss_end__ = .
                0x20000264                _ebss = .

.noinit_CCMRAM
 *(.noinit.CCMRAM .noinit.CCMRAM.*)

.noinit         0x20000264        0x0
                0x20000264                _noinit = .
 *(.noinit .noinit.*)
                0x20000264                . = ALIGN (0x4)
                0x20000264                _end_noinit = .
                0x20000264                PROVIDE (end, _end_noinit)
                0x20000264                PROVIDE (_end, _end_noinit)
                0x20000264                PROVIDE (__end, _end_noinit)
                0x20000264                PROVIDE (__end__, _end_noinit)

._check_stack   0x20000264      0x100
                0x20000364                . = (. + _Minimum_Stack_Size)
 *fill*         0x20000264      0x100 

.b1text
 *(.b1text)
 *(.b1rodata)
 *(.b1rodata.*)

.eb0text
 *(.eb0text)
 *(.eb0rodata)
 *(.eb0rodata.*)

.eb1text
 *(.eb1text)
 *(.eb1rodata)
 *(.eb1rodata.*)

.eb2text
 *(.eb2text)
 *(.eb2rodata)
 *(.eb2rodata.*)

.eb3text
 *(.eb3text)
 *(.eb3rodata)
 *(.eb3rodata.*)

.stab
 *(.stab)

.stabstr
 *(.stabstr)

.stab.excl
 *(.stab.excl)

.stab.exclstr
 *(.stab.exclstr)

.stab.index
 *(.stab.index)

.stab.indexstr
 *(.stab.indexstr)

.comment        0x00000000       0x70
 *(.comment)
 .comment       0x00000000       0x70 ./system/src/newlib/_exit.o
                                 0x71 (size before relaxing)
 .comment       0x00000000       0x71 ./system/src/newlib/_sbrk.o
 .comment       0x00000000       0x71 ./system/src/newlib/_startup.o
 .comment       0x00000000       0x71 ./system/src/newlib/_syscalls.o
 .comment       0x00000000       0x71 ./system/src/cortexm/_initialize_hardware.o
 .comment       0x00000000       0x71 ./system/src/cortexm/exception_handlers.o
 .comment       0x00000000       0x71 ./system/src/cmsis/system_stm32f0xx.o
 .comment       0x00000000       0x71 ./system/src/cmsis/vectors_stm32f0xx.o
 .comment       0x00000000       0x71 ./src/Terminal/MainMenu.o
 .comment       0x00000000       0x71 ./src/Terminal/Terminal.o
 .comment       0x00000000       0x71 ./src/MCU/led.o
 .comment       0x00000000       0x71 ./src/MCU/pwm.o
 .comment       0x00000000       0x71 ./src/MCU/temperature.o
 .comment       0x00000000       0x71 ./src/MCU/tick.o
 .comment       0x00000000       0x71 ./src/MCU/usart2.o
 .comment       0x00000000       0x71 ./src/FIFO.o
 .comment       0x00000000       0x71 ./src/OvenControl.o
 .comment       0x00000000       0x71 ./src/main.o
 .comment       0x00000000       0x71 ./src/pid.o

.ARM.attributes
                0x00000000       0x2f
 .ARM.attributes
                0x00000000       0x31 ./system/src/newlib/_exit.o
 .ARM.attributes
                0x00000031       0x31 ./system/src/newlib/_sbrk.o
 .ARM.attributes
                0x00000062       0x31 ./system/src/newlib/_startup.o
 .ARM.attributes
                0x00000093       0x31 ./system/src/newlib/_syscalls.o
 .ARM.attributes
                0x000000c4       0x31 ./system/src/cortexm/_initialize_hardware.o
 .ARM.attributes
                0x000000f5       0x31 ./system/src/cortexm/exception_handlers.o
 .ARM.attributes
                0x00000126       0x31 ./system/src/cmsis/system_stm32f0xx.o
 .ARM.attributes
                0x00000157       0x31 ./system/src/cmsis/vectors_stm32f0xx.o
 .ARM.attributes
                0x00000188       0x31 ./src/Terminal/MainMenu.o
 .ARM.attributes
                0x000001b9       0x31 ./src/Terminal/Terminal.o
 .ARM.attributes
                0x000001ea       0x31 ./src/MCU/led.o
 .ARM.attributes
                0x0000021b       0x31 ./src/MCU/pwm.o
 .ARM.attributes
                0x0000024c       0x31 ./src/MCU/temperature.o
 .ARM.attributes
                0x0000027d       0x31 ./src/MCU/tick.o
 .ARM.attributes
                0x000002ae       0x31 ./src/MCU/usart2.o
 .ARM.attributes
                0x000002df       0x31 ./src/FIFO.o
 .ARM.attributes
                0x00000310       0x31 ./src/OvenControl.o
 .ARM.attributes
                0x00000341       0x31 ./src/main.o
 .ARM.attributes
                0x00000372       0x31 ./src/pid.o
 .ARM.attributes
                0x000003a3       0x1e /usr/local/gcc-arm-none-eabi-4_9-2015q3/bin/../lib/gcc/arm-none-eabi/4.9.3/armv6-m/libgcc.a(_udivsi3.o)
 .ARM.attributes
                0x000003c1       0x1e /usr/local/gcc-arm-none-eabi-4_9-2015q3/bin/../lib/gcc/arm-none-eabi/4.9.3/armv6-m/libgcc.a(_dvmd_tls.o)
 .ARM.attributes
                0x000003df       0x1e /usr/local/gcc-arm-none-eabi-4_9-2015q3/bin/../lib/gcc/arm-none-eabi/4.9.3/armv6-m/libgcc.a(_arm_cmpsf2.o)
 .ARM.attributes
                0x000003fd       0x2c /usr/local/gcc-arm-none-eabi-4_9-2015q3/bin/../lib/gcc/arm-none-eabi/4.9.3/armv6-m/libgcc.a(_fixunssfsi.o)
 .ARM.attributes
                0x00000429       0x2c /usr/local/gcc-arm-none-eabi-4_9-2015q3/bin/../lib/gcc/arm-none-eabi/4.9.3/armv6-m/libgcc.a(addsf3.o)
 .ARM.attributes
                0x00000455       0x2c /usr/local/gcc-arm-none-eabi-4_9-2015q3/bin/../lib/gcc/arm-none-eabi/4.9.3/armv6-m/libgcc.a(divsf3.o)
 .ARM.attributes
                0x00000481       0x2c /usr/local/gcc-arm-none-eabi-4_9-2015q3/bin/../lib/gcc/arm-none-eabi/4.9.3/armv6-m/libgcc.a(eqsf2.o)
 .ARM.attributes
                0x000004ad       0x2c /usr/local/gcc-arm-none-eabi-4_9-2015q3/bin/../lib/gcc/arm-none-eabi/4.9.3/armv6-m/libgcc.a(gesf2.o)
 .ARM.attributes
                0x000004d9       0x2c /usr/local/gcc-arm-none-eabi-4_9-2015q3/bin/../lib/gcc/arm-none-eabi/4.9.3/armv6-m/libgcc.a(lesf2.o)
 .ARM.attributes
                0x00000505       0x2c /usr/local/gcc-arm-none-eabi-4_9-2015q3/bin/../lib/gcc/arm-none-eabi/4.9.3/armv6-m/libgcc.a(mulsf3.o)
 .ARM.attributes
                0x00000531       0x2c /usr/local/gcc-arm-none-eabi-4_9-2015q3/bin/../lib/gcc/arm-none-eabi/4.9.3/armv6-m/libgcc.a(subsf3.o)
 .ARM.attributes
                0x0000055d       0x2c /usr/local/gcc-arm-none-eabi-4_9-2015q3/bin/../lib/gcc/arm-none-eabi/4.9.3/armv6-m/libgcc.a(fixsfsi.o)
 .ARM.attributes
                0x00000589       0x2c /usr/local/gcc-arm-none-eabi-4_9-2015q3/bin/../lib/gcc/arm-none-eabi/4.9.3/armv6-m/libgcc.a(floatunsisf.o)
 .ARM.attributes
                0x000005b5       0x2c /usr/local/gcc-arm-none-eabi-4_9-2015q3/bin/../lib/gcc/arm-none-eabi/4.9.3/armv6-m/libgcc.a(adddf3.o)
 .ARM.attributes
                0x000005e1       0x2c /usr/local/gcc-arm-none-eabi-4_9-2015q3/bin/../lib/gcc/arm-none-eabi/4.9.3/armv6-m/libgcc.a(muldf3.o)
 .ARM.attributes
                0x0000060d       0x2c /usr/local/gcc-arm-none-eabi-4_9-2015q3/bin/../lib/gcc/arm-none-eabi/4.9.3/armv6-m/libgcc.a(subdf3.o)
 .ARM.attributes
                0x00000639       0x2c /usr/local/gcc-arm-none-eabi-4_9-2015q3/bin/../lib/gcc/arm-none-eabi/4.9.3/armv6-m/libgcc.a(extendsfdf2.o)
 .ARM.attributes
                0x00000665       0x2c /usr/local/gcc-arm-none-eabi-4_9-2015q3/bin/../lib/gcc/arm-none-eabi/4.9.3/armv6-m/libgcc.a(truncdfsf2.o)
 .ARM.attributes
                0x00000691       0x1e /usr/local/gcc-arm-none-eabi-4_9-2015q3/bin/../lib/gcc/arm-none-eabi/4.9.3/armv6-m/libgcc.a(_clzsi2.o)
 .ARM.attributes
                0x000006af       0x2c /usr/local/gcc-arm-none-eabi-4_9-2015q3/bin/../lib/gcc/arm-none-eabi/4.9.3/../../../../arm-none-eabi/lib/armv6-m/libg_nano.a(lib_a-atof.o)
 .ARM.attributes
                0x000006db       0x2c /usr/local/gcc-arm-none-eabi-4_9-2015q3/bin/../lib/gcc/arm-none-eabi/4.9.3/../../../../arm-none-eabi/lib/armv6-m/libg_nano.a(lib_a-atoi.o)
 .ARM.attributes
                0x00000707       0x2c /usr/local/gcc-arm-none-eabi-4_9-2015q3/bin/../lib/gcc/arm-none-eabi/4.9.3/../../../../arm-none-eabi/lib/armv6-m/libg_nano.a(lib_a-atoll.o)
 .ARM.attributes
                0x00000733       0x2c /usr/local/gcc-arm-none-eabi-4_9-2015q3/bin/../lib/gcc/arm-none-eabi/4.9.3/../../../../arm-none-eabi/lib/armv6-m/libg_nano.a(lib_a-errno.o)
 .ARM.attributes
                0x0000075f       0x2c /usr/local/gcc-arm-none-eabi-4_9-2015q3/bin/../lib/gcc/arm-none-eabi/4.9.3/../../../../arm-none-eabi/lib/armv6-m/libg_nano.a(lib_a-impure.o)
 .ARM.attributes
                0x0000078b       0x2c /usr/local/gcc-arm-none-eabi-4_9-2015q3/bin/../lib/gcc/arm-none-eabi/4.9.3/../../../../arm-none-eabi/lib/armv6-m/libg_nano.a(lib_a-nano-vfprintf_float.o)
 .ARM.attributes
                0x000007b7       0x2c /usr/local/gcc-arm-none-eabi-4_9-2015q3/bin/../lib/gcc/arm-none-eabi/4.9.3/../../../../arm-none-eabi/lib/armv6-m/libg_nano.a(lib_a-nano-vfprintf_i.o)
 .ARM.attributes
                0x000007e3       0x2c /usr/local/gcc-arm-none-eabi-4_9-2015q3/bin/../lib/gcc/arm-none-eabi/4.9.3/../../../../arm-none-eabi/lib/armv6-m/libg_nano.a(lib_a-s_fpclassify.o)
 .ARM.attributes
                0x0000080f       0x2c /usr/local/gcc-arm-none-eabi-4_9-2015q3/bin/../lib/gcc/arm-none-eabi/4.9.3/../../../../arm-none-eabi/lib/armv6-m/libg_nano.a(lib_a-snprintf.o)
 .ARM.attributes
                0x0000083b       0x2c /usr/local/gcc-arm-none-eabi-4_9-2015q3/bin/../lib/gcc/arm-none-eabi/4.9.3/../../../../arm-none-eabi/lib/armv6-m/libg_nano.a(lib_a-strlen.o)
 .ARM.attributes
                0x00000867       0x2c /usr/local/gcc-arm-none-eabi-4_9-2015q3/bin/../lib/gcc/arm-none-eabi/4.9.3/../../../../arm-none-eabi/lib/armv6-m/libg_nano.a(lib_a-strtod.o)
 .ARM.attributes
                0x00000893       0x2c /usr/local/gcc-arm-none-eabi-4_9-2015q3/bin/../lib/gcc/arm-none-eabi/4.9.3/../../../../arm-none-eabi/lib/armv6-m/libg_nano.a(lib_a-strtol.o)
 .ARM.attributes
                0x000008bf       0x2c /usr/local/gcc-arm-none-eabi-4_9-2015q3/bin/../lib/gcc/arm-none-eabi/4.9.3/../../../../arm-none-eabi/lib/armv6-m/libg_nano.a(lib_a-strtoll.o)
 .ARM.attributes
                0x000008eb       0x2c /usr/local/gcc-arm-none-eabi-4_9-2015q3/bin/../lib/gcc/arm-none-eabi/4.9.3/../../../../arm-none-eabi/lib/armv6-m/libg_nano.a(lib_a-strtoll_r.o)
 .ARM.attributes
                0x00000917       0x2c /usr/local/gcc-arm-none-eabi-4_9-2015q3/bin/../lib/gcc/arm-none-eabi/4.9.3/../../../../arm-none-eabi/lib/armv6-m/libg_nano.a(lib_a-ctype_.o)
 .ARM.attributes
                0x00000943       0x2c /usr/local/gcc-arm-none-eabi-4_9-2015q3/bin/../lib/gcc/arm-none-eabi/4.9.3/../../../../arm-none-eabi/lib/armv6-m/libg_nano.a(lib_a-dtoa.o)
 .ARM.attributes
                0x0000096f       0x2c /usr/local/gcc-arm-none-eabi-4_9-2015q3/bin/../lib/gcc/arm-none-eabi/4.9.3/../../../../arm-none-eabi/lib/armv6-m/libg_nano.a(lib_a-gdtoa-gethex.o)
 .ARM.attributes
                0x0000099b       0x2c /usr/local/gcc-arm-none-eabi-4_9-2015q3/bin/../lib/gcc/arm-none-eabi/4.9.3/../../../../arm-none-eabi/lib/armv6-m/libg_nano.a(lib_a-gdtoa-hexnan.o)
 .ARM.attributes
                0x000009c7       0x2c /usr/local/gcc-arm-none-eabi-4_9-2015q3/bin/../lib/gcc/arm-none-eabi/4.9.3/../../../../arm-none-eabi/lib/armv6-m/libg_nano.a(lib_a-locale.o)
 .ARM.attributes
                0x000009f3       0x2c /usr/local/gcc-arm-none-eabi-4_9-2015q3/bin/../lib/gcc/arm-none-eabi/4.9.3/../../../../arm-none-eabi/lib/armv6-m/libg_nano.a(lib_a-malloc.o)
 .ARM.attributes
                0x00000a1f       0x2c /usr/local/gcc-arm-none-eabi-4_9-2015q3/bin/../lib/gcc/arm-none-eabi/4.9.3/../../../../arm-none-eabi/lib/armv6-m/libg_nano.a(lib_a-memchr.o)
 .ARM.attributes
                0x00000a4b       0x2c /usr/local/gcc-arm-none-eabi-4_9-2015q3/bin/../lib/gcc/arm-none-eabi/4.9.3/../../../../arm-none-eabi/lib/armv6-m/libg_nano.a(lib_a-memcpy.o)
 .ARM.attributes
                0x00000a77       0x2c /usr/local/gcc-arm-none-eabi-4_9-2015q3/bin/../lib/gcc/arm-none-eabi/4.9.3/../../../../arm-none-eabi/lib/armv6-m/libg_nano.a(lib_a-mprec.o)
 .ARM.attributes
                0x00000aa3       0x2c /usr/local/gcc-arm-none-eabi-4_9-2015q3/bin/../lib/gcc/arm-none-eabi/4.9.3/../../../../arm-none-eabi/lib/armv6-m/libg_nano.a(lib_a-nano-callocr.o)
 .ARM.attributes
                0x00000acf       0x2c /usr/local/gcc-arm-none-eabi-4_9-2015q3/bin/../lib/gcc/arm-none-eabi/4.9.3/../../../../arm-none-eabi/lib/armv6-m/libg_nano.a(lib_a-nano-freer.o)
 .ARM.attributes
                0x00000afb       0x2c /usr/local/gcc-arm-none-eabi-4_9-2015q3/bin/../lib/gcc/arm-none-eabi/4.9.3/../../../../arm-none-eabi/lib/armv6-m/libg_nano.a(lib_a-nano-mallocr.o)
 .ARM.attributes
                0x00000b27       0x2c /usr/local/gcc-arm-none-eabi-4_9-2015q3/bin/../lib/gcc/arm-none-eabi/4.9.3/../../../../arm-none-eabi/lib/armv6-m/libg_nano.a(lib_a-nano-svfprintf.o)
 .ARM.attributes
                0x00000b53       0x2c /usr/local/gcc-arm-none-eabi-4_9-2015q3/bin/../lib/gcc/arm-none-eabi/4.9.3/../../../../arm-none-eabi/lib/armv6-m/libg_nano.a(lib_a-sbrkr.o)
 .ARM.attributes
                0x00000b7f       0x1c /usr/local/gcc-arm-none-eabi-4_9-2015q3/bin/../lib/gcc/arm-none-eabi/4.9.3/../../../../arm-none-eabi/lib/armv6-m/libg_nano.a(lib_a-strcmp.o)
 .ARM.attributes
                0x00000b9b       0x2c /usr/local/gcc-arm-none-eabi-4_9-2015q3/bin/../lib/gcc/arm-none-eabi/4.9.3/../../../../arm-none-eabi/lib/armv6-m/libg_nano.a(lib_a-strncmp.o)
 .ARM.attributes
                0x00000bc7       0x2c /usr/local/gcc-arm-none-eabi-4_9-2015q3/bin/../lib/gcc/arm-none-eabi/4.9.3/../../../../arm-none-eabi/lib/armv6-m/libg_nano.a(lib_a-memmove.o)
 .ARM.attributes
                0x00000bf3       0x2c /usr/local/gcc-arm-none-eabi-4_9-2015q3/bin/../lib/gcc/arm-none-eabi/4.9.3/../../../../arm-none-eabi/lib/armv6-m/libg_nano.a(lib_a-memset.o)
 .ARM.attributes
                0x00000c1f       0x2c /usr/local/gcc-arm-none-eabi-4_9-2015q3/bin/../lib/gcc/arm-none-eabi/4.9.3/../../../../arm-none-eabi/lib/armv6-m/libg_nano.a(lib_a-nano-reallocr.o)
 .ARM.attributes
                0x00000c4b       0x2c /usr/local/gcc-arm-none-eabi-4_9-2015q3/bin/../lib/gcc/arm-none-eabi/4.9.3/../../../../arm-none-eabi/lib/armv6-m/libg_nano.a(lib_a-nano-msizer.o)
 .ARM.attributes
                0x00000c77       0x1e /usr/local/gcc-arm-none-eabi-4_9-2015q3/bin/../lib/gcc/arm-none-eabi/4.9.3/armv6-m/libgcc.a(_thumb1_case_uqi.o)
 .ARM.attributes
                0x00000c95       0x1e /usr/local/gcc-arm-none-eabi-4_9-2015q3/bin/../lib/gcc/arm-none-eabi/4.9.3/armv6-m/libgcc.a(_divsi3.o)
 .ARM.attributes
                0x00000cb3       0x1e /usr/local/gcc-arm-none-eabi-4_9-2015q3/bin/../lib/gcc/arm-none-eabi/4.9.3/armv6-m/libgcc.a(_arm_cmpdf2.o)
 .ARM.attributes
                0x00000cd1       0x1e /usr/local/gcc-arm-none-eabi-4_9-2015q3/bin/../lib/gcc/arm-none-eabi/4.9.3/armv6-m/libgcc.a(_aeabi_uldivmod.o)
 .ARM.attributes
                0x00000cef       0x2c /usr/local/gcc-arm-none-eabi-4_9-2015q3/bin/../lib/gcc/arm-none-eabi/4.9.3/armv6-m/libgcc.a(_muldi3.o)
 .ARM.attributes
                0x00000d1b       0x2c /usr/local/gcc-arm-none-eabi-4_9-2015q3/bin/../lib/gcc/arm-none-eabi/4.9.3/armv6-m/libgcc.a(_fixunsdfsi.o)
 .ARM.attributes
                0x00000d47       0x2c /usr/local/gcc-arm-none-eabi-4_9-2015q3/bin/../lib/gcc/arm-none-eabi/4.9.3/armv6-m/libgcc.a(bpabi.o)
 .ARM.attributes
                0x00000d73       0x2c /usr/local/gcc-arm-none-eabi-4_9-2015q3/bin/../lib/gcc/arm-none-eabi/4.9.3/armv6-m/libgcc.a(divdf3.o)
 .ARM.attributes
                0x00000d9f       0x2c /usr/local/gcc-arm-none-eabi-4_9-2015q3/bin/../lib/gcc/arm-none-eabi/4.9.3/armv6-m/libgcc.a(eqdf2.o)
 .ARM.attributes
                0x00000dcb       0x2c /usr/local/gcc-arm-none-eabi-4_9-2015q3/bin/../lib/gcc/arm-none-eabi/4.9.3/armv6-m/libgcc.a(gedf2.o)
 .ARM.attributes
                0x00000df7       0x2c /usr/local/gcc-arm-none-eabi-4_9-2015q3/bin/../lib/gcc/arm-none-eabi/4.9.3/armv6-m/libgcc.a(ledf2.o)
 .ARM.attributes
                0x00000e23       0x2c /usr/local/gcc-arm-none-eabi-4_9-2015q3/bin/../lib/gcc/arm-none-eabi/4.9.3/armv6-m/libgcc.a(fixdfsi.o)
 .ARM.attributes
                0x00000e4f       0x2c /usr/local/gcc-arm-none-eabi-4_9-2015q3/bin/../lib/gcc/arm-none-eabi/4.9.3/armv6-m/libgcc.a(floatsidf.o)
 .ARM.attributes
                0x00000e7b       0x2c /usr/local/gcc-arm-none-eabi-4_9-2015q3/bin/../lib/gcc/arm-none-eabi/4.9.3/armv6-m/libgcc.a(floatunsidf.o)
 .ARM.attributes
                0x00000ea7       0x2c /usr/local/gcc-arm-none-eabi-4_9-2015q3/bin/../lib/gcc/arm-none-eabi/4.9.3/armv6-m/libgcc.a(_divdi3.o)
 .ARM.attributes
                0x00000ed3       0x2c /usr/local/gcc-arm-none-eabi-4_9-2015q3/bin/../lib/gcc/arm-none-eabi/4.9.3/armv6-m/libgcc.a(_udivdi3.o)
 .ARM.attributes
                0x00000eff       0x1e /usr/local/gcc-arm-none-eabi-4_9-2015q3/bin/../lib/gcc/arm-none-eabi/4.9.3/armv6-m/libgcc.a(_clzdi2.o)

.debug
 *(.debug)

.line
 *(.line)

.debug_srcinfo
 *(.debug_srcinfo)

.debug_sfnames
 *(.debug_sfnames)

.debug_aranges  0x00000000      0x3f8
 *(.debug_aranges)
 .debug_aranges
                0x00000000       0x28 ./system/src/newlib/_exit.o
 .debug_aranges
                0x00000028       0x20 ./system/src/newlib/_sbrk.o
 .debug_aranges
                0x00000048       0x40 ./system/src/newlib/_startup.o
 .debug_aranges
                0x00000088       0x30 ./system/src/newlib/_syscalls.o
 .debug_aranges
                0x000000b8       0x28 ./system/src/cortexm/_initialize_hardware.o
 .debug_aranges
                0x000000e0       0x50 ./system/src/cortexm/exception_handlers.o
 .debug_aranges
                0x00000130       0x30 ./system/src/cmsis/system_stm32f0xx.o
 .debug_aranges
                0x00000160       0x20 ./system/src/cmsis/vectors_stm32f0xx.o
 .debug_aranges
                0x00000180       0x30 ./src/Terminal/MainMenu.o
 .debug_aranges
                0x000001b0       0x58 ./src/Terminal/Terminal.o
 .debug_aranges
                0x00000208       0x38 ./src/MCU/led.o
 .debug_aranges
                0x00000240       0x28 ./src/MCU/pwm.o
 .debug_aranges
                0x00000268       0x28 ./src/MCU/temperature.o
 .debug_aranges
                0x00000290       0x40 ./src/MCU/tick.o
 .debug_aranges
                0x000002d0       0x70 ./src/MCU/usart2.o
 .debug_aranges
                0x00000340       0x38 ./src/FIFO.o
 .debug_aranges
                0x00000378       0x30 ./src/OvenControl.o
 .debug_aranges
                0x000003a8       0x28 ./src/main.o
 .debug_aranges
                0x000003d0       0x28 ./src/pid.o

.debug_pubnames
 *(.debug_pubnames)

.debug_info     0x00000000     0x4656
 *(.debug_info .gnu.linkonce.wi.*)
 .debug_info    0x00000000       0xee ./system/src/newlib/_exit.o
 .debug_info    0x000000ee      0x125 ./system/src/newlib/_sbrk.o
 .debug_info    0x00000213      0x474 ./system/src/newlib/_startup.o
 .debug_info    0x00000687      0x1bc ./system/src/newlib/_syscalls.o
 .debug_info    0x00000843       0xc3 ./system/src/cortexm/_initialize_hardware.o
 .debug_info    0x00000906      0x1c0 ./system/src/cortexm/exception_handlers.o
 .debug_info    0x00000ac6      0x2e8 ./system/src/cmsis/system_stm32f0xx.o
 .debug_info    0x00000dae       0xd1 ./system/src/cmsis/vectors_stm32f0xx.o
 .debug_info    0x00000e7f      0x62f ./src/Terminal/MainMenu.o
 .debug_info    0x000014ae      0xb6c ./src/Terminal/Terminal.o
 .debug_info    0x0000201a      0x2c8 ./src/MCU/led.o
 .debug_info    0x000022e2      0x551 ./src/MCU/pwm.o
 .debug_info    0x00002833      0x406 ./src/MCU/temperature.o
 .debug_info    0x00002c39      0x50d ./src/MCU/tick.o
 .debug_info    0x00003146      0xa72 ./src/MCU/usart2.o
 .debug_info    0x00003bb8      0x1b1 ./src/FIFO.o
 .debug_info    0x00003d69      0x2f6 ./src/OvenControl.o
 .debug_info    0x0000405f      0x44d ./src/main.o
 .debug_info    0x000044ac      0x1aa ./src/pid.o

.debug_abbrev   0x00000000     0x18f1
 *(.debug_abbrev)
 .debug_abbrev  0x00000000       0xb7 ./system/src/newlib/_exit.o
 .debug_abbrev  0x000000b7       0xbb ./system/src/newlib/_sbrk.o
 .debug_abbrev  0x00000172      0x1e9 ./system/src/newlib/_startup.o
 .debug_abbrev  0x0000035b       0xee ./system/src/newlib/_syscalls.o
 .debug_abbrev  0x00000449       0x63 ./system/src/cortexm/_initialize_hardware.o
 .debug_abbrev  0x000004ac       0xfd ./system/src/cortexm/exception_handlers.o
 .debug_abbrev  0x000005a9      0x146 ./system/src/cmsis/system_stm32f0xx.o
 .debug_abbrev  0x000006ef       0x9d ./system/src/cmsis/vectors_stm32f0xx.o
 .debug_abbrev  0x0000078c      0x1dd ./src/Terminal/MainMenu.o
 .debug_abbrev  0x00000969      0x2d8 ./src/Terminal/Terminal.o
 .debug_abbrev  0x00000c41       0xe0 ./src/MCU/led.o
 .debug_abbrev  0x00000d21      0x11d ./src/MCU/pwm.o
 .debug_abbrev  0x00000e3e      0x11a ./src/MCU/temperature.o
 .debug_abbrev  0x00000f58      0x22c ./src/MCU/tick.o
 .debug_abbrev  0x00001184      0x31a ./src/MCU/usart2.o
 .debug_abbrev  0x0000149e       0xd2 ./src/FIFO.o
 .debug_abbrev  0x00001570      0x163 ./src/OvenControl.o
 .debug_abbrev  0x000016d3      0x146 ./src/main.o
 .debug_abbrev  0x00001819       0xd8 ./src/pid.o

.debug_line     0x00000000     0x5c64
 *(.debug_line)
 .debug_line    0x00000000      0x289 ./system/src/newlib/_exit.o
 .debug_line    0x00000289      0x237 ./system/src/newlib/_sbrk.o
 .debug_line    0x000004c0      0x2f6 ./system/src/newlib/_startup.o
 .debug_line    0x000007b6      0x356 ./system/src/newlib/_syscalls.o
 .debug_line    0x00000b0c      0x371 ./system/src/cortexm/_initialize_hardware.o
 .debug_line    0x00000e7d      0x5b1 ./system/src/cortexm/exception_handlers.o
 .debug_line    0x0000142e      0x3af ./system/src/cmsis/system_stm32f0xx.o
 .debug_line    0x000017dd       0xf7 ./system/src/cmsis/vectors_stm32f0xx.o
 .debug_line    0x000018d4      0x648 ./src/Terminal/MainMenu.o
 .debug_line    0x00001f1c      0x771 ./src/Terminal/Terminal.o
 .debug_line    0x0000268d      0x5cf ./src/MCU/led.o
 .debug_line    0x00002c5c      0x5ca ./src/MCU/pwm.o
 .debug_line    0x00003226      0x5d4 ./src/MCU/temperature.o
 .debug_line    0x000037fa      0x602 ./src/MCU/tick.o
 .debug_line    0x00003dfc      0x6db ./src/MCU/usart2.o
 .debug_line    0x000044d7      0x5f6 ./src/FIFO.o
 .debug_line    0x00004acd      0x5db ./src/OvenControl.o
 .debug_line    0x000050a8      0x60f ./src/main.o
 .debug_line    0x000056b7      0x5ad ./src/pid.o

.debug_frame    0x00000000     0x16bc
 *(.debug_frame)
 .debug_frame   0x00000000       0x38 ./system/src/newlib/_exit.o
 .debug_frame   0x00000038       0x28 ./system/src/newlib/_sbrk.o
 .debug_frame   0x00000060       0x80 ./system/src/newlib/_startup.o
 .debug_frame   0x000000e0       0x50 ./system/src/newlib/_syscalls.o
 .debug_frame   0x00000130       0x40 ./system/src/cortexm/_initialize_hardware.o
 .debug_frame   0x00000170       0x88 ./system/src/cortexm/exception_handlers.o
 .debug_frame   0x000001f8       0x54 ./system/src/cmsis/system_stm32f0xx.o
 .debug_frame   0x0000024c       0x20 ./system/src/cmsis/vectors_stm32f0xx.o
 .debug_frame   0x0000026c       0x5c ./src/Terminal/MainMenu.o
 .debug_frame   0x000002c8       0xdc ./src/Terminal/Terminal.o
 .debug_frame   0x000003a4       0x60 ./src/MCU/led.o
 .debug_frame   0x00000404       0x4c ./src/MCU/pwm.o
 .debug_frame   0x00000450       0x4c ./src/MCU/temperature.o
 .debug_frame   0x0000049c       0x70 ./src/MCU/tick.o
 .debug_frame   0x0000050c      0x10c ./src/MCU/usart2.o
 .debug_frame   0x00000618       0x60 ./src/FIFO.o
 .debug_frame   0x00000678       0x58 ./src/OvenControl.o
 .debug_frame   0x000006d0       0x40 ./src/main.o
 .debug_frame   0x00000710       0x40 ./src/pid.o
 .debug_frame   0x00000750       0x20 /usr/local/gcc-arm-none-eabi-4_9-2015q3/bin/../lib/gcc/arm-none-eabi/4.9.3/armv6-m/libgcc.a(_udivsi3.o)
 .debug_frame   0x00000770       0x28 /usr/local/gcc-arm-none-eabi-4_9-2015q3/bin/../lib/gcc/arm-none-eabi/4.9.3/armv6-m/libgcc.a(_fixunssfsi.o)
 .debug_frame   0x00000798       0x30 /usr/local/gcc-arm-none-eabi-4_9-2015q3/bin/../lib/gcc/arm-none-eabi/4.9.3/armv6-m/libgcc.a(addsf3.o)
 .debug_frame   0x000007c8       0x3c /usr/local/gcc-arm-none-eabi-4_9-2015q3/bin/../lib/gcc/arm-none-eabi/4.9.3/armv6-m/libgcc.a(divsf3.o)
 .debug_frame   0x00000804       0x2c /usr/local/gcc-arm-none-eabi-4_9-2015q3/bin/../lib/gcc/arm-none-eabi/4.9.3/armv6-m/libgcc.a(eqsf2.o)
 .debug_frame   0x00000830       0x30 /usr/local/gcc-arm-none-eabi-4_9-2015q3/bin/../lib/gcc/arm-none-eabi/4.9.3/armv6-m/libgcc.a(gesf2.o)
 .debug_frame   0x00000860       0x30 /usr/local/gcc-arm-none-eabi-4_9-2015q3/bin/../lib/gcc/arm-none-eabi/4.9.3/armv6-m/libgcc.a(lesf2.o)
 .debug_frame   0x00000890       0x3c /usr/local/gcc-arm-none-eabi-4_9-2015q3/bin/../lib/gcc/arm-none-eabi/4.9.3/armv6-m/libgcc.a(mulsf3.o)
 .debug_frame   0x000008cc       0x30 /usr/local/gcc-arm-none-eabi-4_9-2015q3/bin/../lib/gcc/arm-none-eabi/4.9.3/armv6-m/libgcc.a(subsf3.o)
 .debug_frame   0x000008fc       0x20 /usr/local/gcc-arm-none-eabi-4_9-2015q3/bin/../lib/gcc/arm-none-eabi/4.9.3/armv6-m/libgcc.a(fixsfsi.o)
 .debug_frame   0x0000091c       0x28 /usr/local/gcc-arm-none-eabi-4_9-2015q3/bin/../lib/gcc/arm-none-eabi/4.9.3/armv6-m/libgcc.a(floatunsisf.o)
 .debug_frame   0x00000944       0x38 /usr/local/gcc-arm-none-eabi-4_9-2015q3/bin/../lib/gcc/arm-none-eabi/4.9.3/armv6-m/libgcc.a(adddf3.o)
 .debug_frame   0x0000097c       0x3c /usr/local/gcc-arm-none-eabi-4_9-2015q3/bin/../lib/gcc/arm-none-eabi/4.9.3/armv6-m/libgcc.a(muldf3.o)
 .debug_frame   0x000009b8       0x3c /usr/local/gcc-arm-none-eabi-4_9-2015q3/bin/../lib/gcc/arm-none-eabi/4.9.3/armv6-m/libgcc.a(subdf3.o)
 .debug_frame   0x000009f4       0x2c /usr/local/gcc-arm-none-eabi-4_9-2015q3/bin/../lib/gcc/arm-none-eabi/4.9.3/armv6-m/libgcc.a(extendsfdf2.o)
 .debug_frame   0x00000a20       0x2c /usr/local/gcc-arm-none-eabi-4_9-2015q3/bin/../lib/gcc/arm-none-eabi/4.9.3/armv6-m/libgcc.a(truncdfsf2.o)
 .debug_frame   0x00000a4c       0x28 /usr/local/gcc-arm-none-eabi-4_9-2015q3/bin/../lib/gcc/arm-none-eabi/4.9.3/../../../../arm-none-eabi/lib/armv6-m/libg_nano.a(lib_a-atof.o)
 .debug_frame   0x00000a74       0x40 /usr/local/gcc-arm-none-eabi-4_9-2015q3/bin/../lib/gcc/arm-none-eabi/4.9.3/../../../../arm-none-eabi/lib/armv6-m/libg_nano.a(lib_a-atoi.o)
 .debug_frame   0x00000ab4       0x40 /usr/local/gcc-arm-none-eabi-4_9-2015q3/bin/../lib/gcc/arm-none-eabi/4.9.3/../../../../arm-none-eabi/lib/armv6-m/libg_nano.a(lib_a-atoll.o)
 .debug_frame   0x00000af4       0x20 /usr/local/gcc-arm-none-eabi-4_9-2015q3/bin/../lib/gcc/arm-none-eabi/4.9.3/../../../../arm-none-eabi/lib/armv6-m/libg_nano.a(lib_a-errno.o)
 .debug_frame   0x00000b14       0x74 /usr/local/gcc-arm-none-eabi-4_9-2015q3/bin/../lib/gcc/arm-none-eabi/4.9.3/../../../../arm-none-eabi/lib/armv6-m/libg_nano.a(lib_a-nano-vfprintf_float.o)
 .debug_frame   0x00000b88       0x54 /usr/local/gcc-arm-none-eabi-4_9-2015q3/bin/../lib/gcc/arm-none-eabi/4.9.3/../../../../arm-none-eabi/lib/armv6-m/libg_nano.a(lib_a-nano-vfprintf_i.o)
 .debug_frame   0x00000bdc       0x2c /usr/local/gcc-arm-none-eabi-4_9-2015q3/bin/../lib/gcc/arm-none-eabi/4.9.3/../../../../arm-none-eabi/lib/armv6-m/libg_nano.a(lib_a-s_fpclassify.o)
 .debug_frame   0x00000c08       0x54 /usr/local/gcc-arm-none-eabi-4_9-2015q3/bin/../lib/gcc/arm-none-eabi/4.9.3/../../../../arm-none-eabi/lib/armv6-m/libg_nano.a(lib_a-snprintf.o)
 .debug_frame   0x00000c5c       0x20 /usr/local/gcc-arm-none-eabi-4_9-2015q3/bin/../lib/gcc/arm-none-eabi/4.9.3/../../../../arm-none-eabi/lib/armv6-m/libg_nano.a(lib_a-strlen.o)
 .debug_frame   0x00000c7c       0xa0 /usr/local/gcc-arm-none-eabi-4_9-2015q3/bin/../lib/gcc/arm-none-eabi/4.9.3/../../../../arm-none-eabi/lib/armv6-m/libg_nano.a(lib_a-strtod.o)
 .debug_frame   0x00000d1c       0x4c /usr/local/gcc-arm-none-eabi-4_9-2015q3/bin/../lib/gcc/arm-none-eabi/4.9.3/../../../../arm-none-eabi/lib/armv6-m/libg_nano.a(lib_a-strtol.o)
 .debug_frame   0x00000d68       0x2c /usr/local/gcc-arm-none-eabi-4_9-2015q3/bin/../lib/gcc/arm-none-eabi/4.9.3/../../../../arm-none-eabi/lib/armv6-m/libg_nano.a(lib_a-strtoll.o)
 .debug_frame   0x00000d94       0x30 /usr/local/gcc-arm-none-eabi-4_9-2015q3/bin/../lib/gcc/arm-none-eabi/4.9.3/../../../../arm-none-eabi/lib/armv6-m/libg_nano.a(lib_a-strtoll_r.o)
 .debug_frame   0x00000dc4       0x54 /usr/local/gcc-arm-none-eabi-4_9-2015q3/bin/../lib/gcc/arm-none-eabi/4.9.3/../../../../arm-none-eabi/lib/armv6-m/libg_nano.a(lib_a-dtoa.o)
 .debug_frame   0x00000e18       0x60 /usr/local/gcc-arm-none-eabi-4_9-2015q3/bin/../lib/gcc/arm-none-eabi/4.9.3/../../../../arm-none-eabi/lib/armv6-m/libg_nano.a(lib_a-gdtoa-gethex.o)
 .debug_frame   0x00000e78       0x4c /usr/local/gcc-arm-none-eabi-4_9-2015q3/bin/../lib/gcc/arm-none-eabi/4.9.3/../../../../arm-none-eabi/lib/armv6-m/libg_nano.a(lib_a-gdtoa-hexnan.o)
 .debug_frame   0x00000ec4       0xa4 /usr/local/gcc-arm-none-eabi-4_9-2015q3/bin/../lib/gcc/arm-none-eabi/4.9.3/../../../../arm-none-eabi/lib/armv6-m/libg_nano.a(lib_a-locale.o)
 .debug_frame   0x00000f68       0x40 /usr/local/gcc-arm-none-eabi-4_9-2015q3/bin/../lib/gcc/arm-none-eabi/4.9.3/../../../../arm-none-eabi/lib/armv6-m/libg_nano.a(lib_a-malloc.o)
 .debug_frame   0x00000fa8       0x20 /usr/local/gcc-arm-none-eabi-4_9-2015q3/bin/../lib/gcc/arm-none-eabi/4.9.3/../../../../arm-none-eabi/lib/armv6-m/libg_nano.a(lib_a-memchr.o)
 .debug_frame   0x00000fc8       0x28 /usr/local/gcc-arm-none-eabi-4_9-2015q3/bin/../lib/gcc/arm-none-eabi/4.9.3/../../../../arm-none-eabi/lib/armv6-m/libg_nano.a(lib_a-memcpy.o)
 .debug_frame   0x00000ff0      0x238 /usr/local/gcc-arm-none-eabi-4_9-2015q3/bin/../lib/gcc/arm-none-eabi/4.9.3/../../../../arm-none-eabi/lib/armv6-m/libg_nano.a(lib_a-mprec.o)
 .debug_frame   0x00001228       0x2c /usr/local/gcc-arm-none-eabi-4_9-2015q3/bin/../lib/gcc/arm-none-eabi/4.9.3/../../../../arm-none-eabi/lib/armv6-m/libg_nano.a(lib_a-nano-callocr.o)
 .debug_frame   0x00001254       0x2c /usr/local/gcc-arm-none-eabi-4_9-2015q3/bin/../lib/gcc/arm-none-eabi/4.9.3/../../../../arm-none-eabi/lib/armv6-m/libg_nano.a(lib_a-nano-freer.o)
 .debug_frame   0x00001280       0x2c /usr/local/gcc-arm-none-eabi-4_9-2015q3/bin/../lib/gcc/arm-none-eabi/4.9.3/../../../../arm-none-eabi/lib/armv6-m/libg_nano.a(lib_a-nano-mallocr.o)
 .debug_frame   0x000012ac       0x74 /usr/local/gcc-arm-none-eabi-4_9-2015q3/bin/../lib/gcc/arm-none-eabi/4.9.3/../../../../arm-none-eabi/lib/armv6-m/libg_nano.a(lib_a-nano-svfprintf.o)
 .debug_frame   0x00001320       0x2c /usr/local/gcc-arm-none-eabi-4_9-2015q3/bin/../lib/gcc/arm-none-eabi/4.9.3/../../../../arm-none-eabi/lib/armv6-m/libg_nano.a(lib_a-sbrkr.o)
 .debug_frame   0x0000134c       0x2c /usr/local/gcc-arm-none-eabi-4_9-2015q3/bin/../lib/gcc/arm-none-eabi/4.9.3/../../../../arm-none-eabi/lib/armv6-m/libg_nano.a(lib_a-strncmp.o)
 .debug_frame   0x00001378       0x28 /usr/local/gcc-arm-none-eabi-4_9-2015q3/bin/../lib/gcc/arm-none-eabi/4.9.3/../../../../arm-none-eabi/lib/armv6-m/libg_nano.a(lib_a-memmove.o)
 .debug_frame   0x000013a0       0x20 /usr/local/gcc-arm-none-eabi-4_9-2015q3/bin/../lib/gcc/arm-none-eabi/4.9.3/../../../../arm-none-eabi/lib/armv6-m/libg_nano.a(lib_a-memset.o)
 .debug_frame   0x000013c0       0x30 /usr/local/gcc-arm-none-eabi-4_9-2015q3/bin/../lib/gcc/arm-none-eabi/4.9.3/../../../../arm-none-eabi/lib/armv6-m/libg_nano.a(lib_a-nano-reallocr.o)
 .debug_frame   0x000013f0       0x20 /usr/local/gcc-arm-none-eabi-4_9-2015q3/bin/../lib/gcc/arm-none-eabi/4.9.3/../../../../arm-none-eabi/lib/armv6-m/libg_nano.a(lib_a-nano-msizer.o)
 .debug_frame   0x00001410       0x20 /usr/local/gcc-arm-none-eabi-4_9-2015q3/bin/../lib/gcc/arm-none-eabi/4.9.3/armv6-m/libgcc.a(_divsi3.o)
 .debug_frame   0x00001430       0x34 /usr/local/gcc-arm-none-eabi-4_9-2015q3/bin/../lib/gcc/arm-none-eabi/4.9.3/armv6-m/libgcc.a(_muldi3.o)
 .debug_frame   0x00001464       0x2c /usr/local/gcc-arm-none-eabi-4_9-2015q3/bin/../lib/gcc/arm-none-eabi/4.9.3/armv6-m/libgcc.a(_fixunsdfsi.o)
 .debug_frame   0x00001490       0x50 /usr/local/gcc-arm-none-eabi-4_9-2015q3/bin/../lib/gcc/arm-none-eabi/4.9.3/armv6-m/libgcc.a(bpabi.o)
 .debug_frame   0x000014e0       0x3c /usr/local/gcc-arm-none-eabi-4_9-2015q3/bin/../lib/gcc/arm-none-eabi/4.9.3/armv6-m/libgcc.a(divdf3.o)
 .debug_frame   0x0000151c       0x38 /usr/local/gcc-arm-none-eabi-4_9-2015q3/bin/../lib/gcc/arm-none-eabi/4.9.3/armv6-m/libgcc.a(eqdf2.o)
 .debug_frame   0x00001554       0x38 /usr/local/gcc-arm-none-eabi-4_9-2015q3/bin/../lib/gcc/arm-none-eabi/4.9.3/armv6-m/libgcc.a(gedf2.o)
 .debug_frame   0x0000158c       0x38 /usr/local/gcc-arm-none-eabi-4_9-2015q3/bin/../lib/gcc/arm-none-eabi/4.9.3/armv6-m/libgcc.a(ledf2.o)
 .debug_frame   0x000015c4       0x2c /usr/local/gcc-arm-none-eabi-4_9-2015q3/bin/../lib/gcc/arm-none-eabi/4.9.3/armv6-m/libgcc.a(fixdfsi.o)
 .debug_frame   0x000015f0       0x2c /usr/local/gcc-arm-none-eabi-4_9-2015q3/bin/../lib/gcc/arm-none-eabi/4.9.3/armv6-m/libgcc.a(floatsidf.o)
 .debug_frame   0x0000161c       0x28 /usr/local/gcc-arm-none-eabi-4_9-2015q3/bin/../lib/gcc/arm-none-eabi/4.9.3/armv6-m/libgcc.a(floatunsidf.o)
 .debug_frame   0x00001644       0x3c /usr/local/gcc-arm-none-eabi-4_9-2015q3/bin/../lib/gcc/arm-none-eabi/4.9.3/armv6-m/libgcc.a(_divdi3.o)
 .debug_frame   0x00001680       0x3c /usr/local/gcc-arm-none-eabi-4_9-2015q3/bin/../lib/gcc/arm-none-eabi/4.9.3/armv6-m/libgcc.a(_udivdi3.o)

.debug_str      0x00000000    0x45f37
 *(.debug_str)
 .debug_str     0x00000000     0x5d57 ./system/src/newlib/_exit.o
                               0x5ec1 (size before relaxing)
 .debug_str     0x00005d57      0x4de ./system/src/newlib/_sbrk.o
                               0x52d2 (size before relaxing)
 .debug_str     0x00006235      0xbc5 ./system/src/newlib/_startup.o
                               0x4eaa (size before relaxing)
 .debug_str     0x00006dfa     0x11be ./system/src/newlib/_syscalls.o
                               0x64d2 (size before relaxing)
 .debug_str     0x00007fb8    0x3c48a ./system/src/cortexm/_initialize_hardware.o
                              0x3f33f (size before relaxing)
 .debug_str     0x00044442      0x15f ./system/src/cortexm/exception_handlers.o
                              0x42d8f (size before relaxing)
 .debug_str     0x000445a1      0x107 ./system/src/cmsis/system_stm32f0xx.o
                              0x3f3ed (size before relaxing)
 .debug_str     0x000446a8       0x56 ./system/src/cmsis/vectors_stm32f0xx.o
                               0x2f1f (size before relaxing)
 .debug_str     0x000446fe      0xc2f ./src/Terminal/MainMenu.o
                              0x42a13 (size before relaxing)
 .debug_str     0x0004532d      0x36a ./src/Terminal/Terminal.o
                              0x42c47 (size before relaxing)
 .debug_str     0x00045697       0x7e ./src/MCU/led.o
                              0x427be (size before relaxing)
 .debug_str     0x00045715      0x129 ./src/MCU/pwm.o
                              0x42900 (size before relaxing)
 .debug_str     0x0004583e       0xf9 ./src/MCU/temperature.o
                              0x4289c (size before relaxing)
 .debug_str     0x00045937      0x296 ./src/MCU/tick.o
                              0x42a0f (size before relaxing)
 .debug_str     0x00045bcd      0x174 ./src/MCU/usart2.o
                              0x42bb4 (size before relaxing)
 .debug_str     0x00045d41       0x7b ./src/FIFO.o
                              0x427a0 (size before relaxing)
 .debug_str     0x00045dbc       0xdf ./src/OvenControl.o
                              0x42852 (size before relaxing)
 .debug_str     0x00045e9b       0x1c ./src/main.o
                              0x4290d (size before relaxing)
 .debug_str     0x00045eb7       0x80 ./src/pid.o
                              0x42773 (size before relaxing)

.debug_loc      0x00000000     0x1040
 *(.debug_loc)
 .debug_loc     0x00000000       0x7b ./system/src/newlib/_sbrk.o
 .debug_loc     0x0000007b      0x265 ./system/src/newlib/_startup.o
 .debug_loc     0x000002e0       0x63 ./system/src/newlib/_syscalls.o
 .debug_loc     0x00000343       0xe2 ./system/src/cmsis/system_stm32f0xx.o
 .debug_loc     0x00000425       0x9d ./src/Terminal/MainMenu.o
 .debug_loc     0x000004c2      0x2e3 ./src/Terminal/Terminal.o
 .debug_loc     0x000007a5      0x16b ./src/MCU/pwm.o
 .debug_loc     0x00000910       0xe7 ./src/MCU/temperature.o
 .debug_loc     0x000009f7      0x13a ./src/MCU/tick.o
 .debug_loc     0x00000b31      0x21f ./src/MCU/usart2.o
 .debug_loc     0x00000d50      0x134 ./src/FIFO.o
 .debug_loc     0x00000e84       0xc9 ./src/OvenControl.o
 .debug_loc     0x00000f4d       0xf3 ./src/pid.o

.debug_macinfo
 *(.debug_macinfo)

.debug_weaknames
 *(.debug_weaknames)

.debug_funcnames
 *(.debug_funcnames)

.debug_typenames
 *(.debug_typenames)

.debug_varnames
 *(.debug_varnames)
OUTPUT(Reflow-O-Matic_v0.elf elf32-littlearm)

.debug_ranges   0x00000000      0x2e0
 .debug_ranges  0x00000000       0x18 ./system/src/newlib/_exit.o
 .debug_ranges  0x00000018       0x10 ./system/src/newlib/_sbrk.o
 .debug_ranges  0x00000028       0x48 ./system/src/newlib/_startup.o
 .debug_ranges  0x00000070       0x20 ./system/src/newlib/_syscalls.o
 .debug_ranges  0x00000090       0x18 ./system/src/cortexm/_initialize_hardware.o
 .debug_ranges  0x000000a8       0x40 ./system/src/cortexm/exception_handlers.o
 .debug_ranges  0x000000e8       0x20 ./system/src/cmsis/system_stm32f0xx.o
 .debug_ranges  0x00000108       0x10 ./system/src/cmsis/vectors_stm32f0xx.o
 .debug_ranges  0x00000118       0x20 ./src/Terminal/MainMenu.o
 .debug_ranges  0x00000138       0x48 ./src/Terminal/Terminal.o
 .debug_ranges  0x00000180       0x28 ./src/MCU/led.o
 .debug_ranges  0x000001a8       0x18 ./src/MCU/pwm.o
 .debug_ranges  0x000001c0       0x18 ./src/MCU/temperature.o
 .debug_ranges  0x000001d8       0x30 ./src/MCU/tick.o
 .debug_ranges  0x00000208       0x60 ./src/MCU/usart2.o
 .debug_ranges  0x00000268       0x28 ./src/FIFO.o
 .debug_ranges  0x00000290       0x20 ./src/OvenControl.o
 .debug_ranges  0x000002b0       0x18 ./src/main.o
 .debug_ranges  0x000002c8       0x18 ./src/pid.o

.debug_macro    0x00000000     0x3f59
 .debug_macro   0x00000000      0x131 ./system/src/newlib/_exit.o
 .debug_macro   0x00000131       0x9c ./system/src/newlib/_exit.o
 .debug_macro   0x000001cd      0x10e ./system/src/newlib/_exit.o
 .debug_macro   0x000002db       0x86 ./system/src/newlib/_exit.o
 .debug_macro   0x00000361       0x43 ./system/src/newlib/_exit.o
 .debug_macro   0x000003a4      0x27a ./system/src/newlib/_exit.o
 .debug_macro   0x0000061e       0x35 ./system/src/newlib/_exit.o
 .debug_macro   0x00000653       0xed ./system/src/newlib/_sbrk.o
 .debug_macro   0x00000740      0x16d ./system/src/newlib/_sbrk.o
 .debug_macro   0x000008ad       0x10 ./system/src/newlib/_sbrk.o
 .debug_macro   0x000008bd      0x23b ./system/src/newlib/_sbrk.o
 .debug_macro   0x00000af8       0xf7 ./system/src/newlib/_startup.o
 .debug_macro   0x00000bef      0x1ad ./system/src/newlib/_syscalls.o
 .debug_macro   0x00000d9c       0x1c ./system/src/newlib/_syscalls.o
 .debug_macro   0x00000db8       0x10 ./system/src/newlib/_syscalls.o
 .debug_macro   0x00000dc8       0x10 ./system/src/newlib/_syscalls.o
 .debug_macro   0x00000dd8       0x10 ./system/src/newlib/_syscalls.o
 .debug_macro   0x00000de8       0x10 ./system/src/newlib/_syscalls.o
 .debug_macro   0x00000df8       0x35 ./system/src/newlib/_syscalls.o
 .debug_macro   0x00000e2d      0x122 ./system/src/newlib/_syscalls.o
 .debug_macro   0x00000f4f       0x2e ./system/src/newlib/_syscalls.o
 .debug_macro   0x00000f7d       0x82 ./system/src/newlib/_syscalls.o
 .debug_macro   0x00000fff       0x2b ./system/src/newlib/_syscalls.o
 .debug_macro   0x0000102a      0x118 ./system/src/newlib/_syscalls.o
 .debug_macro   0x00001142      0x159 ./system/src/newlib/_syscalls.o
 .debug_macro   0x0000129b       0x16 ./system/src/newlib/_syscalls.o
 .debug_macro   0x000012b1      0x165 ./system/src/cortexm/_initialize_hardware.o
 .debug_macro   0x00001416      0x28e ./system/src/cortexm/exception_handlers.o
 .debug_macro   0x000016a4       0x3b ./system/src/cortexm/exception_handlers.o
 .debug_macro   0x000016df       0x22 ./system/src/cortexm/exception_handlers.o
 .debug_macro   0x00001701       0x10 ./system/src/cortexm/exception_handlers.o
 .debug_macro   0x00001711       0xc8 ./system/src/cortexm/exception_handlers.o
 .debug_macro   0x000017d9       0x19 ./system/src/cortexm/exception_handlers.o
 .debug_macro   0x000017f2       0xbe ./system/src/cortexm/exception_handlers.o
 .debug_macro   0x000018b0       0x10 ./system/src/cortexm/exception_handlers.o
 .debug_macro   0x000018c0      0x15b ./system/src/cmsis/system_stm32f0xx.o
 .debug_macro   0x00001a1b       0x34 ./system/src/cmsis/vectors_stm32f0xx.o
 .debug_macro   0x00001a4f      0x305 ./src/Terminal/MainMenu.o
 .debug_macro   0x00001d54       0x16 ./src/Terminal/MainMenu.o
 .debug_macro   0x00001d6a       0x97 ./src/Terminal/MainMenu.o
 .debug_macro   0x00001e01       0xf6 ./src/Terminal/MainMenu.o
 .debug_macro   0x00001ef7       0x10 ./src/Terminal/MainMenu.o
 .debug_macro   0x00001f07       0x16 ./src/Terminal/MainMenu.o
 .debug_macro   0x00001f1d      0x197 ./src/Terminal/MainMenu.o
 .debug_macro   0x000020b4       0x28 ./src/Terminal/MainMenu.o
 .debug_macro   0x000020dc       0x16 ./src/Terminal/MainMenu.o
 .debug_macro   0x000020f2      0x325 ./src/Terminal/Terminal.o
 .debug_macro   0x00002417       0x1c ./src/Terminal/Terminal.o
 .debug_macro   0x00002433      0x300 ./src/MCU/led.o
 .debug_macro   0x00002733      0x300 ./src/MCU/pwm.o
 .debug_macro   0x00002a33      0x2fc ./src/MCU/temperature.o
 .debug_macro   0x00002d2f      0x300 ./src/MCU/tick.o
 .debug_macro   0x0000302f      0x310 ./src/MCU/usart2.o
 .debug_macro   0x0000333f      0x2fc ./src/FIFO.o
 .debug_macro   0x0000363b      0x2ff ./src/OvenControl.o
 .debug_macro   0x0000393a       0x1c ./src/OvenControl.o
 .debug_macro   0x00003956      0x309 ./src/main.o
 .debug_macro   0x00003c5f      0x2fa ./src/pid.o
