Archive member included because of file (symbol)

/usr/local/gcc-arm-none-eabi-4_9-2015q3/bin/../lib/gcc/arm-none-eabi/4.9.3/armv6-m/libgcc.a(_udivsi3.o)
                              ./system/src/stm32f0-stdperiph/stm32f0xx_rcc.o (__aeabi_uidiv)
/usr/local/gcc-arm-none-eabi-4_9-2015q3/bin/../lib/gcc/arm-none-eabi/4.9.3/armv6-m/libgcc.a(_dvmd_tls.o)
                              /usr/local/gcc-arm-none-eabi-4_9-2015q3/bin/../lib/gcc/arm-none-eabi/4.9.3/armv6-m/libgcc.a(_udivsi3.o) (__aeabi_idiv0)
/usr/local/gcc-arm-none-eabi-4_9-2015q3/bin/../lib/gcc/arm-none-eabi/4.9.3/armv6-m/libgcc.a(_arm_cmpsf2.o)
                              ./src/PID/pid.o (__aeabi_fcmple)
/usr/local/gcc-arm-none-eabi-4_9-2015q3/bin/../lib/gcc/arm-none-eabi/4.9.3/armv6-m/libgcc.a(addsf3.o)
                              ./src/PID/pid.o (__aeabi_fadd)
/usr/local/gcc-arm-none-eabi-4_9-2015q3/bin/../lib/gcc/arm-none-eabi/4.9.3/armv6-m/libgcc.a(divsf3.o)
                              ./src/PID/pid.o (__aeabi_fdiv)
/usr/local/gcc-arm-none-eabi-4_9-2015q3/bin/../lib/gcc/arm-none-eabi/4.9.3/armv6-m/libgcc.a(eqsf2.o)
                              /usr/local/gcc-arm-none-eabi-4_9-2015q3/bin/../lib/gcc/arm-none-eabi/4.9.3/armv6-m/libgcc.a(_arm_cmpsf2.o) (__eqsf2)
/usr/local/gcc-arm-none-eabi-4_9-2015q3/bin/../lib/gcc/arm-none-eabi/4.9.3/armv6-m/libgcc.a(gesf2.o)
                              /usr/local/gcc-arm-none-eabi-4_9-2015q3/bin/../lib/gcc/arm-none-eabi/4.9.3/armv6-m/libgcc.a(_arm_cmpsf2.o) (__gesf2)
/usr/local/gcc-arm-none-eabi-4_9-2015q3/bin/../lib/gcc/arm-none-eabi/4.9.3/armv6-m/libgcc.a(lesf2.o)
                              /usr/local/gcc-arm-none-eabi-4_9-2015q3/bin/../lib/gcc/arm-none-eabi/4.9.3/armv6-m/libgcc.a(_arm_cmpsf2.o) (__lesf2)
/usr/local/gcc-arm-none-eabi-4_9-2015q3/bin/../lib/gcc/arm-none-eabi/4.9.3/armv6-m/libgcc.a(mulsf3.o)
                              ./src/PID/pid.o (__aeabi_fmul)
/usr/local/gcc-arm-none-eabi-4_9-2015q3/bin/../lib/gcc/arm-none-eabi/4.9.3/armv6-m/libgcc.a(subsf3.o)
                              ./src/PID/pid.o (__aeabi_fsub)
/usr/local/gcc-arm-none-eabi-4_9-2015q3/bin/../lib/gcc/arm-none-eabi/4.9.3/armv6-m/libgcc.a(truncdfsf2.o)
                              ./src/Terminal/Terminal.o (__aeabi_d2f)
/usr/local/gcc-arm-none-eabi-4_9-2015q3/bin/../lib/gcc/arm-none-eabi/4.9.3/armv6-m/libgcc.a(_clzsi2.o)
                              /usr/local/gcc-arm-none-eabi-4_9-2015q3/bin/../lib/gcc/arm-none-eabi/4.9.3/armv6-m/libgcc.a(addsf3.o) (__clzsi2)
/usr/local/gcc-arm-none-eabi-4_9-2015q3/bin/../lib/gcc/arm-none-eabi/4.9.3/../../../../arm-none-eabi/lib/armv6-m/libg_nano.a(lib_a-atof.o)
                              ./src/Terminal/Terminal.o (atof)
/usr/local/gcc-arm-none-eabi-4_9-2015q3/bin/../lib/gcc/arm-none-eabi/4.9.3/../../../../arm-none-eabi/lib/armv6-m/libg_nano.a(lib_a-atoi.o)
                              ./src/Terminal/Terminal.o (atoi)
/usr/local/gcc-arm-none-eabi-4_9-2015q3/bin/../lib/gcc/arm-none-eabi/4.9.3/../../../../arm-none-eabi/lib/armv6-m/libg_nano.a(lib_a-atoll.o)
                              ./src/Terminal/Terminal.o (atoll)
/usr/local/gcc-arm-none-eabi-4_9-2015q3/bin/../lib/gcc/arm-none-eabi/4.9.3/../../../../arm-none-eabi/lib/armv6-m/libg_nano.a(lib_a-errno.o)
                              ./system/src/newlib/_sbrk.o (__errno)
/usr/local/gcc-arm-none-eabi-4_9-2015q3/bin/../lib/gcc/arm-none-eabi/4.9.3/../../../../arm-none-eabi/lib/armv6-m/libg_nano.a(lib_a-impure.o)
                              /usr/local/gcc-arm-none-eabi-4_9-2015q3/bin/../lib/gcc/arm-none-eabi/4.9.3/../../../../arm-none-eabi/lib/armv6-m/libg_nano.a(lib_a-errno.o) (_impure_ptr)
/usr/local/gcc-arm-none-eabi-4_9-2015q3/bin/../lib/gcc/arm-none-eabi/4.9.3/../../../../arm-none-eabi/lib/armv6-m/libg_nano.a(lib_a-snprintf.o)
                              ./src/Terminal/Terminal.o (snprintf)
/usr/local/gcc-arm-none-eabi-4_9-2015q3/bin/../lib/gcc/arm-none-eabi/4.9.3/../../../../arm-none-eabi/lib/armv6-m/libg_nano.a(lib_a-strtod.o)
                              /usr/local/gcc-arm-none-eabi-4_9-2015q3/bin/../lib/gcc/arm-none-eabi/4.9.3/../../../../arm-none-eabi/lib/armv6-m/libg_nano.a(lib_a-atof.o) (strtod)
/usr/local/gcc-arm-none-eabi-4_9-2015q3/bin/../lib/gcc/arm-none-eabi/4.9.3/../../../../arm-none-eabi/lib/armv6-m/libg_nano.a(lib_a-strtol.o)
                              /usr/local/gcc-arm-none-eabi-4_9-2015q3/bin/../lib/gcc/arm-none-eabi/4.9.3/../../../../arm-none-eabi/lib/armv6-m/libg_nano.a(lib_a-atoi.o) (_strtol_r)
/usr/local/gcc-arm-none-eabi-4_9-2015q3/bin/../lib/gcc/arm-none-eabi/4.9.3/../../../../arm-none-eabi/lib/armv6-m/libg_nano.a(lib_a-strtoll.o)
                              /usr/local/gcc-arm-none-eabi-4_9-2015q3/bin/../lib/gcc/arm-none-eabi/4.9.3/../../../../arm-none-eabi/lib/armv6-m/libg_nano.a(lib_a-atoll.o) (strtoll)
/usr/local/gcc-arm-none-eabi-4_9-2015q3/bin/../lib/gcc/arm-none-eabi/4.9.3/../../../../arm-none-eabi/lib/armv6-m/libg_nano.a(lib_a-strtoll_r.o)
[...]
Memory Configuration

Name             Origin             Length             Attributes
RAM              0x20000000         0x00002000         xrw
CCMRAM           0x00000000         0x00000000         xrw
FLASH            0x08000000         0x00010000         xr
FLASHB1          0x00000000         0x00000000         xr
EXTMEMB0         0x00000000         0x00000000         xr
EXTMEMB1         0x00000000         0x00000000         xr
EXTMEMB2         0x00000000         0x00000000         xr
EXTMEMB3         0x00000000         0x00000000         xr
MEMORY_ARRAY     0x00000000         0x00000000         xrw
*default*        0x00000000         0xffffffff

Linker script and memory map

LOAD ./system/src/stm32f0-stdperiph/stm32f0xx_gpio.o
LOAD ./system/src/stm32f0-stdperiph/stm32f0xx_rcc.o
LOAD ./system/src/newlib/_cxx.o
LOAD ./system/src/newlib/_exit.o
LOAD ./system/src/newlib/_sbrk.o
LOAD ./system/src/newlib/_startup.o
LOAD ./system/src/newlib/_syscalls.o
LOAD ./system/src/newlib/assert.o
LOAD ./system/src/diag/Trace.o
LOAD ./system/src/diag/trace_impl.o
LOAD ./system/src/cortexm/_initialize_hardware.o
LOAD ./system/src/cortexm/_reset_hardware.o
LOAD ./system/src/cortexm/exception_handlers.o
LOAD ./system/src/cmsis/system_stm32f0xx.o
LOAD ./system/src/cmsis/vectors_stm32f0xx.o
LOAD ./src/Terminal/MainMenu.o
LOAD ./src/Terminal/Terminal.o
LOAD ./src/PID/pid.o
LOAD ./src/MCU/led.o
LOAD ./src/MCU/tick.o
LOAD ./src/MCU/usart2.o
LOAD ./src/FIFO.o
LOAD ./src/common.o
LOAD ./src/main.o
LOAD /usr/local/gcc-arm-none-eabi-4_9-2015q3/bin/../lib/gcc/arm-none-eabi/4.9.3/../../../../arm-none-eabi/lib/armv6-m/libstdc++_nano.a
LOAD /usr/local/gcc-arm-none-eabi-4_9-2015q3/bin/../lib/gcc/arm-none-eabi/4.9.3/../../../../arm-none-eabi/lib/armv6-m/libm.a
START GROUP
LOAD /usr/local/gcc-arm-none-eabi-4_9-2015q3/bin/../lib/gcc/arm-none-eabi/4.9.3/armv6-m/libgcc.a
LOAD /usr/local/gcc-arm-none-eabi-4_9-2015q3/bin/../lib/gcc/arm-none-eabi/4.9.3/../../../../arm-none-eabi/lib/armv6-m/libg_nano.a
LOAD /usr/local/gcc-arm-none-eabi-4_9-2015q3/bin/../lib/gcc/arm-none-eabi/4.9.3/../../../../arm-none-eabi/lib/armv6-m/libc_nano.a
END GROUP
START GROUP
LOAD /usr/local/gcc-arm-none-eabi-4_9-2015q3/bin/../lib/gcc/arm-none-eabi/4.9.3/armv6-m/libgcc.a
LOAD /usr/local/gcc-arm-none-eabi-4_9-2015q3/bin/../lib/gcc/arm-none-eabi/4.9.3/../../../../arm-none-eabi/lib/armv6-m/libc_nano.a
END GROUP
                0x20002000                __stack = (ORIGIN (RAM) + 0x2000)
                0x20002000                _estack = __stack
                0x00000400                __Main_Stack_Size = 0x400
                0x00000400                PROVIDE (_Main_Stack_Size, __Main_Stack_Size)
                0x20001c00                __Main_Stack_Limit = (__stack - __Main_Stack_Size)
                0x20001c00                PROVIDE (_Main_Stack_Limit, __Main_Stack_Limit)
                0x00000100                _Minimum_Stack_Size = 0x100
                0x2000022c                PROVIDE (_Heap_Begin, _end_noinit)
                0x20001c00                PROVIDE (_Heap_Limit, (__stack - __Main_Stack_Size))

.isr_vector     0x08000000      0x218
 FILL mask 0xff
                0x08000000                __vectors_start = ABSOLUTE (.)
                0x08000000                __vectors_start__ = ABSOLUTE (.)
 *(.isr_vector)
 .isr_vector    0x08000000       0xc4 ./system/src/cmsis/vectors_stm32f0xx.o
                0x08000000                g_pfnVectors
 *(.cfmconfig)
 *(.after_vectors .after_vectors.*)
 .after_vectors
                0x080000c4      0x118 ./system/src/newlib/_startup.o
                0x080000c4                _start
 .after_vectors
                0x080001dc       0x38 ./system/src/cortexm/exception_handlers.o
                0x080001dc                Reset_Handler
                0x080001e4                NMI_Handler
                0x080001e8                HardFault_Handler
                0x08000200                HardFault_Handler_C
                0x08000204                SVC_Handler
                0x08000208                PendSV_Handler
 .after_vectors
                0x08000214        0x4 ./system/src/cmsis/vectors_stm32f0xx.o
                0x08000214                TIM1_CC_IRQHandler
                0x08000214                TSC_IRQHandler
                0x08000214                ADC1_COMP_IRQHandler
                0x08000214                PVD_IRQHandler
                0x08000214                I2C1_IRQHandler
                0x08000214                RCC_CRS_IRQHandler
                0x08000214                SPI1_IRQHandler
                0x08000214                TIM6_DAC_IRQHandler
                0x08000214                USART3_4_IRQHandler
                0x08000214                EXTI2_3_IRQHandler
                0x08000214                ADC1_IRQHandler
                0x08000214                I2C2_IRQHandler
                0x08000214                TIM17_IRQHandler
                0x08000214                CEC_CAN_IRQHandler
                0x08000214                RTC_IRQHandler
                0x08000214                PVD_VDDIO2_IRQHandler
                0x08000214                DMA1_Channel4_5_6_7_IRQHandler
                0x08000214                TIM16_IRQHandler
                0x08000214                TIM3_IRQHandler
                0x08000214                EXTI4_15_IRQHandler
                0x08000214                RCC_IRQHandler
                0x08000214                DMA1_Channel1_IRQHandler
                0x08000214                Default_Handler
                0x08000214                CEC_IRQHandler
                0x08000214                TIM14_IRQHandler
                0x08000214                DMA1_Channel4_5_IRQHandler
                0x08000214                TIM7_IRQHandler
                0x08000214                TIM15_IRQHandler
                0x08000214                EXTI0_1_IRQHandler
                0x08000214                USB_IRQHandler
                0x08000214                SPI2_IRQHandler
                0x08000214                TS_IRQHandler
                0x08000214                WWDG_IRQHandler
                0x08000214                TIM2_IRQHandler
                0x08000214                DMA1_Channel2_3_IRQHandler
                0x08000214                FLASH_IRQHandler
                0x08000214                USART1_IRQHandler
                0x08000214                TIM1_BRK_UP_TRG_COM_IRQHandler

.inits          0x08000218       0x28
                0x08000218                __data_regions_array_start = .
                0x08000218        0x4 LONG 0x8005e58 LOADADDR (.data)
                0x0800021c        0x4 LONG 0x20000000 ADDR (.data)
                0x08000220        0x4 LONG 0x20000104 (ADDR (.data) + SIZEOF (.data))
                0x08000224        0x4 LONG 0x8005e58 LOADADDR (.data_CCMRAM)
                0x08000228        0x4 LONG 0x0 ADDR (.data_CCMRAM)
                0x0800022c        0x4 LONG 0x0 (ADDR (.data_CCMRAM) + SIZEOF (.data_CCMRAM))
                0x08000230                __data_regions_array_end = .
                0x08000230                __bss_regions_array_start = .
                0x08000230        0x4 LONG 0x20000108 ADDR (.bss)
                0x08000234        0x4 LONG 0x2000022c (ADDR (.bss) + SIZEOF (.bss))
                0x08000238        0x4 LONG 0x0 ADDR (.bss_CCMRAM)
                0x0800023c        0x4 LONG 0x0 (ADDR (.bss_CCMRAM) + SIZEOF (.bss_CCMRAM))
                0x08000240                __bss_regions_array_end = .
 *(.init)
 *(.fini)
                0x08000240                . = ALIGN (0x4)
                0x08000240                PROVIDE (__preinit_array_start, .)
 *(.preinit_array_sysinit .preinit_array_sysinit.*)
 *(.preinit_array_platform .preinit_array_platform.*)
 *(.preinit_array .preinit_array.*)
                0x08000240                PROVIDE (__preinit_array_end, .)
                0x08000240                . = ALIGN (0x4)
                0x08000240                PROVIDE (__init_array_start, .)
 *(SORT(.init_array.*))
 *(.init_array)
                0x08000240                PROVIDE (__init_array_end, .)
                0x08000240                . = ALIGN (0x4)
                0x08000240                PROVIDE (__fini_array_start, .)
 *(SORT(.fini_array.*))
 *(.fini_array)
                0x08000240                PROVIDE (__fini_array_end, .)

.flashtext
 *(.flashtext .flashtext.*)

.text           0x08000240     0x5c10
 *(.text .text.*)
 .text._exit    0x08000240        0x4 ./system/src/newlib/_exit.o
                0x08000240                _exit
 .text._sbrk    0x08000244       0x44 ./system/src/newlib/_sbrk.o
                0x08000244                _sbrk
 .text.__initialize_args
                0x08000288       0x10 ./system/src/newlib/_syscalls.o
                0x08000288                __initialize_args
 .text.__initialize_hardware_early
                0x08000298        0x8 ./system/src/cortexm/_initialize_hardware.o
                0x08000298                __initialize_hardware_early
 .text.__initialize_hardware
                0x080002a0        0x8 ./system/src/cortexm/_initialize_hardware.o
                0x080002a0                __initialize_hardware
 .text.SetSysClock
                0x080002a8       0xb0 ./system/src/cmsis/system_stm32f0xx.o
 .text.SystemInit
                0x08000358       0x64 ./system/src/cmsis/system_stm32f0xx.o
                0x08000358                SystemInit
 .text.SystemCoreClockUpdate
                0x080003bc       0x90 ./system/src/cmsis/system_stm32f0xx.o
                0x080003bc                SystemCoreClockUpdate
 .text.MainMenu
                0x0800044c       0x28 ./src/Terminal/MainMenu.o
 .text.DrawMainMenu
                0x08000474       0x10 ./src/Terminal/MainMenu.o
 .text.Terminal_WriteByte
                0x08000484       0x14 ./src/Terminal/Terminal.o
                0x08000484                Terminal_WriteByte
 .text.Terminal_WriteString
                0x08000498       0x14 ./src/Terminal/Terminal.o
                0x08000498                Terminal_WriteString
 .text.Terminal_DrawPrompt
                0x080004ac       0x30 ./src/Terminal/Terminal.o
 .text.Terminal_DrawHeader
                0x080004dc       0x24 ./src/Terminal/Terminal.o
 .text.Terminal_SendAcknowledgement
                0x08000500       0x48 ./src/Terminal/Terminal.o
                0x08000500                Terminal_SendAcknowledgement
 .text.Terminal_ExtractParameters
                0x08000548      0x128 ./src/Terminal/Terminal.o
                0x08000548                Terminal_ExtractParameters
 .text.Terminal_Init
                0x08000670       0x54 ./src/Terminal/Terminal.o
                0x08000670                Terminal_Init
 .text.Terminal_Monitor
                0x080006c4      0x204 ./src/Terminal/Terminal.o
                0x080006c4                Terminal_Monitor
 .text.Led_On   0x080008c8       0x10 ./src/MCU/led.o
                0x080008c8                Led_On
 .text.Led_Off  0x080008d8       0x10 ./src/MCU/led.o
                0x080008d8                Led_Off
 .text.Led_Toggle
                0x080008e8       0x18 ./src/MCU/led.o
                0x080008e8                Led_Toggle
 .text.Led_Init
                0x08000900       0x50 ./src/MCU/led.o
                0x08000900                Led_Init
 .text.Tick_GetMs
                0x08000950        0xc ./src/MCU/tick.o
                0x08000950                Tick_GetMs
 .text.Tick_DelayMs_NonBlocking
                0x0800095c       0x34 ./src/MCU/tick.o
                0x0800095c                Tick_DelayMs_NonBlocking
 .text.SysTick_Handler
                0x08000990       0x10 ./src/MCU/tick.o
                0x08000990                SysTick_Handler
 .text.IsSerialOpen
                0x080009a0        0xc ./src/MCU/usart2.o
 .text.Close    0x080009ac       0x20 ./src/MCU/usart2.o
 .text.Setbaudrate
                0x080009cc       0x5c ./src/MCU/usart2.o
 .text.IsWriteBusy
                0x08000a28       0x14 ./src/MCU/usart2.o
 .text.SendByte
                0x08000a3c       0x28 ./src/MCU/usart2.o
 .text.SendString
                0x08000a64       0x2c ./src/MCU/usart2.o
 .text.SendArray
                0x08000a90       0x30 ./src/MCU/usart2.o
 .text.GetByte  0x08000ac0       0x1c ./src/MCU/usart2.o
 .text.DoesReceiveBufferHaveData
                0x08000adc       0x24 ./src/MCU/usart2.o
 .text.Open     0x08000b00       0x9c ./src/MCU/usart2.o
 .text.USART2_IRQHandler
                0x08000b9c       0x64 ./src/MCU/usart2.o
                0x08000b9c                USART2_IRQHandler
 .text.FIFO_CounnterBufferCount
                0x08000c00        0xc ./src/FIFO.o
                0x08000c00                FIFO_CounnterBufferCount
 .text.FIFO_Initialiser
                0x08000c0c       0x30 ./src/FIFO.o
                0x08000c0c                FIFO_Initialiser
 .text.FIFO_Read
                0x08000c3c       0x4c ./src/FIFO.o
                0x08000c3c                FIFO_Read
 .text.FIFO_Write
                0x08000c88       0x3c ./src/FIFO.o
                0x08000c88                FIFO_Write
 .text.main     0x08000cc4       0x18 ./src/main.o
                0x08000cc4                main
 .text          0x08000cdc      0x120 /usr/local/gcc-arm-none-eabi-4_9-2015q3/bin/../lib/gcc/arm-none-eabi/4.9.3/armv6-m/libgcc.a(_udivsi3.o)
                0x08000cdc                __udivsi3
                0x08000cdc                __aeabi_uidiv
                0x08000de8                __aeabi_uidivmod
 .text          0x08000dfc        0x4 /usr/local/gcc-arm-none-eabi-4_9-2015q3/bin/../lib/gcc/arm-none-eabi/4.9.3/armv6-m/libgcc.a(_dvmd_tls.o)
                0x08000dfc                __aeabi_ldiv0
                0x08000dfc                __aeabi_idiv0
 .text          0x08000e00      0x120 /usr/local/gcc-arm-none-eabi-4_9-2015q3/bin/../lib/gcc/arm-none-eabi/4.9.3/armv6-m/libgcc.a(truncdfsf2.o)
                0x08000e00                __aeabi_d2f
 .text          0x08000f20       0x3c /usr/local/gcc-arm-none-eabi-4_9-2015q3/bin/../lib/gcc/arm-none-eabi/4.9.3/armv6-m/libgcc.a(_clzsi2.o)
                0x08000f20                __clzsi2
 .text.atof     0x08000f5c        0xa /usr/local/gcc-arm-none-eabi-4_9-2015q3/bin/../lib/gcc/arm-none-eabi/4.9.3/../../../../arm-none-eabi/lib/armv6-m/libg_nano.a(lib_a-atof.o)
                0x08000f5c                atof
 .text.atoi     0x08000f66        0xc /usr/local/gcc-arm-none-eabi-4_9-2015q3/bin/../lib/gcc/arm-none-eabi/4.9.3/../../../../arm-none-eabi/lib/armv6-m/libg_nano.a(lib_a-atoi.o)
                0x08000f66                atoi
 .text.atoll    0x08000f72        0xc /usr/local/gcc-arm-none-eabi-4_9-2015q3/bin/../lib/gcc/arm-none-eabi/4.9.3/../../../../arm-none-eabi/lib/armv6-m/libg_nano.a(lib_a-atoll.o)
                0x08000f72                atoll
 *fill*         0x08000f7e        0x2 
 .text.__errno  0x08000f80        0xc /usr/local/gcc-arm-none-eabi-4_9-2015q3/bin/../lib/gcc/arm-none-eabi/4.9.3/../../../../arm-none-eabi/lib/armv6-m/libg_nano.a(lib_a-errno.o)
                0x08000f80                __errno
 .text.snprintf
                0x08000f8c       0x68 /usr/local/gcc-arm-none-eabi-4_9-2015q3/bin/../lib/gcc/arm-none-eabi/4.9.3/../../../../arm-none-eabi/lib/armv6-m/libg_nano.a(lib_a-snprintf.o)
                0x08000f8c                snprintf
                0x08000f8c                sniprintf
 .text.match    0x08000ff4       0x28 /usr/local/gcc-arm-none-eabi-4_9-2015q3/bin/../lib/gcc/arm-none-eabi/4.9.3/../../../../arm-none-eabi/lib/armv6-m/libg_nano.a(lib_a-strtod.o)
 .text.unlikely.sulp
                0x0800101c       0x2c /usr/local/gcc-arm-none-eabi-4_9-2015q3/bin/../lib/gcc/arm-none-eabi/4.9.3/../../../../arm-none-eabi/lib/armv6-m/libg_nano.a(lib_a-strtod.o)
 .text._strtod_r
                0x08001048      0xc34 /usr/local/gcc-arm-none-eabi-4_9-2015q3/bin/../lib/gcc/arm-none-eabi/4.9.3/../../../../arm-none-eabi/lib/armv6-m/libg_nano.a(lib_a-strtod.o)
                0x08001048                _strtod_r
 .text.strtod   0x08001c7c       0x18 /usr/local/gcc-arm-none-eabi-4_9-2015q3/bin/../lib/gcc/arm-none-eabi/4.9.3/../../../../arm-none-eabi/lib/armv6-m/libg_nano.a(lib_a-strtod.o)
                0x08001c7c                strtod
 .text._strtol_r
                0x08001c94      0x120 /usr/local/gcc-arm-none-eabi-4_9-2015q3/bin/../lib/gcc/arm-none-eabi/4.9.3/../../../../arm-none-eabi/lib/armv6-m/libg_nano.a(lib_a-strtol.o)
                0x08001c94                _strtol_r
 .text.strtol   0x08001db4       0x1c /usr/local/gcc-arm-none-eabi-4_9-2015q3/bin/../lib/gcc/arm-none-eabi/4.9.3/../../../../arm-none-eabi/lib/armv6-m/libg_nano.a(lib_a-strtol.o)
                0x08001db4                strtol
 .text.strtoll  0x08001dd0       0x1c /usr/local/gcc-arm-none-eabi-4_9-2015q3/bin/../lib/gcc/arm-none-eabi/4.9.3/../../../../arm-none-eabi/lib/armv6-m/libg_nano.a(lib_a-strtoll.o)
                0x08001dd0                strtoll
 .text._strtoll_r
                0x08001dec      0x184 /usr/local/gcc-arm-none-eabi-4_9-2015q3/bin/../lib/gcc/arm-none-eabi/4.9.3/../../../../arm-none-eabi/lib/armv6-m/libg_nano.a(lib_a-strtoll_r.o)
                0x08001dec                _strtoll_r
 .text.rshift   0x08001f70       0x68 /usr/local/gcc-arm-none-eabi-4_9-2015q3/bin/../lib/gcc/arm-none-eabi/4.9.3/../../../../arm-none-eabi/lib/armv6-m/libg_nano.a(lib_a-gdtoa-gethex.o)
 .text.__hexdig_fun
                0x08001fd8       0x2a /usr/local/gcc-arm-none-eabi-4_9-2015q3/bin/../lib/gcc/arm-none-eabi/4.9.3/../../../../arm-none-eabi/lib/armv6-m/libg_nano.a(lib_a-gdtoa-gethex.o)
                0x08001fd8                __hexdig_fun
 .text.__gethex
                0x08002002      0x448 /usr/local/gcc-arm-none-eabi-4_9-2015q3/bin/../lib/gcc/arm-none-eabi/4.9.3/../../../../arm-none-eabi/lib/armv6-m/libg_nano.a(lib_a-gdtoa-gethex.o)
                0x08002002                __gethex
 .text.L_shift  0x0800244a       0x24 /usr/local/gcc-arm-none-eabi-4_9-2015q3/bin/../lib/gcc/arm-none-eabi/4.9.3/../../../../arm-none-eabi/lib/armv6-m/libg_nano.a(lib_a-gdtoa-hexnan.o)
 .text.__hexnan
                0x0800246e      0x130 /usr/local/gcc-arm-none-eabi-4_9-2015q3/bin/../lib/gcc/arm-none-eabi/4.9.3/../../../../arm-none-eabi/lib/armv6-m/libg_nano.a(lib_a-gdtoa-hexnan.o)
                0x0800246e                __hexnan
 *fill*         0x0800259e        0x2 
 .text._localeconv_r
                0x080025a0        0x8 /usr/local/gcc-arm-none-eabi-4_9-2015q3/bin/../lib/gcc/arm-none-eabi/4.9.3/../../../../arm-none-eabi/lib/armv6-m/libg_nano.a(lib_a-locale.o)
                0x080025a0                _localeconv_r
 .text.memcpy   0x080025a8       0x12 /usr/local/gcc-arm-none-eabi-4_9-2015q3/bin/../lib/gcc/arm-none-eabi/4.9.3/../../../../arm-none-eabi/lib/armv6-m/libg_nano.a(lib_a-memcpy.o)
                0x080025a8                memcpy
 .text._Balloc  0x080025ba       0x70 /usr/local/gcc-arm-none-eabi-4_9-2015q3/bin/../lib/gcc/arm-none-eabi/4.9.3/../../../../arm-none-eabi/lib/armv6-m/libg_nano.a(lib_a-mprec.o)
                0x080025ba                _Balloc
 .text._Bfree   0x0800262a       0x32 /usr/local/gcc-arm-none-eabi-4_9-2015q3/bin/../lib/gcc/arm-none-eabi/4.9.3/../../../../arm-none-eabi/lib/armv6-m/libg_nano.a(lib_a-mprec.o)
                0x0800262a                _Bfree
 .text.__multadd
                0x0800265c       0x78 /usr/local/gcc-arm-none-eabi-4_9-2015q3/bin/../lib/gcc/arm-none-eabi/4.9.3/../../../../arm-none-eabi/lib/armv6-m/libg_nano.a(lib_a-mprec.o)
                0x0800265c                __multadd
 .text.__s2b    0x080026d4       0x80 /usr/local/gcc-arm-none-eabi-4_9-2015q3/bin/../lib/gcc/arm-none-eabi/4.9.3/../../../../arm-none-eabi/lib/armv6-m/libg_nano.a(lib_a-mprec.o)
                0x080026d4                __s2b
 .text.__hi0bits
                0x08002754       0x36 /usr/local/gcc-arm-none-eabi-4_9-2015q3/bin/../lib/gcc/arm-none-eabi/4.9.3/../../../../arm-none-eabi/lib/armv6-m/libg_nano.a(lib_a-mprec.o)
                0x08002754                __hi0bits
 .text.__lo0bits
                0x0800278a       0x5e /usr/local/gcc-arm-none-eabi-4_9-2015q3/bin/../lib/gcc/arm-none-eabi/4.9.3/../../../../arm-none-eabi/lib/armv6-m/libg_nano.a(lib_a-mprec.o)
                0x0800278a                __lo0bits
 .text.__i2b    0x080027e8       0x12 /usr/local/gcc-arm-none-eabi-4_9-2015q3/bin/../lib/gcc/arm-none-eabi/4.9.3/../../../../arm-none-eabi/lib/armv6-m/libg_nano.a(lib_a-mprec.o)
                0x080027e8                __i2b
 .text.__multiply
                0x080027fa      0x11a /usr/local/gcc-arm-none-eabi-4_9-2015q3/bin/../lib/gcc/arm-none-eabi/4.9.3/../../../../arm-none-eabi/lib/armv6-m/libg_nano.a(lib_a-mprec.o)
                0x080027fa                __multiply
 .text.__pow5mult
                0x08002914       0xa4 /usr/local/gcc-arm-none-eabi-4_9-2015q3/bin/../lib/gcc/arm-none-eabi/4.9.3/../../../../arm-none-eabi/lib/armv6-m/libg_nano.a(lib_a-mprec.o)
                0x08002914                __pow5mult
 .text.__lshift
                0x080029b8       0xa4 /usr/local/gcc-arm-none-eabi-4_9-2015q3/bin/../lib/gcc/arm-none-eabi/4.9.3/../../../../arm-none-eabi/lib/armv6-m/libg_nano.a(lib_a-mprec.o)
                0x080029b8                __lshift
 .text.__mcmp   0x08002a5c       0x36 /usr/local/gcc-arm-none-eabi-4_9-2015q3/bin/../lib/gcc/arm-none-eabi/4.9.3/../../../../arm-none-eabi/lib/armv6-m/libg_nano.a(lib_a-mprec.o)
                0x08002a5c                __mcmp
 .text.__mdiff  0x08002a92       0xd6 /usr/local/gcc-arm-none-eabi-4_9-2015q3/bin/../lib/gcc/arm-none-eabi/4.9.3/../../../../arm-none-eabi/lib/armv6-m/libg_nano.a(lib_a-mprec.o)
                0x08002a92                __mdiff
 .text.__ulp    0x08002b68       0x48 /usr/local/gcc-arm-none-eabi-4_9-2015q3/bin/../lib/gcc/arm-none-eabi/4.9.3/../../../../arm-none-eabi/lib/armv6-m/libg_nano.a(lib_a-mprec.o)
                0x08002b68                __ulp
 .text.__b2d    0x08002bb0       0xa4 /usr/local/gcc-arm-none-eabi-4_9-2015q3/bin/../lib/gcc/arm-none-eabi/4.9.3/../../../../arm-none-eabi/lib/armv6-m/libg_nano.a(lib_a-mprec.o)
                0x08002bb0                __b2d
 .text.__d2b    0x08002c54       0xa8 /usr/local/gcc-arm-none-eabi-4_9-2015q3/bin/../lib/gcc/arm-none-eabi/4.9.3/../../../../arm-none-eabi/lib/armv6-m/libg_nano.a(lib_a-mprec.o)
                0x08002c54                __d2b
 .text.__ratio  0x08002cfc       0x54 /usr/local/gcc-arm-none-eabi-4_9-2015q3/bin/../lib/gcc/arm-none-eabi/4.9.3/../../../../arm-none-eabi/lib/armv6-m/libg_nano.a(lib_a-mprec.o)
                0x08002cfc                __ratio
 .text.__copybits
                0x08002d50       0x2c /usr/local/gcc-arm-none-eabi-4_9-2015q3/bin/../lib/gcc/arm-none-eabi/4.9.3/../../../../arm-none-eabi/lib/armv6-m/libg_nano.a(lib_a-mprec.o)
                0x08002d50                __copybits
 .text.__any_on
                0x08002d7c       0x42 /usr/local/gcc-arm-none-eabi-4_9-2015q3/bin/../lib/gcc/arm-none-eabi/4.9.3/../../../../arm-none-eabi/lib/armv6-m/libg_nano.a(lib_a-mprec.o)
                0x08002d7c                __any_on
 .text._calloc_r
                0x08002dbe       0x1c /usr/local/gcc-arm-none-eabi-4_9-2015q3/bin/../lib/gcc/arm-none-eabi/4.9.3/../../../../arm-none-eabi/lib/armv6-m/libg_nano.a(lib_a-nano-callocr.o)
                0x08002dbe                _calloc_r
 *fill*         0x08002dda        0x2 
 .text._malloc_r
                0x08002ddc       0xb0 /usr/local/gcc-arm-none-eabi-4_9-2015q3/bin/../lib/gcc/arm-none-eabi/4.9.3/../../../../arm-none-eabi/lib/armv6-m/libg_nano.a(lib_a-nano-mallocr.o)
                0x08002ddc                _malloc_r
 .text.__ssputs_r
                0x08002e8c       0xc0 /usr/local/gcc-arm-none-eabi-4_9-2015q3/bin/../lib/gcc/arm-none-eabi/4.9.3/../../../../arm-none-eabi/lib/armv6-m/libg_nano.a(lib_a-nano-svfprintf.o)
                0x08002e8c                __ssputs_r
 .text._svfprintf_r
                0x08002f4c      0x1ec /usr/local/gcc-arm-none-eabi-4_9-2015q3/bin/../lib/gcc/arm-none-eabi/4.9.3/../../../../arm-none-eabi/lib/armv6-m/libg_nano.a(lib_a-nano-svfprintf.o)
                0x08002f4c                _svfprintf_r
                0x08002f4c                _svfiprintf_r
 .text._printf_common
                0x08003138       0xdc /usr/local/gcc-arm-none-eabi-4_9-2015q3/bin/../lib/gcc/arm-none-eabi/4.9.3/../../../../arm-none-eabi/lib/armv6-m/libg_nano.a(lib_a-nano-vfprintf_i.o)
                0x08003138                _printf_common
 .text._printf_i
                0x08003214      0x230 /usr/local/gcc-arm-none-eabi-4_9-2015q3/bin/../lib/gcc/arm-none-eabi/4.9.3/../../../../arm-none-eabi/lib/armv6-m/libg_nano.a(lib_a-nano-vfprintf_i.o)
                0x08003214                _printf_i
 .text._sbrk_r  0x08003444       0x24 /usr/local/gcc-arm-none-eabi-4_9-2015q3/bin/../lib/gcc/arm-none-eabi/4.9.3/../../../../arm-none-eabi/lib/armv6-m/libg_nano.a(lib_a-sbrkr.o)
                0x08003444                _sbrk_r
 .text.strlen   0x08003468        0xe /usr/local/gcc-arm-none-eabi-4_9-2015q3/bin/../lib/gcc/arm-none-eabi/4.9.3/../../../../arm-none-eabi/lib/armv6-m/libg_nano.a(lib_a-strlen.o)
                0x08003468                strlen
 .text.strncmp  0x08003476       0x28 /usr/local/gcc-arm-none-eabi-4_9-2015q3/bin/../lib/gcc/arm-none-eabi/4.9.3/../../../../arm-none-eabi/lib/armv6-m/libg_nano.a(lib_a-strncmp.o)
                0x08003476                strncmp
 *fill*         0x0800349e        0x2 
 .text.malloc   0x080034a0       0x14 /usr/local/gcc-arm-none-eabi-4_9-2015q3/bin/../lib/gcc/arm-none-eabi/4.9.3/../../../../arm-none-eabi/lib/armv6-m/libg_nano.a(lib_a-malloc.o)
                0x080034a0                malloc
 .text.memchr   0x080034b4       0x16 /usr/local/gcc-arm-none-eabi-4_9-2015q3/bin/../lib/gcc/arm-none-eabi/4.9.3/../../../../arm-none-eabi/lib/armv6-m/libg_nano.a(lib_a-memchr.o)
                0x080034b4                memchr
 .text.memmove  0x080034ca       0x28 /usr/local/gcc-arm-none-eabi-4_9-2015q3/bin/../lib/gcc/arm-none-eabi/4.9.3/../../../../arm-none-eabi/lib/armv6-m/libg_nano.a(lib_a-memmove.o)
                0x080034ca                memmove
 .text.memset   0x080034f2       0x10 /usr/local/gcc-arm-none-eabi-4_9-2015q3/bin/../lib/gcc/arm-none-eabi/4.9.3/../../../../arm-none-eabi/lib/armv6-m/libg_nano.a(lib_a-memset.o)
                0x080034f2                memset
 *fill*         0x08003502        0x2 
 .text._free_r  0x08003504       0x8c /usr/local/gcc-arm-none-eabi-4_9-2015q3/bin/../lib/gcc/arm-none-eabi/4.9.3/../../../../arm-none-eabi/lib/armv6-m/libg_nano.a(lib_a-nano-freer.o)
                0x08003504                _free_r
 .text._realloc_r
                0x08003590       0x4c /usr/local/gcc-arm-none-eabi-4_9-2015q3/bin/../lib/gcc/arm-none-eabi/4.9.3/../../../../arm-none-eabi/lib/armv6-m/libg_nano.a(lib_a-nano-reallocr.o)
                0x08003590                _realloc_r
 .text._malloc_usable_size_r
                0x080035dc       0x16 /usr/local/gcc-arm-none-eabi-4_9-2015q3/bin/../lib/gcc/arm-none-eabi/4.9.3/../../../../arm-none-eabi/lib/armv6-m/libg_nano.a(lib_a-nano-msizer.o)
                0x080035dc                _malloc_usable_size_r
 *fill*         0x080035f2        0x2 
 .text          0x080035f4       0x14 /usr/local/gcc-arm-none-eabi-4_9-2015q3/bin/../lib/gcc/arm-none-eabi/4.9.3/armv6-m/libgcc.a(_thumb1_case_uqi.o)
                0x080035f4                __gnu_thumb1_case_uqi
 .text          0x08003608      0x1e0 /usr/local/gcc-arm-none-eabi-4_9-2015q3/bin/../lib/gcc/arm-none-eabi/4.9.3/armv6-m/libgcc.a(_divsi3.o)
                0x08003608                __aeabi_idiv
                0x08003608                __divsi3
                0x080037d4                __aeabi_idivmod
 .text          0x080037e8       0x7c /usr/local/gcc-arm-none-eabi-4_9-2015q3/bin/../lib/gcc/arm-none-eabi/4.9.3/armv6-m/libgcc.a(_arm_cmpdf2.o)
                0x080037e8                __aeabi_cdrcmple
                0x080037f8                __aeabi_cdcmple
                0x080037f8                __aeabi_cdcmpeq
                0x08003808                __aeabi_dcmpeq
                0x08003814                __aeabi_dcmplt
                0x08003828                __aeabi_dcmple
                0x0800383c                __aeabi_dcmpgt
                0x08003850                __aeabi_dcmpge
 .text          0x08003864       0x40 /usr/local/gcc-arm-none-eabi-4_9-2015q3/bin/../lib/gcc/arm-none-eabi/4.9.3/armv6-m/libgcc.a(_aeabi_uldivmod.o)
                0x08003864                __aeabi_uldivmod
 .text          0x080038a4       0x54 /usr/local/gcc-arm-none-eabi-4_9-2015q3/bin/../lib/gcc/arm-none-eabi/4.9.3/armv6-m/libgcc.a(_muldi3.o)
                0x080038a4                __aeabi_lmul
                0x080038a4                __muldi3
 .text          0x080038f8       0x3c /usr/local/gcc-arm-none-eabi-4_9-2015q3/bin/../lib/gcc/arm-none-eabi/4.9.3/armv6-m/libgcc.a(_fixunsdfsi.o)
                0x080038f8                __fixunsdfsi
                0x080038f8                __aeabi_d2uiz
 .text          0x08003934       0x6c /usr/local/gcc-arm-none-eabi-4_9-2015q3/bin/../lib/gcc/arm-none-eabi/4.9.3/armv6-m/libgcc.a(bpabi.o)
                0x08003934                __gnu_ldivmod_helper
                0x0800396c                __gnu_uldivmod_helper
 .text          0x080039a0      0x650 /usr/local/gcc-arm-none-eabi-4_9-2015q3/bin/../lib/gcc/arm-none-eabi/4.9.3/armv6-m/libgcc.a(adddf3.o)
                0x080039a0                __aeabi_dadd
 .text          0x08003ff0      0x648 /usr/local/gcc-arm-none-eabi-4_9-2015q3/bin/../lib/gcc/arm-none-eabi/4.9.3/armv6-m/libgcc.a(divdf3.o)
                0x08003ff0                __aeabi_ddiv
 .text          0x08004638       0x88 /usr/local/gcc-arm-none-eabi-4_9-2015q3/bin/../lib/gcc/arm-none-eabi/4.9.3/armv6-m/libgcc.a(eqdf2.o)
                0x08004638                __eqdf2
                0x08004638                __nedf2
 .text          0x080046c0       0xe0 /usr/local/gcc-arm-none-eabi-4_9-2015q3/bin/../lib/gcc/arm-none-eabi/4.9.3/armv6-m/libgcc.a(gedf2.o)
                0x080046c0                __gtdf2
                0x080046c0                __gedf2
 .text          0x080047a0       0xcc /usr/local/gcc-arm-none-eabi-4_9-2015q3/bin/../lib/gcc/arm-none-eabi/4.9.3/armv6-m/libgcc.a(ledf2.o)
                0x080047a0                __ltdf2
                0x080047a0                __ledf2
 .text          0x0800486c      0x534 /usr/local/gcc-arm-none-eabi-4_9-2015q3/bin/../lib/gcc/arm-none-eabi/4.9.3/armv6-m/libgcc.a(muldf3.o)
                0x0800486c                __aeabi_dmul
 .text          0x08004da0      0x6f4 /usr/local/gcc-arm-none-eabi-4_9-2015q3/bin/../lib/gcc/arm-none-eabi/4.9.3/armv6-m/libgcc.a(subdf3.o)
                0x08004da0                __aeabi_dsub
 .text          0x08005494       0x6c /usr/local/gcc-arm-none-eabi-4_9-2015q3/bin/../lib/gcc/arm-none-eabi/4.9.3/armv6-m/libgcc.a(fixdfsi.o)
                0x08005494                __aeabi_d2iz
 .text          0x08005500       0x78 /usr/local/gcc-arm-none-eabi-4_9-2015q3/bin/../lib/gcc/arm-none-eabi/4.9.3/armv6-m/libgcc.a(floatsidf.o)
                0x08005500                __aeabi_i2d
 .text          0x08005578       0x64 /usr/local/gcc-arm-none-eabi-4_9-2015q3/bin/../lib/gcc/arm-none-eabi/4.9.3/armv6-m/libgcc.a(floatunsidf.o)
                0x08005578                __aeabi_ui2d
 .text          0x080055dc      0x1f0 /usr/local/gcc-arm-none-eabi-4_9-2015q3/bin/../lib/gcc/arm-none-eabi/4.9.3/armv6-m/libgcc.a(_divdi3.o)
                0x080055dc                __divdi3
 .text          0x080057cc      0x158 /usr/local/gcc-arm-none-eabi-4_9-2015q3/bin/../lib/gcc/arm-none-eabi/4.9.3/armv6-m/libgcc.a(_udivdi3.o)
                0x080057cc                __udivdi3
 .text          0x08005924       0x18 /usr/local/gcc-arm-none-eabi-4_9-2015q3/bin/../lib/gcc/arm-none-eabi/4.9.3/armv6-m/libgcc.a(_clzdi2.o)
                0x08005924                __clzdi2
 *(.rodata .rodata.* .constdata .constdata.*)
 .rodata.str1.4
                0x0800593c       0x22 ./src/Terminal/MainMenu.o
 *fill*         0x0800595e        0x2 
 .rodata.Terminal_ExtractParameters
                0x08005960       0xc0 ./src/Terminal/Terminal.o
 .rodata.str1.4
                0x08005a20      0x114 ./src/Terminal/Terminal.o
                                0x112 (size before relaxing)
 .rodata.str1.1
                0x08005b34        0x2 /usr/local/gcc-arm-none-eabi-4_9-2015q3/bin/../lib/gcc/arm-none-eabi/4.9.3/../../../../arm-none-eabi/lib/armv6-m/libg_nano.a(lib_a-impure.o)
 .rodata.str1.1
                0x08005b36        0xc /usr/local/gcc-arm-none-eabi-4_9-2015q3/bin/../lib/gcc/arm-none-eabi/4.9.3/../../../../arm-none-eabi/lib/armv6-m/libg_nano.a(lib_a-strtod.o)
 *fill*         0x08005b42        0x2 
 .rodata.fpinan.5315
                0x08005b44       0x14 /usr/local/gcc-arm-none-eabi-4_9-2015q3/bin/../lib/gcc/arm-none-eabi/4.9.3/../../../../arm-none-eabi/lib/armv6-m/libg_nano.a(lib_a-strtod.o)
 .rodata.tinytens
                0x08005b58       0x28 /usr/local/gcc-arm-none-eabi-4_9-2015q3/bin/../lib/gcc/arm-none-eabi/4.9.3/../../../../arm-none-eabi/lib/armv6-m/libg_nano.a(lib_a-strtod.o)
 .rodata.fpi.5279
                0x08005b80       0x14 /usr/local/gcc-arm-none-eabi-4_9-2015q3/bin/../lib/gcc/arm-none-eabi/4.9.3/../../../../arm-none-eabi/lib/armv6-m/libg_nano.a(lib_a-strtod.o)
 .rodata._ctype_
                0x08005b94      0x101 /usr/local/gcc-arm-none-eabi-4_9-2015q3/bin/../lib/gcc/arm-none-eabi/4.9.3/../../../../arm-none-eabi/lib/armv6-m/libg_nano.a(lib_a-ctype_.o)
                0x08005b94                _ctype_
 .rodata.str1.1
                0x08005c95        0x8 /usr/local/gcc-arm-none-eabi-4_9-2015q3/bin/../lib/gcc/arm-none-eabi/4.9.3/../../../../arm-none-eabi/lib/armv6-m/libg_nano.a(lib_a-locale.o)
                                  0xb (size before relaxing)
 *fill*         0x08005c9d        0x3 
 .rodata.__mprec_tens
                0x08005ca0       0xc8 /usr/local/gcc-arm-none-eabi-4_9-2015q3/bin/../lib/gcc/arm-none-eabi/4.9.3/../../../../arm-none-eabi/lib/armv6-m/libg_nano.a(lib_a-mprec.o)
                0x08005ca0                __mprec_tens
 .rodata.__mprec_bigtens
                0x08005d68       0x28 /usr/local/gcc-arm-none-eabi-4_9-2015q3/bin/../lib/gcc/arm-none-eabi/4.9.3/../../../../arm-none-eabi/lib/armv6-m/libg_nano.a(lib_a-mprec.o)
                0x08005d68                __mprec_bigtens
 .rodata.p05.5314
                0x08005d90        0xc /usr/local/gcc-arm-none-eabi-4_9-2015q3/bin/../lib/gcc/arm-none-eabi/4.9.3/../../../../arm-none-eabi/lib/armv6-m/libg_nano.a(lib_a-mprec.o)
 .rodata.str1.1
                0x08005d9c       0x11 /usr/local/gcc-arm-none-eabi-4_9-2015q3/bin/../lib/gcc/arm-none-eabi/4.9.3/../../../../arm-none-eabi/lib/armv6-m/libg_nano.a(lib_a-nano-svfprintf.o)
 .rodata.str1.1
                0x08005dad       0x22 /usr/local/gcc-arm-none-eabi-4_9-2015q3/bin/../lib/gcc/arm-none-eabi/4.9.3/../../../../arm-none-eabi/lib/armv6-m/libg_nano.a(lib_a-nano-vfprintf_i.o)
 *fill*         0x08005dcf        0x1 
 .rodata        0x08005dd0       0x40 /usr/local/gcc-arm-none-eabi-4_9-2015q3/bin/../lib/gcc/arm-none-eabi/4.9.3/armv6-m/libgcc.a(divdf3.o)
 .rodata        0x08005e10       0x40 /usr/local/gcc-arm-none-eabi-4_9-2015q3/bin/../lib/gcc/arm-none-eabi/4.9.3/armv6-m/libgcc.a(muldf3.o)
 *(vtable)
 *(.eh_frame*)
 .eh_frame      0x08005e50        0x0 /usr/local/gcc-arm-none-eabi-4_9-2015q3/bin/../lib/gcc/arm-none-eabi/4.9.3/../../../../arm-none-eabi/lib/armv6-m/libg_nano.a(lib_a-strcmp.o)
                                 0x28 (size before relaxing)
 *(.glue_7)
 .glue_7        0x00000000        0x0 linker stubs
 *(.glue_7t)
 .glue_7t       0x00000000        0x0 linker stubs

.vfp11_veneer   0x08005e50        0x0
 .vfp11_veneer  0x00000000        0x0 linker stubs

.v4_bx          0x08005e50        0x0
 .v4_bx         0x00000000        0x0 linker stubs

.iplt           0x08005e50        0x0
 .iplt          0x00000000        0x0 ./system/src/stm32f0-stdperiph/stm32f0xx_gpio.o

.ARM.extab
 *(.ARM.extab* .gnu.linkonce.armextab.*)
                0x08005e50                . = ALIGN (0x4)
                0x08005e50                __exidx_start = .

.ARM.exidx      0x08005e50        0x8
 *(.ARM.exidx* .gnu.linkonce.armexidx.*)
 .ARM.exidx     0x08005e50        0x8 /usr/local/gcc-arm-none-eabi-4_9-2015q3/bin/../lib/gcc/arm-none-eabi/4.9.3/armv6-m/libgcc.a(_divdi3.o)
 .ARM.exidx     0x08005e58        0x0 /usr/local/gcc-arm-none-eabi-4_9-2015q3/bin/../lib/gcc/arm-none-eabi/4.9.3/armv6-m/libgcc.a(_udivdi3.o)
                                  0x8 (size before relaxing)
                0x08005e58                __exidx_end = .

.rel.dyn        0x08005e58        0x0
 .rel.iplt      0x00000000        0x0 ./system/src/stm32f0-stdperiph/stm32f0xx_gpio.o
                0x08005e58                . = ALIGN (0x4)
                0x08005e58                _etext = .
                0x08005e58                __etext = .

.data_CCMRAM    0x00000000        0x0 load address 0x08005e58
 FILL mask 0xff
 *(.data.CCMRAM .data.CCMRAM.*)
                0x00000000                . = ALIGN (0x4)
                0x08005e58                _sidata = LOADADDR (.data)

.data           0x20000000      0x104 load address 0x08005e58
 FILL mask 0xff
                0x20000000                _sdata = .
                0x20000000                __data_start__ = .
 *(.data_begin .data_begin.*)
 .data_begin    0x20000000        0x4 ./system/src/newlib/_startup.o
 *(.data .data.*)
 .data.argv.4161
                0x20000004        0x8 ./system/src/newlib/_syscalls.o
 .data.AHBPrescTable
                0x2000000c       0x10 ./system/src/cmsis/system_stm32f0xx.o
                0x2000000c                AHBPrescTable
 .data.SystemCoreClock
                0x2000001c        0x4 ./system/src/cmsis/system_stm32f0xx.o
                0x2000001c                SystemCoreClock
 .data.DefaultMenu
                0x20000020       0x10 ./src/Terminal/MainMenu.o
                0x20000020                DefaultMenu
 .data.ActiveMenuPointer
                0x20000030        0x4 ./src/Terminal/Terminal.o
                0x20000030                ActiveMenuPointer
 .data.ProcessUpdateRate
                0x20000034        0x8 ./src/Terminal/Terminal.o
 .data.ReadBufferPointer
                0x2000003c        0x4 ./src/Terminal/Terminal.o
                0x2000003c                ReadBufferPointer
 .data.SerialPort2
                0x20000040       0x20 ./src/MCU/usart2.o
                0x20000040                SerialPort2
 .data.impure_data
                0x20000060       0x60 /usr/local/gcc-arm-none-eabi-4_9-2015q3/bin/../lib/gcc/arm-none-eabi/4.9.3/../../../../arm-none-eabi/lib/armv6-m/libg_nano.a(lib_a-impure.o)
 .data._impure_ptr
                0x200000c0        0x4 /usr/local/gcc-arm-none-eabi-4_9-2015q3/bin/../lib/gcc/arm-none-eabi/4.9.3/../../../../arm-none-eabi/lib/armv6-m/libg_nano.a(lib_a-impure.o)
                0x200000c0                _impure_ptr
 .data.__ctype_ptr__
                0x200000c4        0x4 /usr/local/gcc-arm-none-eabi-4_9-2015q3/bin/../lib/gcc/arm-none-eabi/4.9.3/../../../../arm-none-eabi/lib/armv6-m/libg_nano.a(lib_a-ctype_.o)
                0x200000c4                __ctype_ptr__
 .data.lconv    0x200000c8       0x38 /usr/local/gcc-arm-none-eabi-4_9-2015q3/bin/../lib/gcc/arm-none-eabi/4.9.3/../../../../arm-none-eabi/lib/armv6-m/libg_nano.a(lib_a-locale.o)
 *(.data_end .data_end.*)
 .data_end      0x20000100        0x4 ./system/src/newlib/_startup.o
                0x20000104                . = ALIGN (0x4)
                0x20000104                _edata = .
                0x20000104                __data_end__ = .

.igot.plt       0x20000104        0x0 load address 0x08005f5c
 .igot.plt      0x00000000        0x0 ./system/src/stm32f0-stdperiph/stm32f0xx_gpio.o

.bss_CCMRAM     0x00000000        0x0
 *(.bss.CCMRAM .bss.CCMRAM.*)

.bss            0x20000108      0x124
                0x20000108                __bss_start__ = .
                0x20000108                _sbss = .
 *(.bss_begin .bss_begin.*)
 .bss_begin     0x20000108        0x4 ./system/src/newlib/_startup.o
 *(.bss .bss.*)
 .bss.current_heap_end.3862
                0x2000010c        0x4 ./system/src/newlib/_sbrk.o
 .bss.name.4160
                0x20000110        0x1 ./system/src/newlib/_syscalls.o
 *fill*         0x20000111        0x3 
 .bss.COMPort   0x20000114        0x4 ./src/Terminal/Terminal.o
 .bss.ResetCounter
                0x20000118        0x4 ./src/Terminal/Terminal.o
 .bss.ReadBufferLength
                0x2000011c        0x4 ./src/Terminal/Terminal.o
                0x2000011c                ReadBufferLength
 .bss.TerminalSystem
                0x20000120       0xa8 ./src/Terminal/Terminal.o
 .bss.TickCounter
                0x200001c8        0x4 ./src/MCU/tick.o
 .bss.IsOpenFlag
                0x200001cc        0x4 ./src/MCU/usart2.o
 .bss.Buffer    0x200001d0       0x1e ./src/FIFO.o
 *fill*         0x200001ee        0x2 
 .bss.BufferCurrentSize
                0x200001f0        0x4 ./src/FIFO.o
 .bss.WritePosition
                0x200001f4        0x4 ./src/FIFO.o
 .bss.ReadPosition
                0x200001f8        0x4 ./src/FIFO.o
 .bss.__malloc_sbrk_start
                0x200001fc        0x4 /usr/local/gcc-arm-none-eabi-4_9-2015q3/bin/../lib/gcc/arm-none-eabi/4.9.3/../../../../arm-none-eabi/lib/armv6-m/libg_nano.a(lib_a-nano-mallocr.o)
                0x200001fc                __malloc_sbrk_start
 .bss.__malloc_free_list
                0x20000200        0x4 /usr/local/gcc-arm-none-eabi-4_9-2015q3/bin/../lib/gcc/arm-none-eabi/4.9.3/../../../../arm-none-eabi/lib/armv6-m/libg_nano.a(lib_a-nano-mallocr.o)
                0x20000200                __malloc_free_list
 *(COMMON)
 COMMON         0x20000204        0x4 ./system/src/newlib/_syscalls.o
                0x20000204                errno
 COMMON         0x20000208       0x1e ./src/Terminal/Terminal.o
                0x20000208                ReadBuffer
 *(.bss_end .bss_end.*)
 *fill*         0x20000226        0x2 
 .bss_end       0x20000228        0x4 ./system/src/newlib/_startup.o
                0x2000022c                . = ALIGN (0x4)
                0x2000022c                __bss_end__ = .
                0x2000022c                _ebss = .

.noinit_CCMRAM
 *(.noinit.CCMRAM .noinit.CCMRAM.*)

.noinit         0x2000022c        0x0
                0x2000022c                _noinit = .
 *(.noinit .noinit.*)
                0x2000022c                . = ALIGN (0x4)
                0x2000022c                _end_noinit = .
                0x2000022c                PROVIDE (end, _end_noinit)
                0x2000022c                PROVIDE (_end, _end_noinit)
                0x2000022c                PROVIDE (__end, _end_noinit)
                0x2000022c                PROVIDE (__end__, _end_noinit)

._check_stack   0x2000022c      0x100
                0x2000032c                . = (. + _Minimum_Stack_Size)
 *fill*         0x2000022c      0x100 

.b1text
 *(.b1text)
 *(.b1rodata)
 *(.b1rodata.*)

.eb0text
 *(.eb0text)
 *(.eb0rodata)
 *(.eb0rodata.*)

.eb1text
 *(.eb1text)
 *(.eb1rodata)
 *(.eb1rodata.*)

.eb2text
 *(.eb2text)
 *(.eb2rodata)
 *(.eb2rodata.*)

.eb3text
 *(.eb3text)
 *(.eb3rodata)
 *(.eb3rodata.*)

.stab
 *(.stab)

.stabstr
 *(.stabstr)

.stab.excl
 *(.stab.excl)

.stab.exclstr
 *(.stab.exclstr)

.stab.index
 *(.stab.index)

.stab.indexstr
 *(.stab.indexstr)

.comment        0x00000000       0x70
 *(.comment)
 .comment       0x00000000       0x70 ./system/src/newlib/_exit.o
                                 0x71 (size before relaxing)
 .comment       0x00000000       0x71 ./system/src/newlib/_sbrk.o
 .comment       0x00000000       0x71 ./system/src/newlib/_startup.o
 .comment       0x00000000       0x71 ./system/src/newlib/_syscalls.o
 .comment       0x00000000       0x71 ./system/src/cortexm/_initialize_hardware.o
 .comment       0x00000000       0x71 ./system/src/cortexm/exception_handlers.o
 .comment       0x00000000       0x71 ./system/src/cmsis/system_stm32f0xx.o
 .comment       0x00000000       0x71 ./system/src/cmsis/vectors_stm32f0xx.o
 .comment       0x00000000       0x71 ./src/Terminal/MainMenu.o
 .comment       0x00000000       0x71 ./src/Terminal/Terminal.o
 .comment       0x00000000       0x71 ./src/MCU/led.o
 .comment       0x00000000       0x71 ./src/MCU/tick.o
 .comment       0x00000000       0x71 ./src/MCU/usart2.o
 .comment       0x00000000       0x71 ./src/FIFO.o
 .comment       0x00000000       0x71 ./src/main.o

.ARM.attributes
                0x00000000       0x2f
 .ARM.attributes
                0x00000000       0x31 ./system/src/newlib/_exit.o
 .ARM.attributes
                0x00000031       0x31 ./system/src/newlib/_sbrk.o
 .ARM.attributes
                0x00000062       0x31 ./system/src/newlib/_startup.o
 .ARM.attributes
                0x00000093       0x31 ./system/src/newlib/_syscalls.o
 .ARM.attributes
                0x000000c4       0x31 ./system/src/cortexm/_initialize_hardware.o
 .ARM.attributes
                0x000000f5       0x31 ./system/src/cortexm/exception_handlers.o
 .ARM.attributes
                0x00000126       0x31 ./system/src/cmsis/system_stm32f0xx.o
 .ARM.attributes
                0x00000157       0x31 ./system/src/cmsis/vectors_stm32f0xx.o
 .ARM.attributes
                0x00000188       0x31 ./src/Terminal/MainMenu.o
 .ARM.attributes
                0x000001b9       0x31 ./src/Terminal/Terminal.o
 .ARM.attributes
                0x000001ea       0x31 ./src/MCU/led.o
 .ARM.attributes
                0x0000021b       0x31 ./src/MCU/tick.o
 .ARM.attributes
                0x0000024c       0x31 ./src/MCU/usart2.o
 .ARM.attributes
                0x0000027d       0x31 ./src/FIFO.o
 .ARM.attributes
                0x000002ae       0x31 ./src/main.o
 .ARM.attributes
                0x000002df       0x1e /usr/local/gcc-arm-none-eabi-4_9-2015q3/bin/../lib/gcc/arm-none-eabi/4.9.3/armv6-m/libgcc.a(_udivsi3.o)
 .ARM.attributes
                0x000002fd       0x1e /usr/local/gcc-arm-none-eabi-4_9-2015q3/bin/../lib/gcc/arm-none-eabi/4.9.3/armv6-m/libgcc.a(_dvmd_tls.o)
 .ARM.attributes
                0x0000031b       0x2c /usr/local/gcc-arm-none-eabi-4_9-2015q3/bin/../lib/gcc/arm-none-eabi/4.9.3/armv6-m/libgcc.a(truncdfsf2.o)
 .ARM.attributes
                0x00000347       0x1e /usr/local/gcc-arm-none-eabi-4_9-2015q3/bin/../lib/gcc/arm-none-eabi/4.9.3/armv6-m/libgcc.a(_clzsi2.o)
 .ARM.attributes
                0x00000365       0x2c /usr/local/gcc-arm-none-eabi-4_9-2015q3/bin/../lib/gcc/arm-none-eabi/4.9.3/../../../../arm-none-eabi/lib/armv6-m/libg_nano.a(lib_a-atof.o)
 .ARM.attributes
                0x00000391       0x2c /usr/local/gcc-arm-none-eabi-4_9-2015q3/bin/../lib/gcc/arm-none-eabi/4.9.3/../../../../arm-none-eabi/lib/armv6-m/libg_nano.a(lib_a-atoi.o)
 .ARM.attributes
                0x000003bd       0x2c /usr/local/gcc-arm-none-eabi-4_9-2015q3/bin/../lib/gcc/arm-none-eabi/4.9.3/../../../../arm-none-eabi/lib/armv6-m/libg_nano.a(lib_a-atoll.o)
 .ARM.attributes
                0x000003e9       0x2c /usr/local/gcc-arm-none-eabi-4_9-2015q3/bin/../lib/gcc/arm-none-eabi/4.9.3/../../../../arm-none-eabi/lib/armv6-m/libg_nano.a(lib_a-errno.o)
 .ARM.attributes
                0x00000415       0x2c /usr/local/gcc-arm-none-eabi-4_9-2015q3/bin/../lib/gcc/arm-none-eabi/4.9.3/../../../../arm-none-eabi/lib/armv6-m/libg_nano.a(lib_a-impure.o)
 .ARM.attributes
                0x00000441       0x2c /usr/local/gcc-arm-none-eabi-4_9-2015q3/bin/../lib/gcc/arm-none-eabi/4.9.3/../../../../arm-none-eabi/lib/armv6-m/libg_nano.a(lib_a-snprintf.o)
 .ARM.attributes
                0x0000046d       0x2c /usr/local/gcc-arm-none-eabi-4_9-2015q3/bin/../lib/gcc/arm-none-eabi/4.9.3/../../../../arm-none-eabi/lib/armv6-m/libg_nano.a(lib_a-strtod.o)
 .ARM.attributes
                0x00000499       0x2c /usr/local/gcc-arm-none-eabi-4_9-2015q3/bin/../lib/gcc/arm-none-eabi/4.9.3/../../../../arm-none-eabi/lib/armv6-m/libg_nano.a(lib_a-strtol.o)
 .ARM.attributes
                0x000004c5       0x2c /usr/local/gcc-arm-none-eabi-4_9-2015q3/bin/../lib/gcc/arm-none-eabi/4.9.3/../../../../arm-none-eabi/lib/armv6-m/libg_nano.a(lib_a-strtoll.o)
 .ARM.attributes
                0x000004f1       0x2c /usr/local/gcc-arm-none-eabi-4_9-2015q3/bin/../lib/gcc/arm-none-eabi/4.9.3/../../../../arm-none-eabi/lib/armv6-m/libg_nano.a(lib_a-strtoll_r.o)
 .ARM.attributes
                0x0000051d       0x2c /usr/local/gcc-arm-none-eabi-4_9-2015q3/bin/../lib/gcc/arm-none-eabi/4.9.3/../../../../arm-none-eabi/lib/armv6-m/libg_nano.a(lib_a-ctype_.o)
 .ARM.attributes
                0x00000549       0x2c /usr/local/gcc-arm-none-eabi-4_9-2015q3/bin/../lib/gcc/arm-none-eabi/4.9.3/../../../../arm-none-eabi/lib/armv6-m/libg_nano.a(lib_a-gdtoa-gethex.o)
 .ARM.attributes
                0x00000575       0x2c /usr/local/gcc-arm-none-eabi-4_9-2015q3/bin/../lib/gcc/arm-none-eabi/4.9.3/../../../../arm-none-eabi/lib/armv6-m/libg_nano.a(lib_a-gdtoa-hexnan.o)
 .ARM.attributes
                0x000005a1       0x2c /usr/local/gcc-arm-none-eabi-4_9-2015q3/bin/../lib/gcc/arm-none-eabi/4.9.3/../../../../arm-none-eabi/lib/armv6-m/libg_nano.a(lib_a-locale.o)
 .ARM.attributes
                0x000005cd       0x2c /usr/local/gcc-arm-none-eabi-4_9-2015q3/bin/../lib/gcc/arm-none-eabi/4.9.3/../../../../arm-none-eabi/lib/armv6-m/libg_nano.a(lib_a-memcpy.o)
 .ARM.attributes
                0x000005f9       0x2c /usr/local/gcc-arm-none-eabi-4_9-2015q3/bin/../lib/gcc/arm-none-eabi/4.9.3/../../../../arm-none-eabi/lib/armv6-m/libg_nano.a(lib_a-mprec.o)
 .ARM.attributes
                0x00000625       0x2c /usr/local/gcc-arm-none-eabi-4_9-2015q3/bin/../lib/gcc/arm-none-eabi/4.9.3/../../../../arm-none-eabi/lib/armv6-m/libg_nano.a(lib_a-nano-callocr.o)
 .ARM.attributes
                0x00000651       0x2c /usr/local/gcc-arm-none-eabi-4_9-2015q3/bin/../lib/gcc/arm-none-eabi/4.9.3/../../../../arm-none-eabi/lib/armv6-m/libg_nano.a(lib_a-nano-mallocr.o)
 .ARM.attributes
                0x0000067d       0x2c /usr/local/gcc-arm-none-eabi-4_9-2015q3/bin/../lib/gcc/arm-none-eabi/4.9.3/../../../../arm-none-eabi/lib/armv6-m/libg_nano.a(lib_a-nano-svfprintf.o)
 .ARM.attributes
                0x000006a9       0x2c /usr/local/gcc-arm-none-eabi-4_9-2015q3/bin/../lib/gcc/arm-none-eabi/4.9.3/../../../../arm-none-eabi/lib/armv6-m/libg_nano.a(lib_a-nano-vfprintf_i.o)
 .ARM.attributes
                0x000006d5       0x2c /usr/local/gcc-arm-none-eabi-4_9-2015q3/bin/../lib/gcc/arm-none-eabi/4.9.3/../../../../arm-none-eabi/lib/armv6-m/libg_nano.a(lib_a-sbrkr.o)
 .ARM.attributes
                0x00000701       0x1c /usr/local/gcc-arm-none-eabi-4_9-2015q3/bin/../lib/gcc/arm-none-eabi/4.9.3/../../../../arm-none-eabi/lib/armv6-m/libg_nano.a(lib_a-strcmp.o)
 .ARM.attributes
                0x0000071d       0x2c /usr/local/gcc-arm-none-eabi-4_9-2015q3/bin/../lib/gcc/arm-none-eabi/4.9.3/../../../../arm-none-eabi/lib/armv6-m/libg_nano.a(lib_a-strlen.o)
 .ARM.attributes
                0x00000749       0x2c /usr/local/gcc-arm-none-eabi-4_9-2015q3/bin/../lib/gcc/arm-none-eabi/4.9.3/../../../../arm-none-eabi/lib/armv6-m/libg_nano.a(lib_a-strncmp.o)
 .ARM.attributes
                0x00000775       0x2c /usr/local/gcc-arm-none-eabi-4_9-2015q3/bin/../lib/gcc/arm-none-eabi/4.9.3/../../../../arm-none-eabi/lib/armv6-m/libg_nano.a(lib_a-malloc.o)
 .ARM.attributes
                0x000007a1       0x2c /usr/local/gcc-arm-none-eabi-4_9-2015q3/bin/../lib/gcc/arm-none-eabi/4.9.3/../../../../arm-none-eabi/lib/armv6-m/libg_nano.a(lib_a-memchr.o)
 .ARM.attributes
                0x000007cd       0x2c /usr/local/gcc-arm-none-eabi-4_9-2015q3/bin/../lib/gcc/arm-none-eabi/4.9.3/../../../../arm-none-eabi/lib/armv6-m/libg_nano.a(lib_a-memmove.o)
 .ARM.attributes
                0x000007f9       0x2c /usr/local/gcc-arm-none-eabi-4_9-2015q3/bin/../lib/gcc/arm-none-eabi/4.9.3/../../../../arm-none-eabi/lib/armv6-m/libg_nano.a(lib_a-memset.o)
 .ARM.attributes
                0x00000825       0x2c /usr/local/gcc-arm-none-eabi-4_9-2015q3/bin/../lib/gcc/arm-none-eabi/4.9.3/../../../../arm-none-eabi/lib/armv6-m/libg_nano.a(lib_a-nano-freer.o)
 .ARM.attributes
                0x00000851       0x2c /usr/local/gcc-arm-none-eabi-4_9-2015q3/bin/../lib/gcc/arm-none-eabi/4.9.3/../../../../arm-none-eabi/lib/armv6-m/libg_nano.a(lib_a-nano-reallocr.o)
 .ARM.attributes
                0x0000087d       0x2c /usr/local/gcc-arm-none-eabi-4_9-2015q3/bin/../lib/gcc/arm-none-eabi/4.9.3/../../../../arm-none-eabi/lib/armv6-m/libg_nano.a(lib_a-nano-msizer.o)
 .ARM.attributes
                0x000008a9       0x1e /usr/local/gcc-arm-none-eabi-4_9-2015q3/bin/../lib/gcc/arm-none-eabi/4.9.3/armv6-m/libgcc.a(_thumb1_case_uqi.o)
 .ARM.attributes
                0x000008c7       0x1e /usr/local/gcc-arm-none-eabi-4_9-2015q3/bin/../lib/gcc/arm-none-eabi/4.9.3/armv6-m/libgcc.a(_divsi3.o)
 .ARM.attributes
                0x000008e5       0x1e /usr/local/gcc-arm-none-eabi-4_9-2015q3/bin/../lib/gcc/arm-none-eabi/4.9.3/armv6-m/libgcc.a(_arm_cmpdf2.o)
 .ARM.attributes
                0x00000903       0x1e /usr/local/gcc-arm-none-eabi-4_9-2015q3/bin/../lib/gcc/arm-none-eabi/4.9.3/armv6-m/libgcc.a(_aeabi_uldivmod.o)
 .ARM.attributes
                0x00000921       0x2c /usr/local/gcc-arm-none-eabi-4_9-2015q3/bin/../lib/gcc/arm-none-eabi/4.9.3/armv6-m/libgcc.a(_muldi3.o)
 .ARM.attributes
                0x0000094d       0x2c /usr/local/gcc-arm-none-eabi-4_9-2015q3/bin/../lib/gcc/arm-none-eabi/4.9.3/armv6-m/libgcc.a(_fixunsdfsi.o)
 .ARM.attributes
                0x00000979       0x2c /usr/local/gcc-arm-none-eabi-4_9-2015q3/bin/../lib/gcc/arm-none-eabi/4.9.3/armv6-m/libgcc.a(bpabi.o)
 .ARM.attributes
                0x000009a5       0x2c /usr/local/gcc-arm-none-eabi-4_9-2015q3/bin/../lib/gcc/arm-none-eabi/4.9.3/armv6-m/libgcc.a(adddf3.o)
 .ARM.attributes
                0x000009d1       0x2c /usr/local/gcc-arm-none-eabi-4_9-2015q3/bin/../lib/gcc/arm-none-eabi/4.9.3/armv6-m/libgcc.a(divdf3.o)
 .ARM.attributes
                0x000009fd       0x2c /usr/local/gcc-arm-none-eabi-4_9-2015q3/bin/../lib/gcc/arm-none-eabi/4.9.3/armv6-m/libgcc.a(eqdf2.o)
 .ARM.attributes
                0x00000a29       0x2c /usr/local/gcc-arm-none-eabi-4_9-2015q3/bin/../lib/gcc/arm-none-eabi/4.9.3/armv6-m/libgcc.a(gedf2.o)
 .ARM.attributes
                0x00000a55       0x2c /usr/local/gcc-arm-none-eabi-4_9-2015q3/bin/../lib/gcc/arm-none-eabi/4.9.3/armv6-m/libgcc.a(ledf2.o)
 .ARM.attributes
                0x00000a81       0x2c /usr/local/gcc-arm-none-eabi-4_9-2015q3/bin/../lib/gcc/arm-none-eabi/4.9.3/armv6-m/libgcc.a(muldf3.o)
 .ARM.attributes
                0x00000aad       0x2c /usr/local/gcc-arm-none-eabi-4_9-2015q3/bin/../lib/gcc/arm-none-eabi/4.9.3/armv6-m/libgcc.a(subdf3.o)
 .ARM.attributes
                0x00000ad9       0x2c /usr/local/gcc-arm-none-eabi-4_9-2015q3/bin/../lib/gcc/arm-none-eabi/4.9.3/armv6-m/libgcc.a(fixdfsi.o)
 .ARM.attributes
                0x00000b05       0x2c /usr/local/gcc-arm-none-eabi-4_9-2015q3/bin/../lib/gcc/arm-none-eabi/4.9.3/armv6-m/libgcc.a(floatsidf.o)
 .ARM.attributes
                0x00000b31       0x2c /usr/local/gcc-arm-none-eabi-4_9-2015q3/bin/../lib/gcc/arm-none-eabi/4.9.3/armv6-m/libgcc.a(floatunsidf.o)
 .ARM.attributes
                0x00000b5d       0x2c /usr/local/gcc-arm-none-eabi-4_9-2015q3/bin/../lib/gcc/arm-none-eabi/4.9.3/armv6-m/libgcc.a(_divdi3.o)
 .ARM.attributes
                0x00000b89       0x2c /usr/local/gcc-arm-none-eabi-4_9-2015q3/bin/../lib/gcc/arm-none-eabi/4.9.3/armv6-m/libgcc.a(_udivdi3.o)
 .ARM.attributes
                0x00000bb5       0x1e /usr/local/gcc-arm-none-eabi-4_9-2015q3/bin/../lib/gcc/arm-none-eabi/4.9.3/armv6-m/libgcc.a(_clzdi2.o)

.debug
 *(.debug)

.line
 *(.line)

.debug_srcinfo
 *(.debug_srcinfo)

.debug_sfnames
 *(.debug_sfnames)

.debug_aranges  0x00000000      0x340
 *(.debug_aranges)
 .debug_aranges
                0x00000000       0x28 ./system/src/newlib/_exit.o
 .debug_aranges
                0x00000028       0x20 ./system/src/newlib/_sbrk.o
 .debug_aranges
                0x00000048       0x40 ./system/src/newlib/_startup.o
 .debug_aranges
                0x00000088       0x30 ./system/src/newlib/_syscalls.o
 .debug_aranges
                0x000000b8       0x28 ./system/src/cortexm/_initialize_hardware.o
 .debug_aranges
                0x000000e0       0x50 ./system/src/cortexm/exception_handlers.o
 .debug_aranges
                0x00000130       0x30 ./system/src/cmsis/system_stm32f0xx.o
 .debug_aranges
                0x00000160       0x20 ./system/src/cmsis/vectors_stm32f0xx.o
 .debug_aranges
                0x00000180       0x28 ./src/Terminal/MainMenu.o
 .debug_aranges
                0x000001a8       0x58 ./src/Terminal/Terminal.o
 .debug_aranges
                0x00000200       0x38 ./src/MCU/led.o
 .debug_aranges
                0x00000238       0x40 ./src/MCU/tick.o
 .debug_aranges
                0x00000278       0x70 ./src/MCU/usart2.o
 .debug_aranges
                0x000002e8       0x38 ./src/FIFO.o
 .debug_aranges
                0x00000320       0x20 ./src/main.o

.debug_pubnames
 *(.debug_pubnames)

.debug_info     0x00000000     0x3242
 *(.debug_info .gnu.linkonce.wi.*)
 .debug_info    0x00000000       0xee ./system/src/newlib/_exit.o
 .debug_info    0x000000ee      0x125 ./system/src/newlib/_sbrk.o
 .debug_info    0x00000213      0x474 ./system/src/newlib/_startup.o
 .debug_info    0x00000687      0x1bc ./system/src/newlib/_syscalls.o
 .debug_info    0x00000843       0xc3 ./system/src/cortexm/_initialize_hardware.o
 .debug_info    0x00000906      0x1c0 ./system/src/cortexm/exception_handlers.o
 .debug_info    0x00000ac6      0x2e8 ./system/src/cmsis/system_stm32f0xx.o
 .debug_info    0x00000dae       0xd1 ./system/src/cmsis/vectors_stm32f0xx.o
 .debug_info    0x00000e7f      0x324 ./src/Terminal/MainMenu.o
 .debug_info    0x000011a3      0xb2a ./src/Terminal/Terminal.o
 .debug_info    0x00001ccd      0x2a7 ./src/MCU/led.o
 .debug_info    0x00001f74      0x4e7 ./src/MCU/tick.o
 .debug_info    0x0000245b      0xa30 ./src/MCU/usart2.o
 .debug_info    0x00002e8b      0x19b ./src/FIFO.o
 .debug_info    0x00003026      0x21c ./src/main.o

.debug_abbrev   0x00000000     0x13b3
 *(.debug_abbrev)
 .debug_abbrev  0x00000000       0xb7 ./system/src/newlib/_exit.o
 .debug_abbrev  0x000000b7       0xbb ./system/src/newlib/_sbrk.o
 .debug_abbrev  0x00000172      0x1e9 ./system/src/newlib/_startup.o
 .debug_abbrev  0x0000035b       0xee ./system/src/newlib/_syscalls.o
 .debug_abbrev  0x00000449       0x63 ./system/src/cortexm/_initialize_hardware.o
 .debug_abbrev  0x000004ac       0xfd ./system/src/cortexm/exception_handlers.o
 .debug_abbrev  0x000005a9      0x146 ./system/src/cmsis/system_stm32f0xx.o
 .debug_abbrev  0x000006ef       0x9d ./system/src/cmsis/vectors_stm32f0xx.o
 .debug_abbrev  0x0000078c      0x16f ./src/Terminal/MainMenu.o
 .debug_abbrev  0x000008fb      0x2d8 ./src/Terminal/Terminal.o
 .debug_abbrev  0x00000bd3       0xd3 ./src/MCU/led.o
 .debug_abbrev  0x00000ca6      0x22c ./src/MCU/tick.o
 .debug_abbrev  0x00000ed2      0x31a ./src/MCU/usart2.o
 .debug_abbrev  0x000011ec       0xd2 ./src/FIFO.o
 .debug_abbrev  0x000012be       0xf5 ./src/main.o

.debug_line     0x00000000     0x4377
 *(.debug_line)
 .debug_line    0x00000000      0x289 ./system/src/newlib/_exit.o
 .debug_line    0x00000289      0x237 ./system/src/newlib/_sbrk.o
 .debug_line    0x000004c0      0x2f6 ./system/src/newlib/_startup.o
 .debug_line    0x000007b6      0x356 ./system/src/newlib/_syscalls.o
 .debug_line    0x00000b0c      0x371 ./system/src/cortexm/_initialize_hardware.o
 .debug_line    0x00000e7d      0x5b1 ./system/src/cortexm/exception_handlers.o
 .debug_line    0x0000142e      0x3af ./system/src/cmsis/system_stm32f0xx.o
 .debug_line    0x000017dd       0xf7 ./system/src/cmsis/vectors_stm32f0xx.o
 .debug_line    0x000018d4      0x5e8 ./src/Terminal/MainMenu.o
 .debug_line    0x00001ebc      0x73d ./src/Terminal/Terminal.o
 .debug_line    0x000025f9      0x59b ./src/MCU/led.o
 .debug_line    0x00002b94      0x5ce ./src/MCU/tick.o
 .debug_line    0x00003162      0x6a7 ./src/MCU/usart2.o
 .debug_line    0x00003809      0x5c2 ./src/FIFO.o
 .debug_line    0x00003dcb      0x5ac ./src/main.o

.debug_frame    0x00000000     0x1264
 *(.debug_frame)
 .debug_frame   0x00000000       0x38 ./system/src/newlib/_exit.o
 .debug_frame   0x00000038       0x28 ./system/src/newlib/_sbrk.o
 .debug_frame   0x00000060       0x80 ./system/src/newlib/_startup.o
 .debug_frame   0x000000e0       0x50 ./system/src/newlib/_syscalls.o
 .debug_frame   0x00000130       0x40 ./system/src/cortexm/_initialize_hardware.o
 .debug_frame   0x00000170       0x88 ./system/src/cortexm/exception_handlers.o
 .debug_frame   0x000001f8       0x54 ./system/src/cmsis/system_stm32f0xx.o
 .debug_frame   0x0000024c       0x20 ./system/src/cmsis/vectors_stm32f0xx.o
 .debug_frame   0x0000026c       0x40 ./src/Terminal/MainMenu.o
 .debug_frame   0x000002ac       0xdc ./src/Terminal/Terminal.o
 .debug_frame   0x00000388       0x60 ./src/MCU/led.o
 .debug_frame   0x000003e8       0x70 ./src/MCU/tick.o
 .debug_frame   0x00000458      0x10c ./src/MCU/usart2.o
 .debug_frame   0x00000564       0x60 ./src/FIFO.o
 .debug_frame   0x000005c4       0x28 ./src/main.o
 .debug_frame   0x000005ec       0x20 /usr/local/gcc-arm-none-eabi-4_9-2015q3/bin/../lib/gcc/arm-none-eabi/4.9.3/armv6-m/libgcc.a(_udivsi3.o)
 .debug_frame   0x0000060c       0x2c /usr/local/gcc-arm-none-eabi-4_9-2015q3/bin/../lib/gcc/arm-none-eabi/4.9.3/armv6-m/libgcc.a(truncdfsf2.o)
 .debug_frame   0x00000638       0x28 /usr/local/gcc-arm-none-eabi-4_9-2015q3/bin/../lib/gcc/arm-none-eabi/4.9.3/../../../../arm-none-eabi/lib/armv6-m/libg_nano.a(lib_a-atof.o)
 .debug_frame   0x00000660       0x40 /usr/local/gcc-arm-none-eabi-4_9-2015q3/bin/../lib/gcc/arm-none-eabi/4.9.3/../../../../arm-none-eabi/lib/armv6-m/libg_nano.a(lib_a-atoi.o)
 .debug_frame   0x000006a0       0x40 /usr/local/gcc-arm-none-eabi-4_9-2015q3/bin/../lib/gcc/arm-none-eabi/4.9.3/../../../../arm-none-eabi/lib/armv6-m/libg_nano.a(lib_a-atoll.o)
 .debug_frame   0x000006e0       0x20 /usr/local/gcc-arm-none-eabi-4_9-2015q3/bin/../lib/gcc/arm-none-eabi/4.9.3/../../../../arm-none-eabi/lib/armv6-m/libg_nano.a(lib_a-errno.o)
 .debug_frame   0x00000700       0x54 /usr/local/gcc-arm-none-eabi-4_9-2015q3/bin/../lib/gcc/arm-none-eabi/4.9.3/../../../../arm-none-eabi/lib/armv6-m/libg_nano.a(lib_a-snprintf.o)
 .debug_frame   0x00000754       0xa0 /usr/local/gcc-arm-none-eabi-4_9-2015q3/bin/../lib/gcc/arm-none-eabi/4.9.3/../../../../arm-none-eabi/lib/armv6-m/libg_nano.a(lib_a-strtod.o)
 .debug_frame   0x000007f4       0x4c /usr/local/gcc-arm-none-eabi-4_9-2015q3/bin/../lib/gcc/arm-none-eabi/4.9.3/../../../../arm-none-eabi/lib/armv6-m/libg_nano.a(lib_a-strtol.o)
 .debug_frame   0x00000840       0x2c /usr/local/gcc-arm-none-eabi-4_9-2015q3/bin/../lib/gcc/arm-none-eabi/4.9.3/../../../../arm-none-eabi/lib/armv6-m/libg_nano.a(lib_a-strtoll.o)
 .debug_frame   0x0000086c       0x30 /usr/local/gcc-arm-none-eabi-4_9-2015q3/bin/../lib/gcc/arm-none-eabi/4.9.3/../../../../arm-none-eabi/lib/armv6-m/libg_nano.a(lib_a-strtoll_r.o)
 .debug_frame   0x0000089c       0x60 /usr/local/gcc-arm-none-eabi-4_9-2015q3/bin/../lib/gcc/arm-none-eabi/4.9.3/../../../../arm-none-eabi/lib/armv6-m/libg_nano.a(lib_a-gdtoa-gethex.o)
 .debug_frame   0x000008fc       0x4c /usr/local/gcc-arm-none-eabi-4_9-2015q3/bin/../lib/gcc/arm-none-eabi/4.9.3/../../../../arm-none-eabi/lib/armv6-m/libg_nano.a(lib_a-gdtoa-hexnan.o)
 .debug_frame   0x00000948       0xa4 /usr/local/gcc-arm-none-eabi-4_9-2015q3/bin/../lib/gcc/arm-none-eabi/4.9.3/../../../../arm-none-eabi/lib/armv6-m/libg_nano.a(lib_a-locale.o)
 .debug_frame   0x000009ec       0x28 /usr/local/gcc-arm-none-eabi-4_9-2015q3/bin/../lib/gcc/arm-none-eabi/4.9.3/../../../../arm-none-eabi/lib/armv6-m/libg_nano.a(lib_a-memcpy.o)
 .debug_frame   0x00000a14      0x238 /usr/local/gcc-arm-none-eabi-4_9-2015q3/bin/../lib/gcc/arm-none-eabi/4.9.3/../../../../arm-none-eabi/lib/armv6-m/libg_nano.a(lib_a-mprec.o)
 .debug_frame   0x00000c4c       0x2c /usr/local/gcc-arm-none-eabi-4_9-2015q3/bin/../lib/gcc/arm-none-eabi/4.9.3/../../../../arm-none-eabi/lib/armv6-m/libg_nano.a(lib_a-nano-callocr.o)
 .debug_frame   0x00000c78       0x2c /usr/local/gcc-arm-none-eabi-4_9-2015q3/bin/../lib/gcc/arm-none-eabi/4.9.3/../../../../arm-none-eabi/lib/armv6-m/libg_nano.a(lib_a-nano-mallocr.o)
 .debug_frame   0x00000ca4       0x74 /usr/local/gcc-arm-none-eabi-4_9-2015q3/bin/../lib/gcc/arm-none-eabi/4.9.3/../../../../arm-none-eabi/lib/armv6-m/libg_nano.a(lib_a-nano-svfprintf.o)
 .debug_frame   0x00000d18       0x54 /usr/local/gcc-arm-none-eabi-4_9-2015q3/bin/../lib/gcc/arm-none-eabi/4.9.3/../../../../arm-none-eabi/lib/armv6-m/libg_nano.a(lib_a-nano-vfprintf_i.o)
 .debug_frame   0x00000d6c       0x2c /usr/local/gcc-arm-none-eabi-4_9-2015q3/bin/../lib/gcc/arm-none-eabi/4.9.3/../../../../arm-none-eabi/lib/armv6-m/libg_nano.a(lib_a-sbrkr.o)
 .debug_frame   0x00000d98       0x20 /usr/local/gcc-arm-none-eabi-4_9-2015q3/bin/../lib/gcc/arm-none-eabi/4.9.3/../../../../arm-none-eabi/lib/armv6-m/libg_nano.a(lib_a-strlen.o)
 .debug_frame   0x00000db8       0x2c /usr/local/gcc-arm-none-eabi-4_9-2015q3/bin/../lib/gcc/arm-none-eabi/4.9.3/../../../../arm-none-eabi/lib/armv6-m/libg_nano.a(lib_a-strncmp.o)
 .debug_frame   0x00000de4       0x40 /usr/local/gcc-arm-none-eabi-4_9-2015q3/bin/../lib/gcc/arm-none-eabi/4.9.3/../../../../arm-none-eabi/lib/armv6-m/libg_nano.a(lib_a-malloc.o)
 .debug_frame   0x00000e24       0x20 /usr/local/gcc-arm-none-eabi-4_9-2015q3/bin/../lib/gcc/arm-none-eabi/4.9.3/../../../../arm-none-eabi/lib/armv6-m/libg_nano.a(lib_a-memchr.o)
 .debug_frame   0x00000e44       0x28 /usr/local/gcc-arm-none-eabi-4_9-2015q3/bin/../lib/gcc/arm-none-eabi/4.9.3/../../../../arm-none-eabi/lib/armv6-m/libg_nano.a(lib_a-memmove.o)
 .debug_frame   0x00000e6c       0x20 /usr/local/gcc-arm-none-eabi-4_9-2015q3/bin/../lib/gcc/arm-none-eabi/4.9.3/../../../../arm-none-eabi/lib/armv6-m/libg_nano.a(lib_a-memset.o)
 .debug_frame   0x00000e8c       0x2c /usr/local/gcc-arm-none-eabi-4_9-2015q3/bin/../lib/gcc/arm-none-eabi/4.9.3/../../../../arm-none-eabi/lib/armv6-m/libg_nano.a(lib_a-nano-freer.o)
 .debug_frame   0x00000eb8       0x30 /usr/local/gcc-arm-none-eabi-4_9-2015q3/bin/../lib/gcc/arm-none-eabi/4.9.3/../../../../arm-none-eabi/lib/armv6-m/libg_nano.a(lib_a-nano-reallocr.o)
 .debug_frame   0x00000ee8       0x20 /usr/local/gcc-arm-none-eabi-4_9-2015q3/bin/../lib/gcc/arm-none-eabi/4.9.3/../../../../arm-none-eabi/lib/armv6-m/libg_nano.a(lib_a-nano-msizer.o)
 .debug_frame   0x00000f08       0x20 /usr/local/gcc-arm-none-eabi-4_9-2015q3/bin/../lib/gcc/arm-none-eabi/4.9.3/armv6-m/libgcc.a(_divsi3.o)
 .debug_frame   0x00000f28       0x34 /usr/local/gcc-arm-none-eabi-4_9-2015q3/bin/../lib/gcc/arm-none-eabi/4.9.3/armv6-m/libgcc.a(_muldi3.o)
 .debug_frame   0x00000f5c       0x2c /usr/local/gcc-arm-none-eabi-4_9-2015q3/bin/../lib/gcc/arm-none-eabi/4.9.3/armv6-m/libgcc.a(_fixunsdfsi.o)
 .debug_frame   0x00000f88       0x50 /usr/local/gcc-arm-none-eabi-4_9-2015q3/bin/../lib/gcc/arm-none-eabi/4.9.3/armv6-m/libgcc.a(bpabi.o)
 .debug_frame   0x00000fd8       0x38 /usr/local/gcc-arm-none-eabi-4_9-2015q3/bin/../lib/gcc/arm-none-eabi/4.9.3/armv6-m/libgcc.a(adddf3.o)
 .debug_frame   0x00001010       0x3c /usr/local/gcc-arm-none-eabi-4_9-2015q3/bin/../lib/gcc/arm-none-eabi/4.9.3/armv6-m/libgcc.a(divdf3.o)
 .debug_frame   0x0000104c       0x38 /usr/local/gcc-arm-none-eabi-4_9-2015q3/bin/../lib/gcc/arm-none-eabi/4.9.3/armv6-m/libgcc.a(eqdf2.o)
 .debug_frame   0x00001084       0x38 /usr/local/gcc-arm-none-eabi-4_9-2015q3/bin/../lib/gcc/arm-none-eabi/4.9.3/armv6-m/libgcc.a(gedf2.o)
 .debug_frame   0x000010bc       0x38 /usr/local/gcc-arm-none-eabi-4_9-2015q3/bin/../lib/gcc/arm-none-eabi/4.9.3/armv6-m/libgcc.a(ledf2.o)
 .debug_frame   0x000010f4       0x3c /usr/local/gcc-arm-none-eabi-4_9-2015q3/bin/../lib/gcc/arm-none-eabi/4.9.3/armv6-m/libgcc.a(muldf3.o)
 .debug_frame   0x00001130       0x3c /usr/local/gcc-arm-none-eabi-4_9-2015q3/bin/../lib/gcc/arm-none-eabi/4.9.3/armv6-m/libgcc.a(subdf3.o)
 .debug_frame   0x0000116c       0x2c /usr/local/gcc-arm-none-eabi-4_9-2015q3/bin/../lib/gcc/arm-none-eabi/4.9.3/armv6-m/libgcc.a(fixdfsi.o)
 .debug_frame   0x00001198       0x2c /usr/local/gcc-arm-none-eabi-4_9-2015q3/bin/../lib/gcc/arm-none-eabi/4.9.3/armv6-m/libgcc.a(floatsidf.o)
 .debug_frame   0x000011c4       0x28 /usr/local/gcc-arm-none-eabi-4_9-2015q3/bin/../lib/gcc/arm-none-eabi/4.9.3/armv6-m/libgcc.a(floatunsidf.o)
 .debug_frame   0x000011ec       0x3c /usr/local/gcc-arm-none-eabi-4_9-2015q3/bin/../lib/gcc/arm-none-eabi/4.9.3/armv6-m/libgcc.a(_divdi3.o)
 .debug_frame   0x00001228       0x3c /usr/local/gcc-arm-none-eabi-4_9-2015q3/bin/../lib/gcc/arm-none-eabi/4.9.3/armv6-m/libgcc.a(_udivdi3.o)

.debug_str      0x00000000    0x45a87
 *(.debug_str)
 .debug_str     0x00000000     0x5d4f ./system/src/newlib/_exit.o
                               0x5eb9 (size before relaxing)
 .debug_str     0x00005d4f      0x4de ./system/src/newlib/_sbrk.o
                               0x52ca (size before relaxing)
 .debug_str     0x0000622d      0xbc5 ./system/src/newlib/_startup.o
                               0x4ea2 (size before relaxing)
 .debug_str     0x00006df2     0x11be ./system/src/newlib/_syscalls.o
                               0x64ca (size before relaxing)
 .debug_str     0x00007fb0    0x3c48a ./system/src/cortexm/_initialize_hardware.o
                              0x3f337 (size before relaxing)
 .debug_str     0x0004443a      0x15f ./system/src/cortexm/exception_handlers.o
                              0x42d87 (size before relaxing)
 .debug_str     0x00044599      0x118 ./system/src/cmsis/system_stm32f0xx.o
                              0x3f3e5 (size before relaxing)
 .debug_str     0x000446b1       0x56 ./system/src/cmsis/vectors_stm32f0xx.o
                               0x2f17 (size before relaxing)
 .debug_str     0x00044707      0xab1 ./src/Terminal/MainMenu.o
                              0x42849 (size before relaxing)
 .debug_str     0x000451b8      0x3aa ./src/Terminal/Terminal.o
                              0x42bcd (size before relaxing)
 .debug_str     0x00045562       0x7e ./src/MCU/led.o
                              0x42764 (size before relaxing)
 .debug_str     0x000455e0      0x2a0 ./src/MCU/tick.o
                              0x429b6 (size before relaxing)
 .debug_str     0x00045880      0x17e ./src/MCU/usart2.o
                              0x42b3d (size before relaxing)
 .debug_str     0x000459fe       0x7b ./src/FIFO.o
                              0x4274e (size before relaxing)
 .debug_str     0x00045a79        0xe ./src/main.o
                              0x427bd (size before relaxing)

.debug_loc      0x00000000      0xbe8
 *(.debug_loc)
 .debug_loc     0x00000000       0x7b ./system/src/newlib/_sbrk.o
 .debug_loc     0x0000007b      0x265 ./system/src/newlib/_startup.o
 .debug_loc     0x000002e0       0x63 ./system/src/newlib/_syscalls.o
 .debug_loc     0x00000343       0xe2 ./system/src/cmsis/system_stm32f0xx.o
 .debug_loc     0x00000425       0x53 ./src/Terminal/MainMenu.o
 .debug_loc     0x00000478      0x2e3 ./src/Terminal/Terminal.o
 .debug_loc     0x0000075b      0x13a ./src/MCU/tick.o
 .debug_loc     0x00000895      0x21f ./src/MCU/usart2.o
 .debug_loc     0x00000ab4      0x134 ./src/FIFO.o

.debug_macinfo
 *(.debug_macinfo)

.debug_weaknames
 *(.debug_weaknames)

.debug_funcnames
 *(.debug_funcnames)

.debug_typenames
 *(.debug_typenames)

.debug_varnames
 *(.debug_varnames)
OUTPUT(Reflow-O-Matic_v0.elf elf32-littlearm)

.debug_ranges   0x00000000      0x268
 .debug_ranges  0x00000000       0x18 ./system/src/newlib/_exit.o
 .debug_ranges  0x00000018       0x10 ./system/src/newlib/_sbrk.o
 .debug_ranges  0x00000028       0x48 ./system/src/newlib/_startup.o
 .debug_ranges  0x00000070       0x20 ./system/src/newlib/_syscalls.o
 .debug_ranges  0x00000090       0x18 ./system/src/cortexm/_initialize_hardware.o
 .debug_ranges  0x000000a8       0x40 ./system/src/cortexm/exception_handlers.o
 .debug_ranges  0x000000e8       0x20 ./system/src/cmsis/system_stm32f0xx.o
 .debug_ranges  0x00000108       0x10 ./system/src/cmsis/vectors_stm32f0xx.o
 .debug_ranges  0x00000118       0x18 ./src/Terminal/MainMenu.o
 .debug_ranges  0x00000130       0x48 ./src/Terminal/Terminal.o
 .debug_ranges  0x00000178       0x28 ./src/MCU/led.o
 .debug_ranges  0x000001a0       0x30 ./src/MCU/tick.o
 .debug_ranges  0x000001d0       0x60 ./src/MCU/usart2.o
 .debug_ranges  0x00000230       0x28 ./src/FIFO.o
 .debug_ranges  0x00000258       0x10 ./src/main.o

.debug_macro    0x00000000     0x3214
 .debug_macro   0x00000000      0x131 ./system/src/newlib/_exit.o
 .debug_macro   0x00000131       0x9c ./system/src/newlib/_exit.o
 .debug_macro   0x000001cd      0x10e ./system/src/newlib/_exit.o
 .debug_macro   0x000002db       0x86 ./system/src/newlib/_exit.o
 .debug_macro   0x00000361       0x43 ./system/src/newlib/_exit.o
 .debug_macro   0x000003a4      0x27a ./system/src/newlib/_exit.o
 .debug_macro   0x0000061e       0x35 ./system/src/newlib/_exit.o
 .debug_macro   0x00000653       0xed ./system/src/newlib/_sbrk.o
 .debug_macro   0x00000740      0x16d ./system/src/newlib/_sbrk.o
 .debug_macro   0x000008ad       0x10 ./system/src/newlib/_sbrk.o
 .debug_macro   0x000008bd      0x23b ./system/src/newlib/_sbrk.o
 .debug_macro   0x00000af8       0xf7 ./system/src/newlib/_startup.o
 .debug_macro   0x00000bef      0x1ad ./system/src/newlib/_syscalls.o
 .debug_macro   0x00000d9c       0x1c ./system/src/newlib/_syscalls.o
 .debug_macro   0x00000db8       0x10 ./system/src/newlib/_syscalls.o
 .debug_macro   0x00000dc8       0x10 ./system/src/newlib/_syscalls.o
 .debug_macro   0x00000dd8       0x10 ./system/src/newlib/_syscalls.o
 .debug_macro   0x00000de8       0x10 ./system/src/newlib/_syscalls.o
 .debug_macro   0x00000df8       0x35 ./system/src/newlib/_syscalls.o
 .debug_macro   0x00000e2d      0x122 ./system/src/newlib/_syscalls.o
 .debug_macro   0x00000f4f       0x2e ./system/src/newlib/_syscalls.o
 .debug_macro   0x00000f7d       0x82 ./system/src/newlib/_syscalls.o
 .debug_macro   0x00000fff       0x2b ./system/src/newlib/_syscalls.o
 .debug_macro   0x0000102a      0x118 ./system/src/newlib/_syscalls.o
 .debug_macro   0x00001142      0x159 ./system/src/newlib/_syscalls.o
 .debug_macro   0x0000129b       0x16 ./system/src/newlib/_syscalls.o
 .debug_macro   0x000012b1      0x165 ./system/src/cortexm/_initialize_hardware.o
 .debug_macro   0x00001416      0x28e ./system/src/cortexm/exception_handlers.o
 .debug_macro   0x000016a4       0x3b ./system/src/cortexm/exception_handlers.o
 .debug_macro   0x000016df       0x22 ./system/src/cortexm/exception_handlers.o
 .debug_macro   0x00001701       0x10 ./system/src/cortexm/exception_handlers.o
 .debug_macro   0x00001711       0xc8 ./system/src/cortexm/exception_handlers.o
 .debug_macro   0x000017d9       0x19 ./system/src/cortexm/exception_handlers.o
 .debug_macro   0x000017f2       0xbe ./system/src/cortexm/exception_handlers.o
 .debug_macro   0x000018b0       0x10 ./system/src/cortexm/exception_handlers.o
 .debug_macro   0x000018c0      0x15b ./system/src/cmsis/system_stm32f0xx.o
 .debug_macro   0x00001a1b       0x34 ./system/src/cmsis/vectors_stm32f0xx.o
 .debug_macro   0x00001a4f      0x2d9 ./src/Terminal/MainMenu.o
 .debug_macro   0x00001d28       0x16 ./src/Terminal/MainMenu.o
 .debug_macro   0x00001d3e       0x97 ./src/Terminal/MainMenu.o
 .debug_macro   0x00001dd5       0xf6 ./src/Terminal/MainMenu.o
 .debug_macro   0x00001ecb       0x10 ./src/Terminal/MainMenu.o
 .debug_macro   0x00001edb       0x16 ./src/Terminal/MainMenu.o
 .debug_macro   0x00001ef1      0x197 ./src/Terminal/MainMenu.o
 .debug_macro   0x00002088       0x28 ./src/Terminal/MainMenu.o
 .debug_macro   0x000020b0       0x16 ./src/Terminal/MainMenu.o
 .debug_macro   0x000020c6      0x2f9 ./src/Terminal/Terminal.o
 .debug_macro   0x000023bf       0x1c ./src/Terminal/Terminal.o
 .debug_macro   0x000023db      0x2d4 ./src/MCU/led.o
 .debug_macro   0x000026af      0x2d4 ./src/MCU/tick.o
 .debug_macro   0x00002983      0x2e4 ./src/MCU/usart2.o
 .debug_macro   0x00002c67      0x2d0 ./src/FIFO.o
 .debug_macro   0x00002f37      0x2dd ./src/main.o
