Archive member included because of file (symbol)

/usr/local/gcc-arm-none-eabi-4_9-2015q3/bin/../lib/gcc/arm-none-eabi/4.9.3/armv6-m/libgcc.a(_udivsi3.o)
                              ./CMSIS/Source/system_MKL05Z4.o (__aeabi_uidiv)
/usr/local/gcc-arm-none-eabi-4_9-2015q3/bin/../lib/gcc/arm-none-eabi/4.9.3/armv6-m/libgcc.a(_dvmd_tls.o)
                              /usr/local/gcc-arm-none-eabi-4_9-2015q3/bin/../lib/gcc/arm-none-eabi/4.9.3/armv6-m/libgcc.a(_udivsi3.o) (__aeabi_idiv0)
/usr/local/gcc-arm-none-eabi-4_9-2015q3/bin/../lib/gcc/arm-none-eabi/4.9.3/armv6-m/libgcc.a(_arm_cmpdf2.o)
                              ./common.o (__aeabi_dcmpeq)
/usr/local/gcc-arm-none-eabi-4_9-2015q3/bin/../lib/gcc/arm-none-eabi/4.9.3/armv6-m/libgcc.a(_arm_cmpsf2.o)
                              ./PID/pid.o (__aeabi_fcmple)
/usr/local/gcc-arm-none-eabi-4_9-2015q3/bin/../lib/gcc/arm-none-eabi/4.9.3/armv6-m/libgcc.a(addsf3.o)
                              ./PID/pid.o (__aeabi_fadd)
/usr/local/gcc-arm-none-eabi-4_9-2015q3/bin/../lib/gcc/arm-none-eabi/4.9.3/armv6-m/libgcc.a(divsf3.o)
                              ./PID/pid.o (__aeabi_fdiv)
/usr/local/gcc-arm-none-eabi-4_9-2015q3/bin/../lib/gcc/arm-none-eabi/4.9.3/armv6-m/libgcc.a(eqsf2.o)
                              /usr/local/gcc-arm-none-eabi-4_9-2015q3/bin/../lib/gcc/arm-none-eabi/4.9.3/armv6-m/libgcc.a(_arm_cmpsf2.o) (__eqsf2)
/usr/local/gcc-arm-none-eabi-4_9-2015q3/bin/../lib/gcc/arm-none-eabi/4.9.3/armv6-m/libgcc.a(gesf2.o)
                              /usr/local/gcc-arm-none-eabi-4_9-2015q3/bin/../lib/gcc/arm-none-eabi/4.9.3/armv6-m/libgcc.a(_arm_cmpsf2.o) (__gesf2)
/usr/local/gcc-arm-none-eabi-4_9-2015q3/bin/../lib/gcc/arm-none-eabi/4.9.3/armv6-m/libgcc.a(lesf2.o)
                              /usr/local/gcc-arm-none-eabi-4_9-2015q3/bin/../lib/gcc/arm-none-eabi/4.9.3/armv6-m/libgcc.a(_arm_cmpsf2.o) (__lesf2)
/usr/local/gcc-arm-none-eabi-4_9-2015q3/bin/../lib/gcc/arm-none-eabi/4.9.3/armv6-m/libgcc.a(mulsf3.o)
                              ./PID/pid.o (__aeabi_fmul)
/usr/local/gcc-arm-none-eabi-4_9-2015q3/bin/../lib/gcc/arm-none-eabi/4.9.3/armv6-m/libgcc.a(subsf3.o)
                              ./PID/pid.o (__aeabi_fsub)
/usr/local/gcc-arm-none-eabi-4_9-2015q3/bin/../lib/gcc/arm-none-eabi/4.9.3/armv6-m/libgcc.a(eqdf2.o)
                              /usr/local/gcc-arm-none-eabi-4_9-2015q3/bin/../lib/gcc/arm-none-eabi/4.9.3/armv6-m/libgcc.a(_arm_cmpdf2.o) (__eqdf2)
/usr/local/gcc-arm-none-eabi-4_9-2015q3/bin/../lib/gcc/arm-none-eabi/4.9.3/armv6-m/libgcc.a(gedf2.o)
                              /usr/local/gcc-arm-none-eabi-4_9-2015q3/bin/../lib/gcc/arm-none-eabi/4.9.3/armv6-m/libgcc.a(_arm_cmpdf2.o) (__gedf2)
/usr/local/gcc-arm-none-eabi-4_9-2015q3/bin/../lib/gcc/arm-none-eabi/4.9.3/armv6-m/libgcc.a(ledf2.o)
                              /usr/local/gcc-arm-none-eabi-4_9-2015q3/bin/../lib/gcc/arm-none-eabi/4.9.3/armv6-m/libgcc.a(_arm_cmpdf2.o) (__ledf2)
/usr/local/gcc-arm-none-eabi-4_9-2015q3/bin/../lib/gcc/arm-none-eabi/4.9.3/armv6-m/libgcc.a(muldf3.o)
                              ./common.o (__aeabi_dmul)
/usr/local/gcc-arm-none-eabi-4_9-2015q3/bin/../lib/gcc/arm-none-eabi/4.9.3/armv6-m/libgcc.a(subdf3.o)
                              ./common.o (__aeabi_dsub)
/usr/local/gcc-arm-none-eabi-4_9-2015q3/bin/../lib/gcc/arm-none-eabi/4.9.3/armv6-m/libgcc.a(fixdfsi.o)
                              ./common.o (__aeabi_d2iz)
/usr/local/gcc-arm-none-eabi-4_9-2015q3/bin/../lib/gcc/arm-none-eabi/4.9.3/armv6-m/libgcc.a(floatsidf.o)
                              ./common.o (__aeabi_i2d)
/usr/local/gcc-arm-none-eabi-4_9-2015q3/bin/../lib/gcc/arm-none-eabi/4.9.3/armv6-m/libgcc.a(truncdfsf2.o)
                              ./Terminal/DebugInterface.o (__aeabi_d2f)
/usr/local/gcc-arm-none-eabi-4_9-2015q3/bin/../lib/gcc/arm-none-eabi/4.9.3/armv6-m/libgcc.a(_clzsi2.o)
                              /usr/local/gcc-arm-none-eabi-4_9-2015q3/bin/../lib/gcc/arm-none-eabi/4.9.3/armv6-m/libgcc.a(addsf3.o) (__clzsi2)
/usr/local/gcc-arm-none-eabi-4_9-2015q3/bin/../lib/gcc/arm-none-eabi/4.9.3/../../../../arm-none-eabi/lib/armv6-m/libg_nano.a(lib_a-atof.o)
                              ./Terminal/DebugInterface.o (atof)
/usr/local/gcc-arm-none-eabi-4_9-2015q3/bin/../lib/gcc/arm-none-eabi/4.9.3/../../../../arm-none-eabi/lib/armv6-m/libg_nano.a(lib_a-atoi.o)
                              ./Terminal/DebugInterface.o (atoi)
/usr/local/gcc-arm-none-eabi-4_9-2015q3/bin/../lib/gcc/arm-none-eabi/4.9.3/../../../../arm-none-eabi/lib/armv6-m/libg_nano.a(lib_a-atoll.o)
                              ./Terminal/DebugInterface.o (atoll)
/usr/local/gcc-arm-none-eabi-4_9-2015q3/bin/../lib/gcc/arm-none-eabi/4.9.3/../../../../arm-none-eabi/lib/armv6-m/libg_nano.a(lib_a-exit.o)
                              /usr/local/gcc-arm-none-eabi-4_9-2015q3/bin/../lib/gcc/arm-none-eabi/4.9.3/../../../../arm-none-eabi/lib/armv6-m/crt0.o (exit)
[...]
Memory Configuration

Name             Origin             Length             Attributes
m_interrupts     0x00000000         0x00000100         xr
m_flash_config   0x00000400         0x00000010         xr
m_text           0x00000410         0x00007bf0         xr
m_data           0x1ffffc00         0x00001000         rw
*default*        0x00000000         0xffffffff

Linker script and memory map

LOAD /usr/local/gcc-arm-none-eabi-4_9-2015q3/bin/../lib/gcc/arm-none-eabi/4.9.3/armv6-m/crti.o
LOAD /usr/local/gcc-arm-none-eabi-4_9-2015q3/bin/../lib/gcc/arm-none-eabi/4.9.3/armv6-m/crtbegin.o
LOAD /usr/local/gcc-arm-none-eabi-4_9-2015q3/bin/../lib/gcc/arm-none-eabi/4.9.3/../../../../arm-none-eabi/lib/armv6-m/crt0.o
LOAD ./Terminal/DebugInterface.o
LOAD ./Terminal/Debug_MainMenu.o
LOAD ./PID/pid.o
LOAD ./Driver/UART/Serial_1.o
LOAD ./Driver/Tick/Tick.o
LOAD ./CMSIS/Source/startup_MKL05Z4.o
LOAD ./CMSIS/Source/system_MKL05Z4.o
LOAD ./common.o
LOAD ./main.o
START GROUP
LOAD /usr/local/gcc-arm-none-eabi-4_9-2015q3/bin/../lib/gcc/arm-none-eabi/4.9.3/armv6-m/libgcc.a
LOAD /usr/local/gcc-arm-none-eabi-4_9-2015q3/bin/../lib/gcc/arm-none-eabi/4.9.3/../../../../arm-none-eabi/lib/armv6-m/libg_nano.a
LOAD /usr/local/gcc-arm-none-eabi-4_9-2015q3/bin/../lib/gcc/arm-none-eabi/4.9.3/../../../../arm-none-eabi/lib/armv6-m/libc_nano.a
END GROUP
START GROUP
LOAD /usr/local/gcc-arm-none-eabi-4_9-2015q3/bin/../lib/gcc/arm-none-eabi/4.9.3/armv6-m/libgcc.a
LOAD /usr/local/gcc-arm-none-eabi-4_9-2015q3/bin/../lib/gcc/arm-none-eabi/4.9.3/../../../../arm-none-eabi/lib/armv6-m/libc_nano.a
LOAD /usr/local/gcc-arm-none-eabi-4_9-2015q3/bin/../lib/gcc/arm-none-eabi/4.9.3/../../../../arm-none-eabi/lib/armv6-m/libnosys.a
END GROUP
START GROUP
LOAD /usr/local/gcc-arm-none-eabi-4_9-2015q3/bin/../lib/gcc/arm-none-eabi/4.9.3/armv6-m/libgcc.a
LOAD /usr/local/gcc-arm-none-eabi-4_9-2015q3/bin/../lib/gcc/arm-none-eabi/4.9.3/../../../../arm-none-eabi/lib/armv6-m/libc_nano.a
LOAD /usr/local/gcc-arm-none-eabi-4_9-2015q3/bin/../lib/gcc/arm-none-eabi/4.9.3/../../../../arm-none-eabi/lib/armv6-m/libnosys.a
END GROUP
LOAD /usr/local/gcc-arm-none-eabi-4_9-2015q3/bin/../lib/gcc/arm-none-eabi/4.9.3/armv6-m/crtend.o
LOAD /usr/local/gcc-arm-none-eabi-4_9-2015q3/bin/../lib/gcc/arm-none-eabi/4.9.3/armv6-m/crtn.o
                0x00000200                HEAP_SIZE = DEFINED (__heap_size__)?__heap_size__:0x200
                0x00000100                STACK_SIZE = DEFINED (__stack_size__)?__stack_size__:0x100

.interrupts     0x00000000       0xc0
                0x00000000                __VECTOR_TABLE = .
                0x00000000                . = ALIGN (0x4)
 *(.isr_vector)
 .isr_vector    0x00000000       0xc0 ./CMSIS/Source/startup_MKL05Z4.o
                0x00000000                __isr_vector
                0x000000c0                . = ALIGN (0x4)

.flash_config   0x00000400       0x10
                0x00000400                . = ALIGN (0x4)
 *(.FlashConfig)
 .FlashConfig   0x00000400       0x10 ./CMSIS/Source/startup_MKL05Z4.o
                0x00000410                . = ALIGN (0x4)

.text           0x00000410      0x674
                0x00000410                . = ALIGN (0x4)
 *(.text)
 .text          0x00000410       0x60 /usr/local/gcc-arm-none-eabi-4_9-2015q3/bin/../lib/gcc/arm-none-eabi/4.9.3/armv6-m/crtbegin.o
 .text          0x00000470       0x78 /usr/local/gcc-arm-none-eabi-4_9-2015q3/bin/../lib/gcc/arm-none-eabi/4.9.3/../../../../arm-none-eabi/lib/armv6-m/crt0.o
                0x00000470                _mainCRTStartup
                0x00000470                _start
 .text          0x000004e8       0x34 ./CMSIS/Source/startup_MKL05Z4.o
                0x000004e8                Reset_Handler
                0x00000514                I2C0_IRQHandler
                0x00000514                HardFault_Handler
                0x00000514                SysTick_Handler
                0x00000514                PendSV_Handler
                0x00000514                NMI_Handler
                0x00000514                DMA2_IRQHandler
                0x00000514                Reserved29_IRQHandler
                0x00000514                TPM0_IRQHandler
                0x00000514                LLWU_IRQHandler
                0x00000514                TSI0_IRQHandler
                0x00000514                UART0_IRQHandler
                0x00000514                ADC0_IRQHandler
                0x00000514                Reserved39_IRQHandler
                0x00000514                DefaultISR
                0x00000514                Reserved25_IRQHandler
                0x00000514                PORTB_IRQHandler
                0x00000514                RTC_IRQHandler
                0x00000514                Reserved27_IRQHandler
                0x00000514                RTC_Seconds_IRQHandler
                0x00000514                MCG_IRQHandler
                0x00000514                Reserved35_IRQHandler
                0x00000514                Reserved20_IRQHandler
                0x00000514                PIT_IRQHandler
                0x00000514                SVC_Handler
                0x00000514                DMA3_IRQHandler
                0x00000514                DMA0_IRQHandler
                0x00000514                DAC0_IRQHandler
                0x00000514                Reserved45_IRQHandler
                0x00000514                Reserved30_IRQHandler
                0x00000514                TPM1_IRQHandler
                0x00000514                LVD_LVW_IRQHandler
                0x00000514                SPI0_IRQHandler
                0x00000514                PORTA_IRQHandler
                0x00000514                FTFA_IRQHandler
                0x00000514                Reserved40_IRQHandler
                0x00000514                LPTMR0_IRQHandler
                0x00000514                CMP0_IRQHandler
                0x00000514                DMA1_IRQHandler
 *(.text*)
 .text.SDebug_WriteByte
                0x0000051c       0x2c ./Terminal/DebugInterface.o
                0x0000051c                SDebug_WriteByte
 .text.SDebug_WriteString
                0x00000548       0x28 ./Terminal/DebugInterface.o
                0x00000548                SDebug_WriteString
 .text.SDbug_DrawHeader
                0x00000570       0x2c ./Terminal/DebugInterface.o
 .text.SDebug_DrawPrompt
                0x0000059c       0x44 ./Terminal/DebugInterface.o
 .text.SDebug_Init
                0x000005e0       0x6c ./Terminal/DebugInterface.o
                0x000005e0                SDebug_Init
 .text.SDebug_DrawMainMenu
                0x0000064c       0x14 ./Terminal/Debug_MainMenu.o
 .text.SDebug_MainMenu
                0x00000660       0x20 ./Terminal/Debug_MainMenu.o
 .text.IsSerialOpen
                0x00000680       0x14 ./Driver/UART/Serial_1.o
 .text.Open     0x00000694       0x28 ./Driver/UART/Serial_1.o
 .text.Close    0x000006bc        0x8 ./Driver/UART/Serial_1.o
 .text.SendByte
                0x000006c4       0x28 ./Driver/UART/Serial_1.o
                0x000006c4                SendByte
 .text.SendString
                0x000006ec       0x4c ./Driver/UART/Serial_1.o
                0x000006ec                SendString
 .text.SendArray
                0x00000738       0x50 ./Driver/UART/Serial_1.o
                0x00000738                SendArray
 .text.DoesReceiveBufferHaveData
                0x00000788       0x20 ./Driver/UART/Serial_1.o
 .text.GetByte  0x000007a8       0x34 ./Driver/UART/Serial_1.o
 .text.Tick_Init
                0x000007dc       0x14 ./Driver/Tick/Tick.o
                0x000007dc                Tick_Init
 .text.Tick_GetMs
                0x000007f0       0x24 ./Driver/Tick/Tick.o
                0x000007f0                Tick_GetMs
 .text.Tick_DelayMs_NonBlocking
                0x00000814       0x54 ./Driver/Tick/Tick.o
                0x00000814                Tick_DelayMs_NonBlocking
 .text.SystemInit
                0x00000868       0x18 ./CMSIS/Source/system_MKL05Z4.o
                0x00000868                SystemInit
 .text.main     0x00000880       0x24 ./main.o
                0x00000880                main
 .text.exit     0x000008a4       0x2c /usr/local/gcc-arm-none-eabi-4_9-2015q3/bin/../lib/gcc/arm-none-eabi/4.9.3/../../../../arm-none-eabi/lib/armv6-m/libg_nano.a(lib_a-exit.o)
                0x000008a4                exit
 .text.__libc_init_array
                0x000008d0       0x4c /usr/local/gcc-arm-none-eabi-4_9-2015q3/bin/../lib/gcc/arm-none-eabi/4.9.3/../../../../arm-none-eabi/lib/armv6-m/libg_nano.a(lib_a-init.o)
                0x000008d0                __libc_init_array
 .text.memset   0x0000091c       0x10 /usr/local/gcc-arm-none-eabi-4_9-2015q3/bin/../lib/gcc/arm-none-eabi/4.9.3/../../../../arm-none-eabi/lib/armv6-m/libg_nano.a(lib_a-memset.o)
                0x0000091c                memset
 .text._exit    0x0000092c        0x4 /usr/local/gcc-arm-none-eabi-4_9-2015q3/bin/../lib/gcc/arm-none-eabi/4.9.3/../../../../arm-none-eabi/lib/armv6-m/libnosys.a(_exit.o)
                0x0000092c                _exit
 *(.rodata)
 .rodata        0x00000930      0x112 ./Terminal/DebugInterface.o
 *fill*         0x00000a42        0x2 
 .rodata        0x00000a44       0x22 ./Terminal/Debug_MainMenu.o
 *(.rodata*)
 .rodata.str1.1
                0x00000a66        0x2 /usr/local/gcc-arm-none-eabi-4_9-2015q3/bin/../lib/gcc/arm-none-eabi/4.9.3/../../../../arm-none-eabi/lib/armv6-m/libg_nano.a(lib_a-impure.o)
 .rodata._global_impure_ptr
                0x00000a68        0x4 /usr/local/gcc-arm-none-eabi-4_9-2015q3/bin/../lib/gcc/arm-none-eabi/4.9.3/../../../../arm-none-eabi/lib/armv6-m/libg_nano.a(lib_a-impure.o)
                0x00000a68                _global_impure_ptr
 *(.glue_7)
 .glue_7        0x00000000        0x0 linker stubs
 *(.glue_7t)
 .glue_7t       0x00000000        0x0 linker stubs
 *(.eh_frame)
 .eh_frame      0x00000a6c        0x0 /usr/local/gcc-arm-none-eabi-4_9-2015q3/bin/../lib/gcc/arm-none-eabi/4.9.3/armv6-m/crtbegin.o
 *(.init)
 .init          0x00000a6c        0x4 /usr/local/gcc-arm-none-eabi-4_9-2015q3/bin/../lib/gcc/arm-none-eabi/4.9.3/armv6-m/crti.o
                0x00000a6c                _init
 .init          0x00000a70        0x8 /usr/local/gcc-arm-none-eabi-4_9-2015q3/bin/../lib/gcc/arm-none-eabi/4.9.3/armv6-m/crtn.o
 *(.fini)
 .fini          0x00000a78        0x4 /usr/local/gcc-arm-none-eabi-4_9-2015q3/bin/../lib/gcc/arm-none-eabi/4.9.3/armv6-m/crti.o
                0x00000a78                _fini
 .fini          0x00000a7c        0x8 /usr/local/gcc-arm-none-eabi-4_9-2015q3/bin/../lib/gcc/arm-none-eabi/4.9.3/armv6-m/crtn.o
                0x00000a84                . = ALIGN (0x4)

.vfp11_veneer   0x00000a84        0x0
 .vfp11_veneer  0x00000000        0x0 linker stubs

.v4_bx          0x00000a84        0x0
 .v4_bx         0x00000000        0x0 linker stubs

.iplt           0x00000a84        0x0
 .iplt          0x00000000        0x0 /usr/local/gcc-arm-none-eabi-4_9-2015q3/bin/../lib/gcc/arm-none-eabi/4.9.3/armv6-m/crtbegin.o

.ARM.extab
 *(.ARM.extab* .gnu.linkonce.armextab.*)

.ARM            0x00000a84        0x8
                0x00000a84                __exidx_start = .
 *(.ARM.exidx*)
 .ARM.exidx     0x00000a84        0x8 /usr/local/gcc-arm-none-eabi-4_9-2015q3/bin/../lib/gcc/arm-none-eabi/4.9.3/../../../../arm-none-eabi/lib/armv6-m/crt0.o
                0x00000a8c                __exidx_end = .

.rel.dyn        0x00000a8c        0x0
 .rel.iplt      0x00000000        0x0 /usr/local/gcc-arm-none-eabi-4_9-2015q3/bin/../lib/gcc/arm-none-eabi/4.9.3/armv6-m/crtbegin.o

.ctors          0x00000a8c        0x0
                0x00000a8c                __CTOR_LIST__ = .
 *crtbegin.o(.ctors)
 *crtbegin?.o(.ctors)
 *(EXCLUDE_FILE(*crtend.o *crtend?.o) .ctors)
 *(SORT(.ctors.*))
 *(.ctors)
                0x00000a8c                __CTOR_END__ = .

.dtors          0x00000a8c        0x0
                0x00000a8c                __DTOR_LIST__ = .
 *crtbegin.o(.dtors)
 *crtbegin?.o(.dtors)
 *(EXCLUDE_FILE(*crtend.o *crtend?.o) .dtors)
 *(SORT(.dtors.*))
 *(.dtors)
                0x00000a8c                __DTOR_END__ = .

.preinit_array  0x00000a8c        0x0
                0x00000a8c                PROVIDE (__preinit_array_start, .)
 *(.preinit_array*)
                0x00000a8c                PROVIDE (__preinit_array_end, .)

.init_array     0x00000a8c        0x4
                0x00000a8c                PROVIDE (__init_array_start, .)
 *(SORT(.init_array.*))
 *(.init_array*)
 .init_array    0x00000a8c        0x4 /usr/local/gcc-arm-none-eabi-4_9-2015q3/bin/../lib/gcc/arm-none-eabi/4.9.3/armv6-m/crtbegin.o
                0x00000a90                PROVIDE (__init_array_end, .)

.fini_array     0x00000a90        0x4
                0x00000a90                PROVIDE (__fini_array_start, .)
 *(SORT(.fini_array.*))
 *(.fini_array*)
 .fini_array    0x00000a90        0x4 /usr/local/gcc-arm-none-eabi-4_9-2015q3/bin/../lib/gcc/arm-none-eabi/4.9.3/armv6-m/crtbegin.o
                0x00000a94                PROVIDE (__fini_array_end, .)
                0x00000a94                __etext = .
                0x00000a94                __DATA_ROM = .

.mtb            0x1ffffc00        0x0
                0x1ffffc00                . = ALIGN (0x8)
                0x1ffffc00                _mtb_start = .
 *(.mtb_buf)
                0x1ffffc00                . = ALIGN (0x8)
                0x1ffffc00                _mtb_end = .

.data           0x1ffffc00       0xa4 load address 0x00000a94
                0x1ffffc00                . = ALIGN (0x4)
                0x1ffffc00                __DATA_RAM = .
                0x1ffffc00                __data_start__ = .
 *(.data)
 *(.data*)
 .data.ProcessUpdateRate
                0x1ffffc00        0x8 ./Terminal/DebugInterface.o
 .data.ReadBufferPointer
                0x1ffffc08        0x4 ./Terminal/DebugInterface.o
                0x1ffffc08                ReadBufferPointer
 .data.ActiveMenuPointer
                0x1ffffc0c        0x4 ./Terminal/DebugInterface.o
                0x1ffffc0c                ActiveMenuPointer
 .data.DefaultMenu
                0x1ffffc10       0x10 ./Terminal/Debug_MainMenu.o
                0x1ffffc10                DefaultMenu
 .data.SerialPort1
                0x1ffffc20       0x20 ./Driver/UART/Serial_1.o
                0x1ffffc20                SerialPort1
 .data.impure_data
                0x1ffffc40       0x60 /usr/local/gcc-arm-none-eabi-4_9-2015q3/bin/../lib/gcc/arm-none-eabi/4.9.3/../../../../arm-none-eabi/lib/armv6-m/libg_nano.a(lib_a-impure.o)
 *(.jcr*)
 .jcr           0x1ffffca0        0x0 /usr/local/gcc-arm-none-eabi-4_9-2015q3/bin/../lib/gcc/arm-none-eabi/4.9.3/armv6-m/crtbegin.o
 .jcr           0x1ffffca0        0x4 /usr/local/gcc-arm-none-eabi-4_9-2015q3/bin/../lib/gcc/arm-none-eabi/4.9.3/armv6-m/crtend.o
                0x1ffffca4                . = ALIGN (0x4)
                0x1ffffca4                __data_end__ = .
                0x00000b38                __DATA_END = (__DATA_ROM + (__data_end__ - __data_start__))

.igot.plt       0x1ffffca4        0x0 load address 0x00000b38
 .igot.plt      0x00000000        0x0 /usr/local/gcc-arm-none-eabi-4_9-2015q3/bin/../lib/gcc/arm-none-eabi/4.9.3/armv6-m/crtbegin.o

.bss            0x1ffffca4       0x4c load address 0x00000b38
                0x1ffffca4                . = ALIGN (0x4)
                0x1ffffca4                __START_BSS = .
                0x1ffffca4                __bss_start__ = .
 *(.bss)
 .bss           0x1ffffca4       0x1c /usr/local/gcc-arm-none-eabi-4_9-2015q3/bin/../lib/gcc/arm-none-eabi/4.9.3/armv6-m/crtbegin.o
 *(.bss*)
 .bss.COMPort   0x1ffffcc0        0x4 ./Terminal/DebugInterface.o
 .bss.ReadBufferLength
                0x1ffffcc4        0x4 ./Terminal/DebugInterface.o
                0x1ffffcc4                ReadBufferLength
 .bss.IsOpenFlag
                0x1ffffcc8        0x4 ./Driver/UART/Serial_1.o
                0x1ffffcc8                IsOpenFlag
 .bss.TickMs    0x1ffffccc        0x4 ./Driver/Tick/Tick.o
 *(COMMON)
 COMMON         0x1ffffcd0       0x1e ./Terminal/DebugInterface.o
                0x1ffffcd0                ReadBuffer
                0x1ffffcf0                . = ALIGN (0x4)
 *fill*         0x1ffffcee        0x2 
                0x1ffffcf0                __bss_end__ = .
                0x1ffffcf0                __END_BSS = .

.heap           0x1ffffcf0      0x200 load address 0x00000b84
                0x1ffffcf0                . = ALIGN (0x8)
                0x1ffffcf0                __end__ = .
                0x1ffffcf0                PROVIDE (end, .)
                0x1ffffcf0                __HeapBase = .
                0x1ffffef0                . = (. + HEAP_SIZE)
 *fill*         0x1ffffcf0      0x200 
                0x1ffffef0                __HeapLimit = .

.stack          0x1ffffef0      0x100 load address 0x00000d84
                0x1ffffef0                . = ALIGN (0x8)
                0x1ffffff0                . = (. + STACK_SIZE)
 *fill*         0x1ffffef0      0x100 
                0x20000c00                __StackTop = (ORIGIN (m_data) + 0x1000)
                0x20000b00                __StackLimit = (__StackTop - STACK_SIZE)
                0x20000c00                PROVIDE (__stack, __StackTop)

.ARM.attributes
                0x00000000       0x28
 *(.ARM.attributes)
 .ARM.attributes
                0x00000000       0x1e /usr/local/gcc-arm-none-eabi-4_9-2015q3/bin/../lib/gcc/arm-none-eabi/4.9.3/armv6-m/crti.o
 .ARM.attributes
                0x0000001e       0x2c /usr/local/gcc-arm-none-eabi-4_9-2015q3/bin/../lib/gcc/arm-none-eabi/4.9.3/armv6-m/crtbegin.o
 .ARM.attributes
                0x0000004a       0x1b /usr/local/gcc-arm-none-eabi-4_9-2015q3/bin/../lib/gcc/arm-none-eabi/4.9.3/../../../../arm-none-eabi/lib/armv6-m/crt0.o
 .ARM.attributes
                0x00000065       0x32 ./Terminal/DebugInterface.o
 .ARM.attributes
                0x00000097       0x32 ./Terminal/Debug_MainMenu.o
 .ARM.attributes
                0x000000c9       0x32 ./Driver/UART/Serial_1.o
 .ARM.attributes
                0x000000fb       0x32 ./Driver/Tick/Tick.o
 .ARM.attributes
                0x0000012d       0x1b ./CMSIS/Source/startup_MKL05Z4.o
 .ARM.attributes
                0x00000148       0x32 ./CMSIS/Source/system_MKL05Z4.o
 .ARM.attributes
                0x0000017a       0x32 ./main.o
 .ARM.attributes
                0x000001ac       0x2c /usr/local/gcc-arm-none-eabi-4_9-2015q3/bin/../lib/gcc/arm-none-eabi/4.9.3/../../../../arm-none-eabi/lib/armv6-m/libg_nano.a(lib_a-exit.o)
 .ARM.attributes
                0x000001d8       0x2c /usr/local/gcc-arm-none-eabi-4_9-2015q3/bin/../lib/gcc/arm-none-eabi/4.9.3/../../../../arm-none-eabi/lib/armv6-m/libg_nano.a(lib_a-impure.o)
 .ARM.attributes
                0x00000204       0x2c /usr/local/gcc-arm-none-eabi-4_9-2015q3/bin/../lib/gcc/arm-none-eabi/4.9.3/../../../../arm-none-eabi/lib/armv6-m/libg_nano.a(lib_a-init.o)
 .ARM.attributes
                0x00000230       0x2c /usr/local/gcc-arm-none-eabi-4_9-2015q3/bin/../lib/gcc/arm-none-eabi/4.9.3/../../../../arm-none-eabi/lib/armv6-m/libg_nano.a(lib_a-memset.o)
 .ARM.attributes
                0x0000025c       0x2c /usr/local/gcc-arm-none-eabi-4_9-2015q3/bin/../lib/gcc/arm-none-eabi/4.9.3/../../../../arm-none-eabi/lib/armv6-m/libnosys.a(_exit.o)
 .ARM.attributes
                0x00000288       0x2c /usr/local/gcc-arm-none-eabi-4_9-2015q3/bin/../lib/gcc/arm-none-eabi/4.9.3/armv6-m/crtend.o
 .ARM.attributes
                0x000002b4       0x1e /usr/local/gcc-arm-none-eabi-4_9-2015q3/bin/../lib/gcc/arm-none-eabi/4.9.3/armv6-m/crtn.o
                0x00000001                ASSERT ((__StackLimit >= __HeapLimit), region m_data overflowed with stack and heap)
OUTPUT(Reflow-O-Matic.elf elf32-littlearm)

.debug_info     0x00000000     0x14b5
 .debug_info    0x00000000      0x6d1 ./Terminal/DebugInterface.o
 .debug_info    0x000006d1      0x2e7 ./Terminal/Debug_MainMenu.o
 .debug_info    0x000009b8      0x310 ./Driver/UART/Serial_1.o
 .debug_info    0x00000cc8      0x1cd ./Driver/Tick/Tick.o
 .debug_info    0x00000e95       0x87 ./CMSIS/Source/startup_MKL05Z4.o
 .debug_info    0x00000f1c      0x39b ./CMSIS/Source/system_MKL05Z4.o
 .debug_info    0x000012b7      0x1fe ./main.o

.debug_abbrev   0x00000000      0x737
 .debug_abbrev  0x00000000      0x20a ./Terminal/DebugInterface.o
 .debug_abbrev  0x0000020a      0x129 ./Terminal/Debug_MainMenu.o
 .debug_abbrev  0x00000333      0x137 ./Driver/UART/Serial_1.o
 .debug_abbrev  0x0000046a       0xee ./Driver/Tick/Tick.o
 .debug_abbrev  0x00000558       0x14 ./CMSIS/Source/startup_MKL05Z4.o
 .debug_abbrev  0x0000056c      0x109 ./CMSIS/Source/system_MKL05Z4.o
 .debug_abbrev  0x00000675       0xc2 ./main.o

.debug_aranges  0x00000000      0x198
 .debug_aranges
                0x00000000       0x68 ./Terminal/DebugInterface.o
 .debug_aranges
                0x00000068       0x28 ./Terminal/Debug_MainMenu.o
 .debug_aranges
                0x00000090       0x58 ./Driver/UART/Serial_1.o
 .debug_aranges
                0x000000e8       0x48 ./Driver/Tick/Tick.o
 .debug_aranges
                0x00000130       0x20 ./CMSIS/Source/startup_MKL05Z4.o
 .debug_aranges
                0x00000150       0x28 ./CMSIS/Source/system_MKL05Z4.o
 .debug_aranges
                0x00000178       0x20 ./main.o

.debug_ranges   0x00000000      0x118
 .debug_ranges  0x00000000       0x58 ./Terminal/DebugInterface.o
 .debug_ranges  0x00000058       0x18 ./Terminal/Debug_MainMenu.o
 .debug_ranges  0x00000070       0x48 ./Driver/UART/Serial_1.o
 .debug_ranges  0x000000b8       0x38 ./Driver/Tick/Tick.o
 .debug_ranges  0x000000f0       0x18 ./CMSIS/Source/system_MKL05Z4.o
 .debug_ranges  0x00000108       0x10 ./main.o

.debug_macro    0x00000000     0x882a
 .debug_macro   0x00000000      0x231 ./Terminal/DebugInterface.o
 .debug_macro   0x00000231      0x820 ./Terminal/DebugInterface.o
 .debug_macro   0x00000a51       0x16 ./Terminal/DebugInterface.o
 .debug_macro   0x00000a67      0x34e ./Terminal/DebugInterface.o
 .debug_macro   0x00000db5       0x3a ./Terminal/DebugInterface.o
 .debug_macro   0x00000def       0x3a ./Terminal/DebugInterface.o
 .debug_macro   0x00000e29       0x1f ./Terminal/DebugInterface.o
 .debug_macro   0x00000e48      0x250 ./Terminal/DebugInterface.o
 .debug_macro   0x00001098       0x57 ./Terminal/DebugInterface.o
 .debug_macro   0x000010ef     0x62f9 ./Terminal/DebugInterface.o
 .debug_macro   0x000073e8       0x22 ./Terminal/DebugInterface.o
 .debug_macro   0x0000740a      0x16d ./Terminal/DebugInterface.o
 .debug_macro   0x00007577       0x58 ./Terminal/DebugInterface.o
 .debug_macro   0x000075cf       0x22 ./Terminal/DebugInterface.o
 .debug_macro   0x000075f1       0x35 ./Terminal/DebugInterface.o
 .debug_macro   0x00007626       0x9c ./Terminal/DebugInterface.o
 .debug_macro   0x000076c2       0x16 ./Terminal/DebugInterface.o
 .debug_macro   0x000076d8       0x35 ./Terminal/DebugInterface.o
 .debug_macro   0x0000770d       0x4a ./Terminal/DebugInterface.o
 .debug_macro   0x00007757       0x52 ./Terminal/DebugInterface.o
 .debug_macro   0x000077a9       0x16 ./Terminal/DebugInterface.o
 .debug_macro   0x000077bf       0x43 ./Terminal/DebugInterface.o
 .debug_macro   0x00007802      0x180 ./Terminal/DebugInterface.o
 .debug_macro   0x00007982      0x27a ./Terminal/DebugInterface.o
 .debug_macro   0x00007bfc       0x16 ./Terminal/DebugInterface.o
 .debug_macro   0x00007c12       0x29 ./Terminal/DebugInterface.o
 .debug_macro   0x00007c3b       0x1c ./Terminal/DebugInterface.o
 .debug_macro   0x00007c57       0x10 ./Terminal/DebugInterface.o
 .debug_macro   0x00007c67       0x10 ./Terminal/DebugInterface.o
 .debug_macro   0x00007c77       0x22 ./Terminal/DebugInterface.o
 .debug_macro   0x00007c99       0x22 ./Terminal/DebugInterface.o
 .debug_macro   0x00007cbb       0xbe ./Terminal/DebugInterface.o
 .debug_macro   0x00007d79       0x16 ./Terminal/DebugInterface.o
 .debug_macro   0x00007d8f      0x197 ./Terminal/DebugInterface.o
 .debug_macro   0x00007f26       0x16 ./Terminal/DebugInterface.o
 .debug_macro   0x00007f3c       0x16 ./Terminal/DebugInterface.o
 .debug_macro   0x00007f52       0x1c ./Terminal/DebugInterface.o
 .debug_macro   0x00007f6e      0x207 ./Terminal/Debug_MainMenu.o
 .debug_macro   0x00008175      0x203 ./Driver/UART/Serial_1.o
 .debug_macro   0x00008378      0x203 ./Driver/Tick/Tick.o
 .debug_macro   0x0000857b       0x60 ./CMSIS/Source/system_MKL05Z4.o
 .debug_macro   0x000085db       0x4c ./CMSIS/Source/system_MKL05Z4.o
 .debug_macro   0x00008627      0x203 ./main.o

.debug_line     0x00000000     0x1d4b
 .debug_line    0x00000000      0x6b9 ./Terminal/DebugInterface.o
 .debug_line    0x000006b9      0x514 ./Terminal/Debug_MainMenu.o
 .debug_line    0x00000bcd      0x5cf ./Driver/UART/Serial_1.o
 .debug_line    0x0000119c      0x559 ./Driver/Tick/Tick.o
 .debug_line    0x000016f5       0x6a ./CMSIS/Source/startup_MKL05Z4.o
 .debug_line    0x0000175f      0x1a1 ./CMSIS/Source/system_MKL05Z4.o
 .debug_line    0x00001900      0x44b ./main.o

.debug_str      0x00000000    0x29c5e
 .debug_str     0x00000000    0x299aa ./Terminal/DebugInterface.o
                              0x29ef7 (size before relaxing)
 .debug_str     0x000299aa       0x56 ./Terminal/Debug_MainMenu.o
                              0x29ba3 (size before relaxing)
 .debug_str     0x00029a00       0x4d ./Driver/UART/Serial_1.o
                              0x29b26 (size before relaxing)
 .debug_str     0x00029a4d       0xb1 ./Driver/Tick/Tick.o
                              0x29b23 (size before relaxing)
 .debug_str     0x00029afe      0x151 ./CMSIS/Source/system_MKL05Z4.o
                              0x266d8 (size before relaxing)
 .debug_str     0x00029c4f        0xf ./main.o
                              0x29aeb (size before relaxing)

.comment        0x00000000       0x70
 .comment       0x00000000       0x70 ./Terminal/DebugInterface.o
                                 0x71 (size before relaxing)
 .comment       0x00000000       0x71 ./Terminal/Debug_MainMenu.o
 .comment       0x00000000       0x71 ./Driver/UART/Serial_1.o
 .comment       0x00000000       0x71 ./Driver/Tick/Tick.o
 .comment       0x00000000       0x71 ./CMSIS/Source/system_MKL05Z4.o
 .comment       0x00000000       0x71 ./main.o

.debug_frame    0x00000000      0x468
 .debug_frame   0x00000000      0x144 ./Terminal/DebugInterface.o
 .debug_frame   0x00000144       0x4c ./Terminal/Debug_MainMenu.o
 .debug_frame   0x00000190      0x104 ./Driver/UART/Serial_1.o
 .debug_frame   0x00000294       0xc4 ./Driver/Tick/Tick.o
 .debug_frame   0x00000358       0x4c ./CMSIS/Source/system_MKL05Z4.o
 .debug_frame   0x000003a4       0x30 ./main.o
 .debug_frame   0x000003d4       0x28 /usr/local/gcc-arm-none-eabi-4_9-2015q3/bin/../lib/gcc/arm-none-eabi/4.9.3/../../../../arm-none-eabi/lib/armv6-m/libg_nano.a(lib_a-exit.o)
 .debug_frame   0x000003fc       0x2c /usr/local/gcc-arm-none-eabi-4_9-2015q3/bin/../lib/gcc/arm-none-eabi/4.9.3/../../../../arm-none-eabi/lib/armv6-m/libg_nano.a(lib_a-init.o)
 .debug_frame   0x00000428       0x20 /usr/local/gcc-arm-none-eabi-4_9-2015q3/bin/../lib/gcc/arm-none-eabi/4.9.3/../../../../arm-none-eabi/lib/armv6-m/libg_nano.a(lib_a-memset.o)
 .debug_frame   0x00000448       0x20 /usr/local/gcc-arm-none-eabi-4_9-2015q3/bin/../lib/gcc/arm-none-eabi/4.9.3/../../../../arm-none-eabi/lib/armv6-m/libnosys.a(_exit.o)
