21:12:03 **** Incremental Build of configuration Debug for project Reflow-O-Matic_v0 ****
make all 
Building file: ../src/MCU/temperature.c
Invoking: Cross ARM C Compiler
arm-none-eabi-gcc -mcpu=cortex-m0 -mthumb -Og -fmessage-length=0 -fsigned-char -ffunction-sections -fdata-sections -ffreestanding -fno-move-loop-invariants -Wall -Wextra  -g3 -DDEBUG -DUSE_FULL_ASSERT -DSTM32F030 -DUSE_STDPERIPH_DRIVER -DHSE_VALUE=8000000 -I"../include" -I"../system/include" -I"../system/include/cmsis" -I"../system/include/stm32f0-stdperiph" -std=gnu11 -MMD -MP -MF"src/MCU/temperature.d" -MT"src/MCU/temperature.o" -c -o "src/MCU/temperature.o" "../src/MCU/temperature.c"
Finished building: ../src/MCU/temperature.c
 
Building target: Reflow-O-Matic_v0.elf
Invoking: Cross ARM C++ Linker
arm-none-eabi-g++ -mcpu=cortex-m0 -mthumb -Og -fmessage-length=0 -fsigned-char -ffunction-sections -fdata-sections -ffreestanding -fno-move-loop-invariants -Wall -Wextra  -g3 -T mem.ld -T libs.ld -T sections.ld -nostartfiles -Xlinker --gc-sections -L"../ldscripts" -Wl,-Map,"Reflow-O-Matic_v0.map" --specs=nano.specs -o "Reflow-O-Matic_v0.elf"  ./system/src/stm32f0-stdperiph/stm32f0xx_gpio.o ./system/src/stm32f0-stdperiph/stm32f0xx_rcc.o  ./system/src/newlib/_cxx.o ./system/src/newlib/_exit.o ./system/src/newlib/_sbrk.o ./system/src/newlib/_startup.o ./system/src/newlib/_syscalls.o ./system/src/newlib/assert.o  ./system/src/diag/Trace.o ./system/src/diag/trace_impl.o  ./system/src/cortexm/_initialize_hardware.o ./system/src/cortexm/_reset_hardware.o ./system/src/cortexm/exception_handlers.o  ./system/src/cmsis/system_stm32f0xx.o ./system/src/cmsis/vectors_stm32f0xx.o  ./src/Terminal/MainMenu.o ./src/Terminal/Terminal.o  ./src/PID/pid.o  ./src/MCU/led.o ./src/MCU/temperature.o ./src/MCU/tick.o ./src/MCU/usart2.o  ./src/FIFO.o ./src/common.o ./src/main.o   
Finished building target: Reflow-O-Matic_v0.elf
 
Invoking: Cross ARM GNU Create Flash Image
arm-none-eabi-objcopy -O binary "Reflow-O-Matic_v0.elf"  "Reflow-O-Matic_v0.bin"
Finished building: Reflow-O-Matic_v0.bin
 
Invoking: Cross ARM GNU Print Size
arm-none-eabi-size --format=berkeley "Reflow-O-Matic_v0.elf"
   text	   data	    bss	    dec	    hex	filename
  24424	    300	    552	  25276	   62bc	Reflow-O-Matic_v0.elf
Finished building: Reflow-O-Matic_v0.siz
 
21:28:01 **** Incremental Build of configuration Debug for project FRDM-KL05Z_Test ****
make all 
Building file: ../Driver/LED/LED.c
Invoking: Cross ARM C Compiler
arm-none-eabi-gcc -mcpu=cortex-m0plus -mthumb -O0 -fmessage-length=0 -fsigned-char -ffunction-sections -fdata-sections -ffreestanding -fno-move-loop-invariants -Wall -Wextra  -g3 -I"/home/vagrant/Documents/Reflow-O-Matic/Firmware/FRDM-KL05Z_Test" -std=gnu11 -MMD -MP -MF"Driver/LED/LED.d" -MT"Driver/LED/LED.o" -c -o "Driver/LED/LED.o" "../Driver/LED/LED.c"
In file included from ../Driver/LED/LED.h:12:0,
                 from ../Driver/LED/LED.c:7:
../Driver/LED/../../common.h:18:22: fatal error: MKL05Z4.h: No such file or directory
  #include "MKL05Z4.h"
                      ^
compilation terminated.
make: *** [Driver/LED/LED.o] Error 1
21:28:01 **** Incremental Build of configuration Debug for project Reflow-O-Matic_v0 ****
make all 
Building file: ../src/MCU/temperature.c
Invoking: Cross ARM C Compiler
arm-none-eabi-gcc -mcpu=cortex-m0 -mthumb -Og -fmessage-length=0 -fsigned-char -ffunction-sections -fdata-sections -ffreestanding -fno-move-loop-invariants -Wall -Wextra  -g3 -DDEBUG -DUSE_FULL_ASSERT -DSTM32F030 -DUSE_STDPERIPH_DRIVER -DHSE_VALUE=8000000 -I"../include" -I"../system/include" -I"../system/include/cmsis" -I"../system/include/stm32f0-stdperiph" -std=gnu11 -MMD -MP -MF"src/MCU/temperature.d" -MT"src/MCU/temperature.o" -c -o "src/MCU/temperature.o" "../src/MCU/temperature.c"
../src/MCU/temperature.c:61:15: error: conflicting types for 'Temperature_Read'
 uint_fast8_t  Temperature_Read(float * result)
               ^
In file included from ../include/common.h:15:0,
                 from ../src/MCU/temperature.c:7:
../include/MCU/temperature.h:12:16: note: previous declaration of 'Temperature_Read' was here
  uint_fast8_t  Temperature_Read(uint32_t * result);
                ^
../src/MCU/temperature.c: In function 'Temperature_Read':
../src/MCU/temperature.c:77:39: error: expected ')' before ';' token
  *result  = (((float)4096/TempReading); * ConvertionConstant)-3.9
                                       ^
../src/MCU/temperature.c:79:2: error: expected ';' before 'return'
  return TRUE;
  ^
../src/MCU/temperature.c:80:1: warning: control reaches end of non-void function [-Wreturn-type]
 }
 ^
make: *** [src/MCU/temperature.o] Error 1
21:28:15 **** Incremental Build of configuration Debug for project FRDM-KL05Z_Test ****
make all 
Building file: ../Driver/LED/LED.c
Invoking: Cross ARM C Compiler
arm-none-eabi-gcc -mcpu=cortex-m0plus -mthumb -O0 -fmessage-length=0 -fsigned-char -ffunction-sections -fdata-sections -ffreestanding -fno-move-loop-invariants -Wall -Wextra  -g3 -I"/home/vagrant/Documents/Reflow-O-Matic/Firmware/FRDM-KL05Z_Test" -std=gnu11 -MMD -MP -MF"Driver/LED/LED.d" -MT"Driver/LED/LED.o" -c -o "Driver/LED/LED.o" "../Driver/LED/LED.c"
In file included from ../Driver/LED/LED.h:12:0,
                 from ../Driver/LED/LED.c:7:
../Driver/LED/../../common.h:18:22: fatal error: MKL05Z4.h: No such file or directory
  #include "MKL05Z4.h"
                      ^
compilation terminated.
make: *** [Driver/LED/LED.o] Error 1
21:28:16 **** Incremental Build of configuration Debug for project Reflow-O-Matic_v0 ****
make all 
Building file: ../src/MCU/temperature.c
Invoking: Cross ARM C Compiler
arm-none-eabi-gcc -mcpu=cortex-m0 -mthumb -Og -fmessage-length=0 -fsigned-char -ffunction-sections -fdata-sections -ffreestanding -fno-move-loop-invariants -Wall -Wextra  -g3 -DDEBUG -DUSE_FULL_ASSERT -DSTM32F030 -DUSE_STDPERIPH_DRIVER -DHSE_VALUE=8000000 -I"../include" -I"../system/include" -I"../system/include/cmsis" -I"../system/include/stm32f0-stdperiph" -std=gnu11 -MMD -MP -MF"src/MCU/temperature.d" -MT"src/MCU/temperature.o" -c -o "src/MCU/temperature.o" "../src/MCU/temperature.c"
../src/MCU/temperature.c:61:15: error: conflicting types for 'Temperature_Read'
 uint_fast8_t  Temperature_Read(float * result)
               ^
In file included from ../include/common.h:15:0,
                 from ../src/MCU/temperature.c:7:
../include/MCU/temperature.h:12:16: note: previous declaration of 'Temperature_Read' was here
  uint_fast8_t  Temperature_Read(uint32_t * result);
                ^
../src/MCU/temperature.c: In function 'Temperature_Read':
../src/MCU/temperature.c:77:39: error: expected ')' before ';' token
  *result  = (((float)4096/TempReading); * ConvertionConstant)-3.9;
                                       ^
make: *** [src/MCU/temperature.o] Error 1
21:28:27 **** Incremental Build of configuration Debug for project FRDM-KL05Z_Test ****
make all 
Building file: ../Driver/LED/LED.c
Invoking: Cross ARM C Compiler
arm-none-eabi-gcc -mcpu=cortex-m0plus -mthumb -O0 -fmessage-length=0 -fsigned-char -ffunction-sections -fdata-sections -ffreestanding -fno-move-loop-invariants -Wall -Wextra  -g3 -I"/home/vagrant/Documents/Reflow-O-Matic/Firmware/FRDM-KL05Z_Test" -std=gnu11 -MMD -MP -MF"Driver/LED/LED.d" -MT"Driver/LED/LED.o" -c -o "Driver/LED/LED.o" "../Driver/LED/LED.c"
In file included from ../Driver/LED/LED.h:12:0,
                 from ../Driver/LED/LED.c:7:
../Driver/LED/../../common.h:18:22: fatal error: MKL05Z4.h: No such file or directory
  #include "MKL05Z4.h"
                      ^
compilation terminated.
make: *** [Driver/LED/LED.o] Error 1
21:28:27 **** Incremental Build of configuration Debug for project Reflow-O-Matic_v0 ****
make all 
Building file: ../src/MCU/temperature.c
Invoking: Cross ARM C Compiler
arm-none-eabi-gcc -mcpu=cortex-m0 -mthumb -Og -fmessage-length=0 -fsigned-char -ffunction-sections -fdata-sections -ffreestanding -fno-move-loop-invariants -Wall -Wextra  -g3 -DDEBUG -DUSE_FULL_ASSERT -DSTM32F030 -DUSE_STDPERIPH_DRIVER -DHSE_VALUE=8000000 -I"../include" -I"../system/include" -I"../system/include/cmsis" -I"../system/include/stm32f0-stdperiph" -std=gnu11 -MMD -MP -MF"src/MCU/temperature.d" -MT"src/MCU/temperature.o" -c -o "src/MCU/temperature.o" "../src/MCU/temperature.c"
../src/MCU/temperature.c:61:15: error: conflicting types for 'Temperature_Read'
 uint_fast8_t  Temperature_Read(float * result)
               ^
In file included from ../include/common.h:15:0,
                 from ../src/MCU/temperature.c:7:
../include/MCU/temperature.h:12:16: note: previous declaration of 'Temperature_Read' was here
  uint_fast8_t  Temperature_Read(uint32_t * result);
                ^
make: *** [src/MCU/temperature.o] Error 1
21:28:39 **** Incremental Build of configuration Debug for project FRDM-KL05Z_Test ****
make all 
Building file: ../Driver/LED/LED.c
Invoking: Cross ARM C Compiler
arm-none-eabi-gcc -mcpu=cortex-m0plus -mthumb -O0 -fmessage-length=0 -fsigned-char -ffunction-sections -fdata-sections -ffreestanding -fno-move-loop-invariants -Wall -Wextra  -g3 -I"/home/vagrant/Documents/Reflow-O-Matic/Firmware/FRDM-KL05Z_Test" -std=gnu11 -MMD -MP -MF"Driver/LED/LED.d" -MT"Driver/LED/LED.o" -c -o "Driver/LED/LED.o" "../Driver/LED/LED.c"
In file included from ../Driver/LED/LED.h:12:0,
                 from ../Driver/LED/LED.c:7:
../Driver/LED/../../common.h:18:22: fatal error: MKL05Z4.h: No such file or directory
  #include "MKL05Z4.h"
                      ^
compilation terminated.
make: *** [Driver/LED/LED.o] Error 1
21:28:39 **** Incremental Build of configuration Debug for project Reflow-O-Matic_v0 ****
make all 
Building file: ../src/MCU/temperature.c
Invoking: Cross ARM C Compiler
arm-none-eabi-gcc -mcpu=cortex-m0 -mthumb -Og -fmessage-length=0 -fsigned-char -ffunction-sections -fdata-sections -ffreestanding -fno-move-loop-invariants -Wall -Wextra  -g3 -DDEBUG -DUSE_FULL_ASSERT -DSTM32F030 -DUSE_STDPERIPH_DRIVER -DHSE_VALUE=8000000 -I"../include" -I"../system/include" -I"../system/include/cmsis" -I"../system/include/stm32f0-stdperiph" -std=gnu11 -MMD -MP -MF"src/MCU/temperature.d" -MT"src/MCU/temperature.o" -c -o "src/MCU/temperature.o" "../src/MCU/temperature.c"
../src/MCU/temperature.c:61:15: error: conflicting types for 'Temperature_Read'
 uint_fast8_t  Temperature_Read(float * result)
               ^
In file included from ../include/common.h:15:0,
                 from ../src/MCU/temperature.c:7:
../include/MCU/temperature.h:12:16: note: previous declaration of 'Temperature_Read' was here
  uint_fast8_t  Temperature_Read(uint32_t * result);
                ^
make: *** [src/MCU/temperature.o] Error 1
21:30:04 **** Incremental Build of configuration Debug for project FRDM-KL05Z_Test ****
make all 
Building file: ../Driver/LED/LED.c
Invoking: Cross ARM C Compiler
arm-none-eabi-gcc -mcpu=cortex-m0plus -mthumb -O0 -fmessage-length=0 -fsigned-char -ffunction-sections -fdata-sections -ffreestanding -fno-move-loop-invariants -Wall -Wextra  -g3 -I"/home/vagrant/Documents/Reflow-O-Matic/Firmware/FRDM-KL05Z_Test" -std=gnu11 -MMD -MP -MF"Driver/LED/LED.d" -MT"Driver/LED/LED.o" -c -o "Driver/LED/LED.o" "../Driver/LED/LED.c"
In file included from ../Driver/LED/LED.h:12:0,
                 from ../Driver/LED/LED.c:7:
../Driver/LED/../../common.h:18:22: fatal error: MKL05Z4.h: No such file or directory
  #include "MKL05Z4.h"
                      ^
compilation terminated.
make: *** [Driver/LED/LED.o] Error 1
21:30:05 **** Incremental Build of configuration Debug for project Reflow-O-Matic_v0 ****
make all 
Building file: ../src/Terminal/MainMenu.c
Invoking: Cross ARM C Compiler
arm-none-eabi-gcc -mcpu=cortex-m0 -mthumb -Og -fmessage-length=0 -fsigned-char -ffunction-sections -fdata-sections -ffreestanding -fno-move-loop-invariants -Wall -Wextra  -g3 -DDEBUG -DUSE_FULL_ASSERT -DSTM32F030 -DUSE_STDPERIPH_DRIVER -DHSE_VALUE=8000000 -I"../include" -I"../system/include" -I"../system/include/cmsis" -I"../system/include/stm32f0-stdperiph" -std=gnu11 -MMD -MP -MF"src/Terminal/MainMenu.d" -MT"src/Terminal/MainMenu.o" -c -o "src/Terminal/MainMenu.o" "../src/Terminal/MainMenu.c"
../src/Terminal/MainMenu.c: In function 'Process':
../src/Terminal/MainMenu.c:72:3: warning: format '%f' expects argument of type 'double', but argument 4 has type 'unsigned int' [-Wformat=]
   snprintf((char *)&MessageBuffer[0], 25, "\n\r%02f",(unsigned int)ADCResult);
   ^
../src/Terminal/MainMenu.c:73:24: warning: pointer targets in passing argument 1 of 'Terminal_WriteString' differ in signedness [-Wpointer-sign]
   Terminal_WriteString(&MessageBuffer[0]);
                        ^
In file included from ../src/Terminal/MainMenu.c:9:0:
../include/./Terminal/Terminal.h:90:10: note: expected 'unsigned char *' but argument is of type 'char *'
     void Terminal_WriteString(uint8_t *source);
          ^
../src/Terminal/MainMenu.c:65:24: warning: unused parameter 'character' [-Wunused-parameter]
 void Process (uint8_t *character)
                        ^
Finished building: ../src/Terminal/MainMenu.c
 
Building file: ../src/Terminal/Terminal.c
Invoking: Cross ARM C Compiler
arm-none-eabi-gcc -mcpu=cortex-m0 -mthumb -Og -fmessage-length=0 -fsigned-char -ffunction-sections -fdata-sections -ffreestanding -fno-move-loop-invariants -Wall -Wextra  -g3 -DDEBUG -DUSE_FULL_ASSERT -DSTM32F030 -DUSE_STDPERIPH_DRIVER -DHSE_VALUE=8000000 -I"../include" -I"../system/include" -I"../system/include/cmsis" -I"../system/include/stm32f0-stdperiph" -std=gnu11 -MMD -MP -MF"src/Terminal/Terminal.d" -MT"src/Terminal/Terminal.o" -c -o "src/Terminal/Terminal.o" "../src/Terminal/Terminal.c"
Finished building: ../src/Terminal/Terminal.c
 
Building file: ../src/PID/pid.c
Invoking: Cross ARM C Compiler
arm-none-eabi-gcc -mcpu=cortex-m0 -mthumb -Og -fmessage-length=0 -fsigned-char -ffunction-sections -fdata-sections -ffreestanding -fno-move-loop-invariants -Wall -Wextra  -g3 -DDEBUG -DUSE_FULL_ASSERT -DSTM32F030 -DUSE_STDPERIPH_DRIVER -DHSE_VALUE=8000000 -I"../include" -I"../system/include" -I"../system/include/cmsis" -I"../system/include/stm32f0-stdperiph" -std=gnu11 -MMD -MP -MF"src/PID/pid.d" -MT"src/PID/pid.o" -c -o "src/PID/pid.o" "../src/PID/pid.c"
Finished building: ../src/PID/pid.c
 
Building file: ../src/MCU/led.c
Invoking: Cross ARM C Compiler
arm-none-eabi-gcc -mcpu=cortex-m0 -mthumb -Og -fmessage-length=0 -fsigned-char -ffunction-sections -fdata-sections -ffreestanding -fno-move-loop-invariants -Wall -Wextra  -g3 -DDEBUG -DUSE_FULL_ASSERT -DSTM32F030 -DUSE_STDPERIPH_DRIVER -DHSE_VALUE=8000000 -I"../include" -I"../system/include" -I"../system/include/cmsis" -I"../system/include/stm32f0-stdperiph" -std=gnu11 -MMD -MP -MF"src/MCU/led.d" -MT"src/MCU/led.o" -c -o "src/MCU/led.o" "../src/MCU/led.c"
Finished building: ../src/MCU/led.c
 
Building file: ../src/MCU/temperature.c
Invoking: Cross ARM C Compiler
arm-none-eabi-gcc -mcpu=cortex-m0 -mthumb -Og -fmessage-length=0 -fsigned-char -ffunction-sections -fdata-sections -ffreestanding -fno-move-loop-invariants -Wall -Wextra  -g3 -DDEBUG -DUSE_FULL_ASSERT -DSTM32F030 -DUSE_STDPERIPH_DRIVER -DHSE_VALUE=8000000 -I"../include" -I"../system/include" -I"../system/include/cmsis" -I"../system/include/stm32f0-stdperiph" -std=gnu11 -MMD -MP -MF"src/MCU/temperature.d" -MT"src/MCU/temperature.o" -c -o "src/MCU/temperature.o" "../src/MCU/temperature.c"
Finished building: ../src/MCU/temperature.c
 
Building file: ../src/MCU/tick.c
Invoking: Cross ARM C Compiler
arm-none-eabi-gcc -mcpu=cortex-m0 -mthumb -Og -fmessage-length=0 -fsigned-char -ffunction-sections -fdata-sections -ffreestanding -fno-move-loop-invariants -Wall -Wextra  -g3 -DDEBUG -DUSE_FULL_ASSERT -DSTM32F030 -DUSE_STDPERIPH_DRIVER -DHSE_VALUE=8000000 -I"../include" -I"../system/include" -I"../system/include/cmsis" -I"../system/include/stm32f0-stdperiph" -std=gnu11 -MMD -MP -MF"src/MCU/tick.d" -MT"src/MCU/tick.o" -c -o "src/MCU/tick.o" "../src/MCU/tick.c"
Finished building: ../src/MCU/tick.c
 
Building file: ../src/MCU/usart2.c
Invoking: Cross ARM C Compiler
arm-none-eabi-gcc -mcpu=cortex-m0 -mthumb -Og -fmessage-length=0 -fsigned-char -ffunction-sections -fdata-sections -ffreestanding -fno-move-loop-invariants -Wall -Wextra  -g3 -DDEBUG -DUSE_FULL_ASSERT -DSTM32F030 -DUSE_STDPERIPH_DRIVER -DHSE_VALUE=8000000 -I"../include" -I"../system/include" -I"../system/include/cmsis" -I"../system/include/stm32f0-stdperiph" -std=gnu11 -MMD -MP -MF"src/MCU/usart2.d" -MT"src/MCU/usart2.o" -c -o "src/MCU/usart2.o" "../src/MCU/usart2.c"
Finished building: ../src/MCU/usart2.c
 
Building file: ../src/FIFO.c
Invoking: Cross ARM C Compiler
arm-none-eabi-gcc -mcpu=cortex-m0 -mthumb -Og -fmessage-length=0 -fsigned-char -ffunction-sections -fdata-sections -ffreestanding -fno-move-loop-invariants -Wall -Wextra  -g3 -DDEBUG -DUSE_FULL_ASSERT -DSTM32F030 -DUSE_STDPERIPH_DRIVER -DHSE_VALUE=8000000 -I"../include" -I"../system/include" -I"../system/include/cmsis" -I"../system/include/stm32f0-stdperiph" -std=gnu11 -MMD -MP -MF"src/FIFO.d" -MT"src/FIFO.o" -c -o "src/FIFO.o" "../src/FIFO.c"
Finished building: ../src/FIFO.c
 
Building file: ../src/common.c
Invoking: Cross ARM C Compiler
arm-none-eabi-gcc -mcpu=cortex-m0 -mthumb -Og -fmessage-length=0 -fsigned-char -ffunction-sections -fdata-sections -ffreestanding -fno-move-loop-invariants -Wall -Wextra  -g3 -DDEBUG -DUSE_FULL_ASSERT -DSTM32F030 -DUSE_STDPERIPH_DRIVER -DHSE_VALUE=8000000 -I"../include" -I"../system/include" -I"../system/include/cmsis" -I"../system/include/stm32f0-stdperiph" -std=gnu11 -MMD -MP -MF"src/common.d" -MT"src/common.o" -c -o "src/common.o" "../src/common.c"
Finished building: ../src/common.c
 
Building file: ../src/main.c
Invoking: Cross ARM C Compiler
arm-none-eabi-gcc -mcpu=cortex-m0 -mthumb -Og -fmessage-length=0 -fsigned-char -ffunction-sections -fdata-sections -ffreestanding -fno-move-loop-invariants -Wall -Wextra  -g3 -DDEBUG -DUSE_FULL_ASSERT -DSTM32F030 -DUSE_STDPERIPH_DRIVER -DHSE_VALUE=8000000 -I"../include" -I"../system/include" -I"../system/include/cmsis" -I"../system/include/stm32f0-stdperiph" -std=gnu11 -MMD -MP -MF"src/main.d" -MT"src/main.o" -c -o "src/main.o" "../src/main.c"
Finished building: ../src/main.c
 
Building target: Reflow-O-Matic_v0.elf
Invoking: Cross ARM C++ Linker
arm-none-eabi-g++ -mcpu=cortex-m0 -mthumb -Og -fmessage-length=0 -fsigned-char -ffunction-sections -fdata-sections -ffreestanding -fno-move-loop-invariants -Wall -Wextra  -g3 -T mem.ld -T libs.ld -T sections.ld -nostartfiles -Xlinker --gc-sections -L"../ldscripts" -Wl,-Map,"Reflow-O-Matic_v0.map" --specs=nano.specs -o "Reflow-O-Matic_v0.elf"  ./system/src/stm32f0-stdperiph/stm32f0xx_gpio.o ./system/src/stm32f0-stdperiph/stm32f0xx_rcc.o  ./system/src/newlib/_cxx.o ./system/src/newlib/_exit.o ./system/src/newlib/_sbrk.o ./system/src/newlib/_startup.o ./system/src/newlib/_syscalls.o ./system/src/newlib/assert.o  ./system/src/diag/Trace.o ./system/src/diag/trace_impl.o  ./system/src/cortexm/_initialize_hardware.o ./system/src/cortexm/_reset_hardware.o ./system/src/cortexm/exception_handlers.o  ./system/src/cmsis/system_stm32f0xx.o ./system/src/cmsis/vectors_stm32f0xx.o  ./src/Terminal/MainMenu.o ./src/Terminal/Terminal.o  ./src/PID/pid.o  ./src/MCU/led.o ./src/MCU/temperature.o ./src/MCU/tick.o ./src/MCU/usart2.o  ./src/FIFO.o ./src/common.o ./src/main.o   
Finished building target: Reflow-O-Matic_v0.elf
 
Invoking: Cross ARM GNU Create Flash Image
arm-none-eabi-objcopy -O binary "Reflow-O-Matic_v0.elf"  "Reflow-O-Matic_v0.bin"
Finished building: Reflow-O-Matic_v0.bin
 
Invoking: Cross ARM GNU Print Size
arm-none-eabi-size --format=berkeley "Reflow-O-Matic_v0.elf"
   text	   data	    bss	    dec	    hex	filename
  27592	    304	    552	  28448	   6f20	Reflow-O-Matic_v0.elf
Finished building: Reflow-O-Matic_v0.siz
 
21:30:56 **** Incremental Build of configuration Debug for project Reflow-O-Matic_v0 ****
make all 
Invoking: Cross ARM GNU Print Size
arm-none-eabi-size --format=berkeley "Reflow-O-Matic_v0.elf"
   text	   data	    bss	    dec	    hex	filename
  27592	    304	    552	  28448	   6f20	Reflow-O-Matic_v0.elf
Finished building: Reflow-O-Matic_v0.siz
 
21:32:33 **** Incremental Build of configuration Debug for project FRDM-KL05Z_Test ****
make all 
Building file: ../Driver/LED/LED.c
Invoking: Cross ARM C Compiler
arm-none-eabi-gcc -mcpu=cortex-m0plus -mthumb -O0 -fmessage-length=0 -fsigned-char -ffunction-sections -fdata-sections -ffreestanding -fno-move-loop-invariants -Wall -Wextra  -g3 -I"/home/vagrant/Documents/Reflow-O-Matic/Firmware/FRDM-KL05Z_Test" -std=gnu11 -MMD -MP -MF"Driver/LED/LED.d" -MT"Driver/LED/LED.o" -c -o "Driver/LED/LED.o" "../Driver/LED/LED.c"
In file included from ../Driver/LED/LED.h:12:0,
                 from ../Driver/LED/LED.c:7:
../Driver/LED/../../common.h:18:22: fatal error: MKL05Z4.h: No such file or directory
  #include "MKL05Z4.h"
                      ^
compilation terminated.
make: *** [Driver/LED/LED.o] Error 1
21:32:33 **** Incremental Build of configuration Debug for project Reflow-O-Matic_v0 ****
make all 
Building file: ../src/Terminal/MainMenu.c
Invoking: Cross ARM C Compiler
arm-none-eabi-gcc -mcpu=cortex-m0 -mthumb -Og -fmessage-length=0 -fsigned-char -ffunction-sections -fdata-sections -ffreestanding -fno-move-loop-invariants -Wall -Wextra  -g3 -DDEBUG -DUSE_FULL_ASSERT -DSTM32F030 -DUSE_STDPERIPH_DRIVER -DHSE_VALUE=8000000 -I"../include" -I"../system/include" -I"../system/include/cmsis" -I"../system/include/stm32f0-stdperiph" -std=gnu11 -MMD -MP -MF"src/Terminal/MainMenu.d" -MT"src/Terminal/MainMenu.o" -c -o "src/Terminal/MainMenu.o" "../src/Terminal/MainMenu.c"
../src/Terminal/MainMenu.c: In function 'Process':
../src/Terminal/MainMenu.c:73:24: warning: pointer targets in passing argument 1 of 'Terminal_WriteString' differ in signedness [-Wpointer-sign]
   Terminal_WriteString(&MessageBuffer[0]);
                        ^
In file included from ../src/Terminal/MainMenu.c:9:0:
../include/./Terminal/Terminal.h:90:10: note: expected 'unsigned char *' but argument is of type 'char *'
     void Terminal_WriteString(uint8_t *source);
          ^
../src/Terminal/MainMenu.c:65:24: warning: unused parameter 'character' [-Wunused-parameter]
 void Process (uint8_t *character)
                        ^
Finished building: ../src/Terminal/MainMenu.c
 
Building target: Reflow-O-Matic_v0.elf
Invoking: Cross ARM C++ Linker
arm-none-eabi-g++ -mcpu=cortex-m0 -mthumb -Og -fmessage-length=0 -fsigned-char -ffunction-sections -fdata-sections -ffreestanding -fno-move-loop-invariants -Wall -Wextra  -g3 -T mem.ld -T libs.ld -T sections.ld -nostartfiles -Xlinker --gc-sections -L"../ldscripts" -Wl,-Map,"Reflow-O-Matic_v0.map" --specs=nano.specs -o "Reflow-O-Matic_v0.elf"  ./system/src/stm32f0-stdperiph/stm32f0xx_gpio.o ./system/src/stm32f0-stdperiph/stm32f0xx_rcc.o  ./system/src/newlib/_cxx.o ./system/src/newlib/_exit.o ./system/src/newlib/_sbrk.o ./system/src/newlib/_startup.o ./system/src/newlib/_syscalls.o ./system/src/newlib/assert.o  ./system/src/diag/Trace.o ./system/src/diag/trace_impl.o  ./system/src/cortexm/_initialize_hardware.o ./system/src/cortexm/_reset_hardware.o ./system/src/cortexm/exception_handlers.o  ./system/src/cmsis/system_stm32f0xx.o ./system/src/cmsis/vectors_stm32f0xx.o  ./src/Terminal/MainMenu.o ./src/Terminal/Terminal.o  ./src/PID/pid.o  ./src/MCU/led.o ./src/MCU/temperature.o ./src/MCU/tick.o ./src/MCU/usart2.o  ./src/FIFO.o ./src/common.o ./src/main.o   
Finished building target: Reflow-O-Matic_v0.elf
 
Invoking: Cross ARM GNU Create Flash Image
arm-none-eabi-objcopy -O binary "Reflow-O-Matic_v0.elf"  "Reflow-O-Matic_v0.bin"
Finished building: Reflow-O-Matic_v0.bin
 
Invoking: Cross ARM GNU Print Size
arm-none-eabi-size --format=berkeley "Reflow-O-Matic_v0.elf"
   text	   data	    bss	    dec	    hex	filename
  26224	    304	    552	  27080	   69c8	Reflow-O-Matic_v0.elf
Finished building: Reflow-O-Matic_v0.siz
 
21:44:20 **** Incremental Build of configuration Debug for project FRDM-KL05Z_Test ****
make all 
Building file: ../Driver/LED/LED.c
Invoking: Cross ARM C Compiler
arm-none-eabi-gcc -mcpu=cortex-m0plus -mthumb -O0 -fmessage-length=0 -fsigned-char -ffunction-sections -fdata-sections -ffreestanding -fno-move-loop-invariants -Wall -Wextra  -g3 -I"/home/vagrant/Documents/Reflow-O-Matic/Firmware/FRDM-KL05Z_Test" -std=gnu11 -MMD -MP -MF"Driver/LED/LED.d" -MT"Driver/LED/LED.o" -c -o "Driver/LED/LED.o" "../Driver/LED/LED.c"
In file included from ../Driver/LED/LED.h:12:0,
                 from ../Driver/LED/LED.c:7:
../Driver/LED/../../common.h:18:22: fatal error: MKL05Z4.h: No such file or directory
  #include "MKL05Z4.h"
                      ^
compilation terminated.
make: *** [Driver/LED/LED.o] Error 1
21:44:21 **** Incremental Build of configuration Debug for project Reflow-O-Matic_v0 ****
make all 
Building file: ../src/Terminal/MainMenu.c
Invoking: Cross ARM C Compiler
arm-none-eabi-gcc -mcpu=cortex-m0 -mthumb -Og -fmessage-length=0 -fsigned-char -ffunction-sections -fdata-sections -ffreestanding -fno-move-loop-invariants -Wall -Wextra  -g3 -DDEBUG -DUSE_FULL_ASSERT -DSTM32F030 -DUSE_STDPERIPH_DRIVER -DHSE_VALUE=8000000 -I"../include" -I"../system/include" -I"../system/include/cmsis" -I"../system/include/stm32f0-stdperiph" -std=gnu11 -MMD -MP -MF"src/Terminal/MainMenu.d" -MT"src/Terminal/MainMenu.o" -c -o "src/Terminal/MainMenu.o" "../src/Terminal/MainMenu.c"
../src/Terminal/MainMenu.c: In function 'Process':
../src/Terminal/MainMenu.c:73:24: warning: pointer targets in passing argument 1 of 'Terminal_WriteString' differ in signedness [-Wpointer-sign]
   Terminal_WriteString(&MessageBuffer[0]);
                        ^
In file included from ../src/Terminal/MainMenu.c:9:0:
../include/./Terminal/Terminal.h:90:10: note: expected 'unsigned char *' but argument is of type 'char *'
     void Terminal_WriteString(uint8_t *source);
          ^
../src/Terminal/MainMenu.c:65:24: warning: unused parameter 'character' [-Wunused-parameter]
 void Process (uint8_t *character)
                        ^
Finished building: ../src/Terminal/MainMenu.c
 
Building target: Reflow-O-Matic_v0.elf
Invoking: Cross ARM C++ Linker
arm-none-eabi-g++ -mcpu=cortex-m0 -mthumb -Og -fmessage-length=0 -fsigned-char -ffunction-sections -fdata-sections -ffreestanding -fno-move-loop-invariants -Wall -Wextra  -g3 -T mem.ld -T libs.ld -T sections.ld -nostartfiles -Xlinker --gc-sections -L"../ldscripts" -Wl,-Map,"Reflow-O-Matic_v0.map" --specs=nano.specs -o "Reflow-O-Matic_v0.elf"  ./system/src/stm32f0-stdperiph/stm32f0xx_gpio.o ./system/src/stm32f0-stdperiph/stm32f0xx_rcc.o  ./system/src/newlib/_cxx.o ./system/src/newlib/_exit.o ./system/src/newlib/_sbrk.o ./system/src/newlib/_startup.o ./system/src/newlib/_syscalls.o ./system/src/newlib/assert.o  ./system/src/diag/Trace.o ./system/src/diag/trace_impl.o  ./system/src/cortexm/_initialize_hardware.o ./system/src/cortexm/_reset_hardware.o ./system/src/cortexm/exception_handlers.o  ./system/src/cmsis/system_stm32f0xx.o ./system/src/cmsis/vectors_stm32f0xx.o  ./src/Terminal/MainMenu.o ./src/Terminal/Terminal.o  ./src/PID/pid.o  ./src/MCU/led.o ./src/MCU/temperature.o ./src/MCU/tick.o ./src/MCU/usart2.o  ./src/FIFO.o ./src/common.o ./src/main.o   
Finished building target: Reflow-O-Matic_v0.elf
 
Invoking: Cross ARM GNU Create Flash Image
arm-none-eabi-objcopy -O binary "Reflow-O-Matic_v0.elf"  "Reflow-O-Matic_v0.bin"
Finished building: Reflow-O-Matic_v0.bin
 
Invoking: Cross ARM GNU Print Size
arm-none-eabi-size --format=berkeley "Reflow-O-Matic_v0.elf"
   text	   data	    bss	    dec	    hex	filename
  26224	    304	    552	  27080	   69c8	Reflow-O-Matic_v0.elf
Finished building: Reflow-O-Matic_v0.siz
 
21:45:35 **** Incremental Build of configuration Debug for project FRDM-KL05Z_Test ****
make all 
Building file: ../Driver/LED/LED.c
Invoking: Cross ARM C Compiler
arm-none-eabi-gcc -mcpu=cortex-m0plus -mthumb -O0 -fmessage-length=0 -fsigned-char -ffunction-sections -fdata-sections -ffreestanding -fno-move-loop-invariants -Wall -Wextra  -g3 -I"/home/vagrant/Documents/Reflow-O-Matic/Firmware/FRDM-KL05Z_Test" -std=gnu11 -MMD -MP -MF"Driver/LED/LED.d" -MT"Driver/LED/LED.o" -c -o "Driver/LED/LED.o" "../Driver/LED/LED.c"
In file included from ../Driver/LED/LED.h:12:0,
                 from ../Driver/LED/LED.c:7:
../Driver/LED/../../common.h:18:22: fatal error: MKL05Z4.h: No such file or directory
  #include "MKL05Z4.h"
                      ^
compilation terminated.
make: *** [Driver/LED/LED.o] Error 1
21:45:35 **** Incremental Build of configuration Debug for project Reflow-O-Matic_v0 ****
make all 
Building file: ../src/Terminal/MainMenu.c
Invoking: Cross ARM C Compiler
arm-none-eabi-gcc -mcpu=cortex-m0 -mthumb -Og -fmessage-length=0 -fsigned-char -ffunction-sections -fdata-sections -ffreestanding -fno-move-loop-invariants -Wall -Wextra  -g3 -DDEBUG -DUSE_FULL_ASSERT -DSTM32F030 -DUSE_STDPERIPH_DRIVER -DHSE_VALUE=8000000 -I"../include" -I"../system/include" -I"../system/include/cmsis" -I"../system/include/stm32f0-stdperiph" -std=gnu11 -MMD -MP -MF"src/Terminal/MainMenu.d" -MT"src/Terminal/MainMenu.o" -c -o "src/Terminal/MainMenu.o" "../src/Terminal/MainMenu.c"
../src/Terminal/MainMenu.c: In function 'Process':
../src/Terminal/MainMenu.c:73:24: warning: pointer targets in passing argument 1 of 'Terminal_WriteString' differ in signedness [-Wpointer-sign]
   Terminal_WriteString(&MessageBuffer[0]);
                        ^
In file included from ../src/Terminal/MainMenu.c:9:0:
../include/./Terminal/Terminal.h:90:10: note: expected 'unsigned char *' but argument is of type 'char *'
     void Terminal_WriteString(uint8_t *source);
          ^
../src/Terminal/MainMenu.c:65:24: warning: unused parameter 'character' [-Wunused-parameter]
 void Process (uint8_t *character)
                        ^
Finished building: ../src/Terminal/MainMenu.c
 
Building target: Reflow-O-Matic_v0.elf
Invoking: Cross ARM C++ Linker
arm-none-eabi-g++ -mcpu=cortex-m0 -mthumb -Og -fmessage-length=0 -fsigned-char -ffunction-sections -fdata-sections -ffreestanding -fno-move-loop-invariants -Wall -Wextra  -g3 -T mem.ld -T libs.ld -T sections.ld -nostartfiles -Xlinker --gc-sections -L"../ldscripts" -Wl,-Map,"Reflow-O-Matic_v0.map" --specs=nano.specs -o "Reflow-O-Matic_v0.elf"  ./system/src/stm32f0-stdperiph/stm32f0xx_gpio.o ./system/src/stm32f0-stdperiph/stm32f0xx_rcc.o  ./system/src/newlib/_cxx.o ./system/src/newlib/_exit.o ./system/src/newlib/_sbrk.o ./system/src/newlib/_startup.o ./system/src/newlib/_syscalls.o ./system/src/newlib/assert.o  ./system/src/diag/Trace.o ./system/src/diag/trace_impl.o  ./system/src/cortexm/_initialize_hardware.o ./system/src/cortexm/_reset_hardware.o ./system/src/cortexm/exception_handlers.o  ./system/src/cmsis/system_stm32f0xx.o ./system/src/cmsis/vectors_stm32f0xx.o  ./src/Terminal/MainMenu.o ./src/Terminal/Terminal.o  ./src/PID/pid.o  ./src/MCU/led.o ./src/MCU/temperature.o ./src/MCU/tick.o ./src/MCU/usart2.o  ./src/FIFO.o ./src/common.o ./src/main.o   
Finished building target: Reflow-O-Matic_v0.elf
 
Invoking: Cross ARM GNU Create Flash Image
arm-none-eabi-objcopy -O binary "Reflow-O-Matic_v0.elf"  "Reflow-O-Matic_v0.bin"
Finished building: Reflow-O-Matic_v0.bin
 
Invoking: Cross ARM GNU Print Size
arm-none-eabi-size --format=berkeley "Reflow-O-Matic_v0.elf"
   text	   data	    bss	    dec	    hex	filename
  26224	    304	    552	  27080	   69c8	Reflow-O-Matic_v0.elf
Finished building: Reflow-O-Matic_v0.siz
 
21:47:11 **** Incremental Build of configuration Debug for project Reflow-O-Matic_v0 ****
make all 
Invoking: Cross ARM GNU Print Size
arm-none-eabi-size --format=berkeley "Reflow-O-Matic_v0.elf"
   text	   data	    bss	    dec	    hex	filename
  26224	    304	    552	  27080	   69c8	Reflow-O-Matic_v0.elf
Finished building: Reflow-O-Matic_v0.siz
 
21:49:33 **** Incremental Build of configuration Debug for project FRDM-KL05Z_Test ****
make all 
Building file: ../Driver/LED/LED.c
Invoking: Cross ARM C Compiler
arm-none-eabi-gcc -mcpu=cortex-m0plus -mthumb -O0 -fmessage-length=0 -fsigned-char -ffunction-sections -fdata-sections -ffreestanding -fno-move-loop-invariants -Wall -Wextra  -g3 -I"/home/vagrant/Documents/Reflow-O-Matic/Firmware/FRDM-KL05Z_Test" -std=gnu11 -MMD -MP -MF"Driver/LED/LED.d" -MT"Driver/LED/LED.o" -c -o "Driver/LED/LED.o" "../Driver/LED/LED.c"
In file included from ../Driver/LED/LED.h:12:0,
                 from ../Driver/LED/LED.c:7:
../Driver/LED/../../common.h:18:22: fatal error: MKL05Z4.h: No such file or directory
  #include "MKL05Z4.h"
                      ^
compilation terminated.
make: *** [Driver/LED/LED.o] Error 1
21:49:33 **** Incremental Build of configuration Debug for project Reflow-O-Matic_v0 ****
make all 
Building target: Reflow-O-Matic_v0.elf
Invoking: Cross ARM C++ Linker
arm-none-eabi-g++ -mcpu=cortex-m0 -mthumb -Og -fmessage-length=0 -fsigned-char -ffunction-sections -fdata-sections -ffreestanding -fno-move-loop-invariants -Wall -Wextra  -g3 -T mem.ld -T libs.ld -T sections.ld -nostartfiles -Xlinker --gc-sections -L"../ldscripts" -Wl,-Map,"Reflow-O-Matic_v0.map" --specs=nano.specs -u _printf_float -o "Reflow-O-Matic_v0.elf"  ./system/src/stm32f0-stdperiph/stm32f0xx_gpio.o ./system/src/stm32f0-stdperiph/stm32f0xx_rcc.o  ./system/src/newlib/_cxx.o ./system/src/newlib/_exit.o ./system/src/newlib/_sbrk.o ./system/src/newlib/_startup.o ./system/src/newlib/_syscalls.o ./system/src/newlib/assert.o  ./system/src/diag/Trace.o ./system/src/diag/trace_impl.o  ./system/src/cortexm/_initialize_hardware.o ./system/src/cortexm/_reset_hardware.o ./system/src/cortexm/exception_handlers.o  ./system/src/cmsis/system_stm32f0xx.o ./system/src/cmsis/vectors_stm32f0xx.o  ./src/Terminal/MainMenu.o ./src/Terminal/Terminal.o  ./src/PID/pid.o  ./src/MCU/led.o ./src/MCU/temperature.o ./src/MCU/tick.o ./src/MCU/usart2.o  ./src/FIFO.o ./src/common.o ./src/main.o   
Finished building target: Reflow-O-Matic_v0.elf
 
Invoking: Cross ARM GNU Create Flash Image
arm-none-eabi-objcopy -O binary "Reflow-O-Matic_v0.elf"  "Reflow-O-Matic_v0.bin"
Finished building: Reflow-O-Matic_v0.bin
 
Invoking: Cross ARM GNU Print Size
arm-none-eabi-size --format=berkeley "Reflow-O-Matic_v0.elf"
   text	   data	    bss	    dec	    hex	filename
  31120	    304	    552	  31976	   7ce8	Reflow-O-Matic_v0.elf
Finished building: Reflow-O-Matic_v0.siz
 
21:58:52 **** Incremental Build of configuration Debug for project FRDM-KL05Z_Test ****
make all 
Building file: ../Driver/LED/LED.c
Invoking: Cross ARM C Compiler
arm-none-eabi-gcc -mcpu=cortex-m0plus -mthumb -O0 -fmessage-length=0 -fsigned-char -ffunction-sections -fdata-sections -ffreestanding -fno-move-loop-invariants -Wall -Wextra  -g3 -I"/home/vagrant/Documents/Reflow-O-Matic/Firmware/FRDM-KL05Z_Test" -std=gnu11 -MMD -MP -MF"Driver/LED/LED.d" -MT"Driver/LED/LED.o" -c -o "Driver/LED/LED.o" "../Driver/LED/LED.c"
In file included from ../Driver/LED/LED.h:12:0,
                 from ../Driver/LED/LED.c:7:
../Driver/LED/../../common.h:18:22: fatal error: MKL05Z4.h: No such file or directory
  #include "MKL05Z4.h"
                      ^
compilation terminated.
make: *** [Driver/LED/LED.o] Error 1
21:58:52 **** Incremental Build of configuration Debug for project Reflow-O-Matic_v0 ****
make all 
Building file: ../src/MCU/temperature.c
Invoking: Cross ARM C Compiler
arm-none-eabi-gcc -mcpu=cortex-m0 -mthumb -Og -fmessage-length=0 -fsigned-char -ffunction-sections -fdata-sections -ffreestanding -fno-move-loop-invariants -Wall -Wextra  -g3 -DDEBUG -DUSE_FULL_ASSERT -DSTM32F030 -DUSE_STDPERIPH_DRIVER -DHSE_VALUE=8000000 -I"../include" -I"../system/include" -I"../system/include/cmsis" -I"../system/include/stm32f0-stdperiph" -std=gnu11 -MMD -MP -MF"src/MCU/temperature.d" -MT"src/MCU/temperature.o" -c -o "src/MCU/temperature.o" "../src/MCU/temperature.c"
Finished building: ../src/MCU/temperature.c
 
Building target: Reflow-O-Matic_v0.elf
Invoking: Cross ARM C++ Linker
arm-none-eabi-g++ -mcpu=cortex-m0 -mthumb -Og -fmessage-length=0 -fsigned-char -ffunction-sections -fdata-sections -ffreestanding -fno-move-loop-invariants -Wall -Wextra  -g3 -T mem.ld -T libs.ld -T sections.ld -nostartfiles -Xlinker --gc-sections -L"../ldscripts" -Wl,-Map,"Reflow-O-Matic_v0.map" --specs=nano.specs -u _printf_float -o "Reflow-O-Matic_v0.elf"  ./system/src/stm32f0-stdperiph/stm32f0xx_gpio.o ./system/src/stm32f0-stdperiph/stm32f0xx_rcc.o  ./system/src/newlib/_cxx.o ./system/src/newlib/_exit.o ./system/src/newlib/_sbrk.o ./system/src/newlib/_startup.o ./system/src/newlib/_syscalls.o ./system/src/newlib/assert.o  ./system/src/diag/Trace.o ./system/src/diag/trace_impl.o  ./system/src/cortexm/_initialize_hardware.o ./system/src/cortexm/_reset_hardware.o ./system/src/cortexm/exception_handlers.o  ./system/src/cmsis/system_stm32f0xx.o ./system/src/cmsis/vectors_stm32f0xx.o  ./src/Terminal/MainMenu.o ./src/Terminal/Terminal.o  ./src/PID/pid.o  ./src/MCU/led.o ./src/MCU/temperature.o ./src/MCU/tick.o ./src/MCU/usart2.o  ./src/FIFO.o ./src/common.o ./src/main.o   
Finished building target: Reflow-O-Matic_v0.elf
 
Invoking: Cross ARM GNU Create Flash Image
arm-none-eabi-objcopy -O binary "Reflow-O-Matic_v0.elf"  "Reflow-O-Matic_v0.bin"
Finished building: Reflow-O-Matic_v0.bin
 
Invoking: Cross ARM GNU Print Size
arm-none-eabi-size --format=berkeley "Reflow-O-Matic_v0.elf"
   text	   data	    bss	    dec	    hex	filename
  31904	    304	    552	  32760	   7ff8	Reflow-O-Matic_v0.elf
Finished building: Reflow-O-Matic_v0.siz
 
21:58:59 **** Incremental Build of configuration Debug for project Reflow-O-Matic_v0 ****
make all 
Invoking: Cross ARM GNU Print Size
arm-none-eabi-size --format=berkeley "Reflow-O-Matic_v0.elf"
   text	   data	    bss	    dec	    hex	filename
  31904	    304	    552	  32760	   7ff8	Reflow-O-Matic_v0.elf
Finished building: Reflow-O-Matic_v0.siz
 
22:00:24 **** Incremental Build of configuration Debug for project FRDM-KL05Z_Test ****
make all 
Building file: ../Driver/LED/LED.c
Invoking: Cross ARM C Compiler
arm-none-eabi-gcc -mcpu=cortex-m0plus -mthumb -O0 -fmessage-length=0 -fsigned-char -ffunction-sections -fdata-sections -ffreestanding -fno-move-loop-invariants -Wall -Wextra  -g3 -I"/home/vagrant/Documents/Reflow-O-Matic/Firmware/FRDM-KL05Z_Test" -std=gnu11 -MMD -MP -MF"Driver/LED/LED.d" -MT"Driver/LED/LED.o" -c -o "Driver/LED/LED.o" "../Driver/LED/LED.c"
In file included from ../Driver/LED/LED.h:12:0,
                 from ../Driver/LED/LED.c:7:
../Driver/LED/../../common.h:18:22: fatal error: MKL05Z4.h: No such file or directory
  #include "MKL05Z4.h"
                      ^
compilation terminated.
make: *** [Driver/LED/LED.o] Error 1
22:00:24 **** Incremental Build of configuration Debug for project Reflow-O-Matic_v0 ****
make all 
Building file: ../src/MCU/temperature.c
Invoking: Cross ARM C Compiler
arm-none-eabi-gcc -mcpu=cortex-m0 -mthumb -Og -fmessage-length=0 -fsigned-char -ffunction-sections -fdata-sections -ffreestanding -fno-move-loop-invariants -Wall -Wextra  -g3 -DDEBUG -DUSE_FULL_ASSERT -DSTM32F030 -DUSE_STDPERIPH_DRIVER -DHSE_VALUE=8000000 -I"../include" -I"../system/include" -I"../system/include/cmsis" -I"../system/include/stm32f0-stdperiph" -std=gnu11 -MMD -MP -MF"src/MCU/temperature.d" -MT"src/MCU/temperature.o" -c -o "src/MCU/temperature.o" "../src/MCU/temperature.c"
Finished building: ../src/MCU/temperature.c
 
Building target: Reflow-O-Matic_v0.elf
Invoking: Cross ARM C++ Linker
arm-none-eabi-g++ -mcpu=cortex-m0 -mthumb -Og -fmessage-length=0 -fsigned-char -ffunction-sections -fdata-sections -ffreestanding -fno-move-loop-invariants -Wall -Wextra  -g3 -T mem.ld -T libs.ld -T sections.ld -nostartfiles -Xlinker --gc-sections -L"../ldscripts" -Wl,-Map,"Reflow-O-Matic_v0.map" --specs=nano.specs -u _printf_float -o "Reflow-O-Matic_v0.elf"  ./system/src/stm32f0-stdperiph/stm32f0xx_gpio.o ./system/src/stm32f0-stdperiph/stm32f0xx_rcc.o  ./system/src/newlib/_cxx.o ./system/src/newlib/_exit.o ./system/src/newlib/_sbrk.o ./system/src/newlib/_startup.o ./system/src/newlib/_syscalls.o ./system/src/newlib/assert.o  ./system/src/diag/Trace.o ./system/src/diag/trace_impl.o  ./system/src/cortexm/_initialize_hardware.o ./system/src/cortexm/_reset_hardware.o ./system/src/cortexm/exception_handlers.o  ./system/src/cmsis/system_stm32f0xx.o ./system/src/cmsis/vectors_stm32f0xx.o  ./src/Terminal/MainMenu.o ./src/Terminal/Terminal.o  ./src/PID/pid.o  ./src/MCU/led.o ./src/MCU/temperature.o ./src/MCU/tick.o ./src/MCU/usart2.o  ./src/FIFO.o ./src/common.o ./src/main.o   
Finished building target: Reflow-O-Matic_v0.elf
 
Invoking: Cross ARM GNU Create Flash Image
arm-none-eabi-objcopy -O binary "Reflow-O-Matic_v0.elf"  "Reflow-O-Matic_v0.bin"
Finished building: Reflow-O-Matic_v0.bin
 
Invoking: Cross ARM GNU Print Size
arm-none-eabi-size --format=berkeley "Reflow-O-Matic_v0.elf"
   text	   data	    bss	    dec	    hex	filename
  31896	    304	    552	  32752	   7ff0	Reflow-O-Matic_v0.elf
Finished building: Reflow-O-Matic_v0.siz
 
22:00:29 **** Incremental Build of configuration Debug for project Reflow-O-Matic_v0 ****
make all 
Invoking: Cross ARM GNU Print Size
arm-none-eabi-size --format=berkeley "Reflow-O-Matic_v0.elf"
   text	   data	    bss	    dec	    hex	filename
  31896	    304	    552	  32752	   7ff0	Reflow-O-Matic_v0.elf
Finished building: Reflow-O-Matic_v0.siz
 
22:01:47 **** Incremental Build of configuration Debug for project FRDM-KL05Z_Test ****
make all 
Building file: ../Driver/LED/LED.c
Invoking: Cross ARM C Compiler
arm-none-eabi-gcc -mcpu=cortex-m0plus -mthumb -O0 -fmessage-length=0 -fsigned-char -ffunction-sections -fdata-sections -ffreestanding -fno-move-loop-invariants -Wall -Wextra  -g3 -I"/home/vagrant/Documents/Reflow-O-Matic/Firmware/FRDM-KL05Z_Test" -std=gnu11 -MMD -MP -MF"Driver/LED/LED.d" -MT"Driver/LED/LED.o" -c -o "Driver/LED/LED.o" "../Driver/LED/LED.c"
In file included from ../Driver/LED/LED.h:12:0,
                 from ../Driver/LED/LED.c:7:
../Driver/LED/../../common.h:18:22: fatal error: MKL05Z4.h: No such file or directory
  #include "MKL05Z4.h"
                      ^
compilation terminated.
make: *** [Driver/LED/LED.o] Error 1
22:01:48 **** Incremental Build of configuration Debug for project Reflow-O-Matic_v0 ****
make all 
Building file: ../src/MCU/temperature.c
Invoking: Cross ARM C Compiler
arm-none-eabi-gcc -mcpu=cortex-m0 -mthumb -Og -fmessage-length=0 -fsigned-char -ffunction-sections -fdata-sections -ffreestanding -fno-move-loop-invariants -Wall -Wextra  -g3 -DDEBUG -DUSE_FULL_ASSERT -DSTM32F030 -DUSE_STDPERIPH_DRIVER -DHSE_VALUE=8000000 -I"../include" -I"../system/include" -I"../system/include/cmsis" -I"../system/include/stm32f0-stdperiph" -std=gnu11 -MMD -MP -MF"src/MCU/temperature.d" -MT"src/MCU/temperature.o" -c -o "src/MCU/temperature.o" "../src/MCU/temperature.c"
Finished building: ../src/MCU/temperature.c
 
Building target: Reflow-O-Matic_v0.elf
Invoking: Cross ARM C++ Linker
arm-none-eabi-g++ -mcpu=cortex-m0 -mthumb -Og -fmessage-length=0 -fsigned-char -ffunction-sections -fdata-sections -ffreestanding -fno-move-loop-invariants -Wall -Wextra  -g3 -T mem.ld -T libs.ld -T sections.ld -nostartfiles -Xlinker --gc-sections -L"../ldscripts" -Wl,-Map,"Reflow-O-Matic_v0.map" --specs=nano.specs -u _printf_float -o "Reflow-O-Matic_v0.elf"  ./system/src/stm32f0-stdperiph/stm32f0xx_gpio.o ./system/src/stm32f0-stdperiph/stm32f0xx_rcc.o  ./system/src/newlib/_cxx.o ./system/src/newlib/_exit.o ./system/src/newlib/_sbrk.o ./system/src/newlib/_startup.o ./system/src/newlib/_syscalls.o ./system/src/newlib/assert.o  ./system/src/diag/Trace.o ./system/src/diag/trace_impl.o  ./system/src/cortexm/_initialize_hardware.o ./system/src/cortexm/_reset_hardware.o ./system/src/cortexm/exception_handlers.o  ./system/src/cmsis/system_stm32f0xx.o ./system/src/cmsis/vectors_stm32f0xx.o  ./src/Terminal/MainMenu.o ./src/Terminal/Terminal.o  ./src/PID/pid.o  ./src/MCU/led.o ./src/MCU/temperature.o ./src/MCU/tick.o ./src/MCU/usart2.o  ./src/FIFO.o ./src/common.o ./src/main.o   
Finished building target: Reflow-O-Matic_v0.elf
 
Invoking: Cross ARM GNU Create Flash Image
arm-none-eabi-objcopy -O binary "Reflow-O-Matic_v0.elf"  "Reflow-O-Matic_v0.bin"
Finished building: Reflow-O-Matic_v0.bin
 
Invoking: Cross ARM GNU Print Size
arm-none-eabi-size --format=berkeley "Reflow-O-Matic_v0.elf"
   text	   data	    bss	    dec	    hex	filename
  31144	    304	    552	  32000	   7d00	Reflow-O-Matic_v0.elf
Finished building: Reflow-O-Matic_v0.siz
 
22:02:34 **** Incremental Build of configuration Debug for project FRDM-KL05Z_Test ****
make all 
Building file: ../Driver/LED/LED.c
Invoking: Cross ARM C Compiler
arm-none-eabi-gcc -mcpu=cortex-m0plus -mthumb -O0 -fmessage-length=0 -fsigned-char -ffunction-sections -fdata-sections -ffreestanding -fno-move-loop-invariants -Wall -Wextra  -g3 -I"/home/vagrant/Documents/Reflow-O-Matic/Firmware/FRDM-KL05Z_Test" -std=gnu11 -MMD -MP -MF"Driver/LED/LED.d" -MT"Driver/LED/LED.o" -c -o "Driver/LED/LED.o" "../Driver/LED/LED.c"
In file included from ../Driver/LED/LED.h:12:0,
                 from ../Driver/LED/LED.c:7:
../Driver/LED/../../common.h:18:22: fatal error: MKL05Z4.h: No such file or directory
  #include "MKL05Z4.h"
                      ^
compilation terminated.
make: *** [Driver/LED/LED.o] Error 1
22:02:34 **** Incremental Build of configuration Debug for project Reflow-O-Matic_v0 ****
make all 
Building file: ../src/MCU/temperature.c
Invoking: Cross ARM C Compiler
arm-none-eabi-gcc -mcpu=cortex-m0 -mthumb -Og -fmessage-length=0 -fsigned-char -ffunction-sections -fdata-sections -ffreestanding -fno-move-loop-invariants -Wall -Wextra  -g3 -DDEBUG -DUSE_FULL_ASSERT -DSTM32F030 -DUSE_STDPERIPH_DRIVER -DHSE_VALUE=8000000 -I"../include" -I"../system/include" -I"../system/include/cmsis" -I"../system/include/stm32f0-stdperiph" -std=gnu11 -MMD -MP -MF"src/MCU/temperature.d" -MT"src/MCU/temperature.o" -c -o "src/MCU/temperature.o" "../src/MCU/temperature.c"
../src/MCU/temperature.c:11:14: warning: type defaults to 'int' in declaration of 'AdcResoluton'
 static const AdcResoluton = 4096;
              ^
Finished building: ../src/MCU/temperature.c
 
Building target: Reflow-O-Matic_v0.elf
Invoking: Cross ARM C++ Linker
arm-none-eabi-g++ -mcpu=cortex-m0 -mthumb -Og -fmessage-length=0 -fsigned-char -ffunction-sections -fdata-sections -ffreestanding -fno-move-loop-invariants -Wall -Wextra  -g3 -T mem.ld -T libs.ld -T sections.ld -nostartfiles -Xlinker --gc-sections -L"../ldscripts" -Wl,-Map,"Reflow-O-Matic_v0.map" --specs=nano.specs -u _printf_float -o "Reflow-O-Matic_v0.elf"  ./system/src/stm32f0-stdperiph/stm32f0xx_gpio.o ./system/src/stm32f0-stdperiph/stm32f0xx_rcc.o  ./system/src/newlib/_cxx.o ./system/src/newlib/_exit.o ./system/src/newlib/_sbrk.o ./system/src/newlib/_startup.o ./system/src/newlib/_syscalls.o ./system/src/newlib/assert.o  ./system/src/diag/Trace.o ./system/src/diag/trace_impl.o  ./system/src/cortexm/_initialize_hardware.o ./system/src/cortexm/_reset_hardware.o ./system/src/cortexm/exception_handlers.o  ./system/src/cmsis/system_stm32f0xx.o ./system/src/cmsis/vectors_stm32f0xx.o  ./src/Terminal/MainMenu.o ./src/Terminal/Terminal.o  ./src/PID/pid.o  ./src/MCU/led.o ./src/MCU/temperature.o ./src/MCU/tick.o ./src/MCU/usart2.o  ./src/FIFO.o ./src/common.o ./src/main.o   
Finished building target: Reflow-O-Matic_v0.elf
 
Invoking: Cross ARM GNU Create Flash Image
arm-none-eabi-objcopy -O binary "Reflow-O-Matic_v0.elf"  "Reflow-O-Matic_v0.bin"
Finished building: Reflow-O-Matic_v0.bin
 
Invoking: Cross ARM GNU Print Size
arm-none-eabi-size --format=berkeley "Reflow-O-Matic_v0.elf"
   text	   data	    bss	    dec	    hex	filename
  31144	    304	    552	  32000	   7d00	Reflow-O-Matic_v0.elf
Finished building: Reflow-O-Matic_v0.siz
 
22:02:42 **** Incremental Build of configuration Debug for project FRDM-KL05Z_Test ****
make all 
Building file: ../Driver/LED/LED.c
Invoking: Cross ARM C Compiler
arm-none-eabi-gcc -mcpu=cortex-m0plus -mthumb -O0 -fmessage-length=0 -fsigned-char -ffunction-sections -fdata-sections -ffreestanding -fno-move-loop-invariants -Wall -Wextra  -g3 -I"/home/vagrant/Documents/Reflow-O-Matic/Firmware/FRDM-KL05Z_Test" -std=gnu11 -MMD -MP -MF"Driver/LED/LED.d" -MT"Driver/LED/LED.o" -c -o "Driver/LED/LED.o" "../Driver/LED/LED.c"
In file included from ../Driver/LED/LED.h:12:0,
                 from ../Driver/LED/LED.c:7:
../Driver/LED/../../common.h:18:22: fatal error: MKL05Z4.h: No such file or directory
  #include "MKL05Z4.h"
                      ^
compilation terminated.
make: *** [Driver/LED/LED.o] Error 1
22:02:43 **** Incremental Build of configuration Debug for project Reflow-O-Matic_v0 ****
make all 
Building file: ../src/MCU/temperature.c
Invoking: Cross ARM C Compiler
arm-none-eabi-gcc -mcpu=cortex-m0 -mthumb -Og -fmessage-length=0 -fsigned-char -ffunction-sections -fdata-sections -ffreestanding -fno-move-loop-invariants -Wall -Wextra  -g3 -DDEBUG -DUSE_FULL_ASSERT -DSTM32F030 -DUSE_STDPERIPH_DRIVER -DHSE_VALUE=8000000 -I"../include" -I"../system/include" -I"../system/include/cmsis" -I"../system/include/stm32f0-stdperiph" -std=gnu11 -MMD -MP -MF"src/MCU/temperature.d" -MT"src/MCU/temperature.o" -c -o "src/MCU/temperature.o" "../src/MCU/temperature.c"
Finished building: ../src/MCU/temperature.c
 
Building target: Reflow-O-Matic_v0.elf
Invoking: Cross ARM C++ Linker
arm-none-eabi-g++ -mcpu=cortex-m0 -mthumb -Og -fmessage-length=0 -fsigned-char -ffunction-sections -fdata-sections -ffreestanding -fno-move-loop-invariants -Wall -Wextra  -g3 -T mem.ld -T libs.ld -T sections.ld -nostartfiles -Xlinker --gc-sections -L"../ldscripts" -Wl,-Map,"Reflow-O-Matic_v0.map" --specs=nano.specs -u _printf_float -o "Reflow-O-Matic_v0.elf"  ./system/src/stm32f0-stdperiph/stm32f0xx_gpio.o ./system/src/stm32f0-stdperiph/stm32f0xx_rcc.o  ./system/src/newlib/_cxx.o ./system/src/newlib/_exit.o ./system/src/newlib/_sbrk.o ./system/src/newlib/_startup.o ./system/src/newlib/_syscalls.o ./system/src/newlib/assert.o  ./system/src/diag/Trace.o ./system/src/diag/trace_impl.o  ./system/src/cortexm/_initialize_hardware.o ./system/src/cortexm/_reset_hardware.o ./system/src/cortexm/exception_handlers.o  ./system/src/cmsis/system_stm32f0xx.o ./system/src/cmsis/vectors_stm32f0xx.o  ./src/Terminal/MainMenu.o ./src/Terminal/Terminal.o  ./src/PID/pid.o  ./src/MCU/led.o ./src/MCU/temperature.o ./src/MCU/tick.o ./src/MCU/usart2.o  ./src/FIFO.o ./src/common.o ./src/main.o   
Finished building target: Reflow-O-Matic_v0.elf
 
Invoking: Cross ARM GNU Create Flash Image
arm-none-eabi-objcopy -O binary "Reflow-O-Matic_v0.elf"  "Reflow-O-Matic_v0.bin"
Finished building: Reflow-O-Matic_v0.bin
 
Invoking: Cross ARM GNU Print Size
arm-none-eabi-size --format=berkeley "Reflow-O-Matic_v0.elf"
   text	   data	    bss	    dec	    hex	filename
  31144	    304	    552	  32000	   7d00	Reflow-O-Matic_v0.elf
Finished building: Reflow-O-Matic_v0.siz
 
22:03:03 **** Incremental Build of configuration Debug for project Reflow-O-Matic_v0 ****
make all 
Invoking: Cross ARM GNU Print Size
arm-none-eabi-size --format=berkeley "Reflow-O-Matic_v0.elf"
   text	   data	    bss	    dec	    hex	filename
  31144	    304	    552	  32000	   7d00	Reflow-O-Matic_v0.elf
Finished building: Reflow-O-Matic_v0.siz
 
22:08:45 **** Incremental Build of configuration Debug for project FRDM-KL05Z_Test ****
make all 
Building file: ../Driver/LED/LED.c
Invoking: Cross ARM C Compiler
arm-none-eabi-gcc -mcpu=cortex-m0plus -mthumb -O0 -fmessage-length=0 -fsigned-char -ffunction-sections -fdata-sections -ffreestanding -fno-move-loop-invariants -Wall -Wextra  -g3 -I"/home/vagrant/Documents/Reflow-O-Matic/Firmware/FRDM-KL05Z_Test" -std=gnu11 -MMD -MP -MF"Driver/LED/LED.d" -MT"Driver/LED/LED.o" -c -o "Driver/LED/LED.o" "../Driver/LED/LED.c"
In file included from ../Driver/LED/LED.h:12:0,
                 from ../Driver/LED/LED.c:7:
../Driver/LED/../../common.h:18:22: fatal error: MKL05Z4.h: No such file or directory
  #include "MKL05Z4.h"
                      ^
compilation terminated.
make: *** [Driver/LED/LED.o] Error 1
22:08:45 **** Incremental Build of configuration Debug for project Reflow-O-Matic_v0 ****
make all 
Building file: ../src/MCU/temperature.c
Invoking: Cross ARM C Compiler
arm-none-eabi-gcc -mcpu=cortex-m0 -mthumb -Og -fmessage-length=0 -fsigned-char -ffunction-sections -fdata-sections -ffreestanding -fno-move-loop-invariants -Wall -Wextra  -g3 -DDEBUG -DUSE_FULL_ASSERT -DSTM32F030 -DUSE_STDPERIPH_DRIVER -DHSE_VALUE=8000000 -I"../include" -I"../system/include" -I"../system/include/cmsis" -I"../system/include/stm32f0-stdperiph" -std=gnu11 -MMD -MP -MF"src/MCU/temperature.d" -MT"src/MCU/temperature.o" -c -o "src/MCU/temperature.o" "../src/MCU/temperature.c"
Finished building: ../src/MCU/temperature.c
 
Building target: Reflow-O-Matic_v0.elf
Invoking: Cross ARM C++ Linker
arm-none-eabi-g++ -mcpu=cortex-m0 -mthumb -Og -fmessage-length=0 -fsigned-char -ffunction-sections -fdata-sections -ffreestanding -fno-move-loop-invariants -Wall -Wextra  -g3 -T mem.ld -T libs.ld -T sections.ld -nostartfiles -Xlinker --gc-sections -L"../ldscripts" -Wl,-Map,"Reflow-O-Matic_v0.map" --specs=nano.specs -u _printf_float -o "Reflow-O-Matic_v0.elf"  ./system/src/stm32f0-stdperiph/stm32f0xx_gpio.o ./system/src/stm32f0-stdperiph/stm32f0xx_rcc.o  ./system/src/newlib/_cxx.o ./system/src/newlib/_exit.o ./system/src/newlib/_sbrk.o ./system/src/newlib/_startup.o ./system/src/newlib/_syscalls.o ./system/src/newlib/assert.o  ./system/src/diag/Trace.o ./system/src/diag/trace_impl.o  ./system/src/cortexm/_initialize_hardware.o ./system/src/cortexm/_reset_hardware.o ./system/src/cortexm/exception_handlers.o  ./system/src/cmsis/system_stm32f0xx.o ./system/src/cmsis/vectors_stm32f0xx.o  ./src/Terminal/MainMenu.o ./src/Terminal/Terminal.o  ./src/PID/pid.o  ./src/MCU/led.o ./src/MCU/temperature.o ./src/MCU/tick.o ./src/MCU/usart2.o  ./src/FIFO.o ./src/common.o ./src/main.o   
Finished building target: Reflow-O-Matic_v0.elf
 
Invoking: Cross ARM GNU Create Flash Image
arm-none-eabi-objcopy -O binary "Reflow-O-Matic_v0.elf"  "Reflow-O-Matic_v0.bin"
Finished building: Reflow-O-Matic_v0.bin
 
Invoking: Cross ARM GNU Print Size
arm-none-eabi-size --format=berkeley "Reflow-O-Matic_v0.elf"
   text	   data	    bss	    dec	    hex	filename
  31136	    304	    552	  31992	   7cf8	Reflow-O-Matic_v0.elf
Finished building: Reflow-O-Matic_v0.siz
 
22:10:10 **** Incremental Build of configuration Debug for project FRDM-KL05Z_Test ****
make all 
Building file: ../Driver/LED/LED.c
Invoking: Cross ARM C Compiler
arm-none-eabi-gcc -mcpu=cortex-m0plus -mthumb -O0 -fmessage-length=0 -fsigned-char -ffunction-sections -fdata-sections -ffreestanding -fno-move-loop-invariants -Wall -Wextra  -g3 -I"/home/vagrant/Documents/Reflow-O-Matic/Firmware/FRDM-KL05Z_Test" -std=gnu11 -MMD -MP -MF"Driver/LED/LED.d" -MT"Driver/LED/LED.o" -c -o "Driver/LED/LED.o" "../Driver/LED/LED.c"
In file included from ../Driver/LED/LED.h:12:0,
                 from ../Driver/LED/LED.c:7:
../Driver/LED/../../common.h:18:22: fatal error: MKL05Z4.h: No such file or directory
  #include "MKL05Z4.h"
                      ^
compilation terminated.
make: *** [Driver/LED/LED.o] Error 1
22:10:10 **** Incremental Build of configuration Debug for project Reflow-O-Matic_v0 ****
make all 
Building file: ../src/MCU/temperature.c
Invoking: Cross ARM C Compiler
arm-none-eabi-gcc -mcpu=cortex-m0 -mthumb -Og -fmessage-length=0 -fsigned-char -ffunction-sections -fdata-sections -ffreestanding -fno-move-loop-invariants -Wall -Wextra  -g3 -DDEBUG -DUSE_FULL_ASSERT -DSTM32F030 -DUSE_STDPERIPH_DRIVER -DHSE_VALUE=8000000 -I"../include" -I"../system/include" -I"../system/include/cmsis" -I"../system/include/stm32f0-stdperiph" -std=gnu11 -MMD -MP -MF"src/MCU/temperature.d" -MT"src/MCU/temperature.o" -c -o "src/MCU/temperature.o" "../src/MCU/temperature.c"
Finished building: ../src/MCU/temperature.c
 
Building target: Reflow-O-Matic_v0.elf
Invoking: Cross ARM C++ Linker
arm-none-eabi-g++ -mcpu=cortex-m0 -mthumb -Og -fmessage-length=0 -fsigned-char -ffunction-sections -fdata-sections -ffreestanding -fno-move-loop-invariants -Wall -Wextra  -g3 -T mem.ld -T libs.ld -T sections.ld -nostartfiles -Xlinker --gc-sections -L"../ldscripts" -Wl,-Map,"Reflow-O-Matic_v0.map" --specs=nano.specs -u _printf_float -o "Reflow-O-Matic_v0.elf"  ./system/src/stm32f0-stdperiph/stm32f0xx_gpio.o ./system/src/stm32f0-stdperiph/stm32f0xx_rcc.o  ./system/src/newlib/_cxx.o ./system/src/newlib/_exit.o ./system/src/newlib/_sbrk.o ./system/src/newlib/_startup.o ./system/src/newlib/_syscalls.o ./system/src/newlib/assert.o  ./system/src/diag/Trace.o ./system/src/diag/trace_impl.o  ./system/src/cortexm/_initialize_hardware.o ./system/src/cortexm/_reset_hardware.o ./system/src/cortexm/exception_handlers.o  ./system/src/cmsis/system_stm32f0xx.o ./system/src/cmsis/vectors_stm32f0xx.o  ./src/Terminal/MainMenu.o ./src/Terminal/Terminal.o  ./src/PID/pid.o  ./src/MCU/led.o ./src/MCU/temperature.o ./src/MCU/tick.o ./src/MCU/usart2.o  ./src/FIFO.o ./src/common.o ./src/main.o   
Finished building target: Reflow-O-Matic_v0.elf
 
Invoking: Cross ARM GNU Create Flash Image
arm-none-eabi-objcopy -O binary "Reflow-O-Matic_v0.elf"  "Reflow-O-Matic_v0.bin"
Finished building: Reflow-O-Matic_v0.bin
 
Invoking: Cross ARM GNU Print Size
arm-none-eabi-size --format=berkeley "Reflow-O-Matic_v0.elf"
   text	   data	    bss	    dec	    hex	filename
  31136	    304	    552	  31992	   7cf8	Reflow-O-Matic_v0.elf
Finished building: Reflow-O-Matic_v0.siz
 
22:10:24 **** Incremental Build of configuration Debug for project Reflow-O-Matic_v0 ****
make all 
Invoking: Cross ARM GNU Print Size
arm-none-eabi-size --format=berkeley "Reflow-O-Matic_v0.elf"
   text	   data	    bss	    dec	    hex	filename
  31136	    304	    552	  31992	   7cf8	Reflow-O-Matic_v0.elf
Finished building: Reflow-O-Matic_v0.siz
 
22:10:53 **** Incremental Build of configuration Debug for project FRDM-KL05Z_Test ****
make all 
Building file: ../Driver/LED/LED.c
Invoking: Cross ARM C Compiler
arm-none-eabi-gcc -mcpu=cortex-m0plus -mthumb -O0 -fmessage-length=0 -fsigned-char -ffunction-sections -fdata-sections -ffreestanding -fno-move-loop-invariants -Wall -Wextra  -g3 -I"/home/vagrant/Documents/Reflow-O-Matic/Firmware/FRDM-KL05Z_Test" -std=gnu11 -MMD -MP -MF"Driver/LED/LED.d" -MT"Driver/LED/LED.o" -c -o "Driver/LED/LED.o" "../Driver/LED/LED.c"
In file included from ../Driver/LED/LED.h:12:0,
                 from ../Driver/LED/LED.c:7:
../Driver/LED/../../common.h:18:22: fatal error: MKL05Z4.h: No such file or directory
  #include "MKL05Z4.h"
                      ^
compilation terminated.
make: *** [Driver/LED/LED.o] Error 1
22:10:53 **** Incremental Build of configuration Debug for project Reflow-O-Matic_v0 ****
make all 
Building file: ../src/MCU/temperature.c
Invoking: Cross ARM C Compiler
arm-none-eabi-gcc -mcpu=cortex-m0 -mthumb -Og -fmessage-length=0 -fsigned-char -ffunction-sections -fdata-sections -ffreestanding -fno-move-loop-invariants -Wall -Wextra  -g3 -DDEBUG -DUSE_FULL_ASSERT -DSTM32F030 -DUSE_STDPERIPH_DRIVER -DHSE_VALUE=8000000 -I"../include" -I"../system/include" -I"../system/include/cmsis" -I"../system/include/stm32f0-stdperiph" -std=gnu11 -MMD -MP -MF"src/MCU/temperature.d" -MT"src/MCU/temperature.o" -c -o "src/MCU/temperature.o" "../src/MCU/temperature.c"
Finished building: ../src/MCU/temperature.c
 
Building target: Reflow-O-Matic_v0.elf
Invoking: Cross ARM C++ Linker
arm-none-eabi-g++ -mcpu=cortex-m0 -mthumb -Og -fmessage-length=0 -fsigned-char -ffunction-sections -fdata-sections -ffreestanding -fno-move-loop-invariants -Wall -Wextra  -g3 -T mem.ld -T libs.ld -T sections.ld -nostartfiles -Xlinker --gc-sections -L"../ldscripts" -Wl,-Map,"Reflow-O-Matic_v0.map" --specs=nano.specs -u _printf_float -o "Reflow-O-Matic_v0.elf"  ./system/src/stm32f0-stdperiph/stm32f0xx_gpio.o ./system/src/stm32f0-stdperiph/stm32f0xx_rcc.o  ./system/src/newlib/_cxx.o ./system/src/newlib/_exit.o ./system/src/newlib/_sbrk.o ./system/src/newlib/_startup.o ./system/src/newlib/_syscalls.o ./system/src/newlib/assert.o  ./system/src/diag/Trace.o ./system/src/diag/trace_impl.o  ./system/src/cortexm/_initialize_hardware.o ./system/src/cortexm/_reset_hardware.o ./system/src/cortexm/exception_handlers.o  ./system/src/cmsis/system_stm32f0xx.o ./system/src/cmsis/vectors_stm32f0xx.o  ./src/Terminal/MainMenu.o ./src/Terminal/Terminal.o  ./src/PID/pid.o  ./src/MCU/led.o ./src/MCU/temperature.o ./src/MCU/tick.o ./src/MCU/usart2.o  ./src/FIFO.o ./src/common.o ./src/main.o   
Finished building target: Reflow-O-Matic_v0.elf
 
Invoking: Cross ARM GNU Create Flash Image
arm-none-eabi-objcopy -O binary "Reflow-O-Matic_v0.elf"  "Reflow-O-Matic_v0.bin"
Finished building: Reflow-O-Matic_v0.bin
 
Invoking: Cross ARM GNU Print Size
arm-none-eabi-size --format=berkeley "Reflow-O-Matic_v0.elf"
   text	   data	    bss	    dec	    hex	filename
  31136	    304	    552	  31992	   7cf8	Reflow-O-Matic_v0.elf
Finished building: Reflow-O-Matic_v0.siz
 
22:10:58 **** Incremental Build of configuration Debug for project Reflow-O-Matic_v0 ****
make all 
Invoking: Cross ARM GNU Print Size
arm-none-eabi-size --format=berkeley "Reflow-O-Matic_v0.elf"
   text	   data	    bss	    dec	    hex	filename
  31136	    304	    552	  31992	   7cf8	Reflow-O-Matic_v0.elf
Finished building: Reflow-O-Matic_v0.siz
 
22:12:10 **** Incremental Build of configuration Debug for project Reflow-O-Matic_v0 ****
make all 
Building file: ../src/MCU/temperature.c
Invoking: Cross ARM C Compiler
arm-none-eabi-gcc -mcpu=cortex-m0 -mthumb -Og -fmessage-length=0 -fsigned-char -ffunction-sections -fdata-sections -ffreestanding -fno-move-loop-invariants -Wall -Wextra  -g3 -DDEBUG -DUSE_FULL_ASSERT -DSTM32F030 -DUSE_STDPERIPH_DRIVER -DHSE_VALUE=8000000 -I"../include" -I"../system/include" -I"../system/include/cmsis" -I"../system/include/stm32f0-stdperiph" -std=gnu11 -MMD -MP -MF"src/MCU/temperature.d" -MT"src/MCU/temperature.o" -c -o "src/MCU/temperature.o" "../src/MCU/temperature.c"
Finished building: ../src/MCU/temperature.c
 
Building target: Reflow-O-Matic_v0.elf
Invoking: Cross ARM C++ Linker
arm-none-eabi-g++ -mcpu=cortex-m0 -mthumb -Og -fmessage-length=0 -fsigned-char -ffunction-sections -fdata-sections -ffreestanding -fno-move-loop-invariants -Wall -Wextra  -g3 -T mem.ld -T libs.ld -T sections.ld -nostartfiles -Xlinker --gc-sections -L"../ldscripts" -Wl,-Map,"Reflow-O-Matic_v0.map" --specs=nano.specs -u _printf_float -o "Reflow-O-Matic_v0.elf"  ./system/src/stm32f0-stdperiph/stm32f0xx_gpio.o ./system/src/stm32f0-stdperiph/stm32f0xx_rcc.o  ./system/src/newlib/_cxx.o ./system/src/newlib/_exit.o ./system/src/newlib/_sbrk.o ./system/src/newlib/_startup.o ./system/src/newlib/_syscalls.o ./system/src/newlib/assert.o  ./system/src/diag/Trace.o ./system/src/diag/trace_impl.o  ./system/src/cortexm/_initialize_hardware.o ./system/src/cortexm/_reset_hardware.o ./system/src/cortexm/exception_handlers.o  ./system/src/cmsis/system_stm32f0xx.o ./system/src/cmsis/vectors_stm32f0xx.o  ./src/Terminal/MainMenu.o ./src/Terminal/Terminal.o  ./src/PID/pid.o  ./src/MCU/led.o ./src/MCU/temperature.o ./src/MCU/tick.o ./src/MCU/usart2.o  ./src/FIFO.o ./src/common.o ./src/main.o   
Finished building target: Reflow-O-Matic_v0.elf
 
Invoking: Cross ARM GNU Create Flash Image
arm-none-eabi-objcopy -O binary "Reflow-O-Matic_v0.elf"  "Reflow-O-Matic_v0.bin"
Finished building: Reflow-O-Matic_v0.bin
 
Invoking: Cross ARM GNU Print Size
arm-none-eabi-size --format=berkeley "Reflow-O-Matic_v0.elf"
   text	   data	    bss	    dec	    hex	filename
  31136	    304	    552	  31992	   7cf8	Reflow-O-Matic_v0.elf
Finished building: Reflow-O-Matic_v0.siz
 
22:14:06 **** Incremental Build of configuration Debug for project FRDM-KL05Z_Test ****
make all 
Building file: ../Driver/LED/LED.c
Invoking: Cross ARM C Compiler
arm-none-eabi-gcc -mcpu=cortex-m0plus -mthumb -O0 -fmessage-length=0 -fsigned-char -ffunction-sections -fdata-sections -ffreestanding -fno-move-loop-invariants -Wall -Wextra  -g3 -I"/home/vagrant/Documents/Reflow-O-Matic/Firmware/FRDM-KL05Z_Test" -std=gnu11 -MMD -MP -MF"Driver/LED/LED.d" -MT"Driver/LED/LED.o" -c -o "Driver/LED/LED.o" "../Driver/LED/LED.c"
In file included from ../Driver/LED/LED.h:12:0,
                 from ../Driver/LED/LED.c:7:
../Driver/LED/../../common.h:18:22: fatal error: MKL05Z4.h: No such file or directory
  #include "MKL05Z4.h"
                      ^
compilation terminated.
make: *** [Driver/LED/LED.o] Error 1
22:14:06 **** Incremental Build of configuration Debug for project Reflow-O-Matic_v0 ****
make all 
Building file: ../src/MCU/temperature.c
Invoking: Cross ARM C Compiler
arm-none-eabi-gcc -mcpu=cortex-m0 -mthumb -Og -fmessage-length=0 -fsigned-char -ffunction-sections -fdata-sections -ffreestanding -fno-move-loop-invariants -Wall -Wextra  -g3 -DDEBUG -DUSE_FULL_ASSERT -DSTM32F030 -DUSE_STDPERIPH_DRIVER -DHSE_VALUE=8000000 -I"../include" -I"../system/include" -I"../system/include/cmsis" -I"../system/include/stm32f0-stdperiph" -std=gnu11 -MMD -MP -MF"src/MCU/temperature.d" -MT"src/MCU/temperature.o" -c -o "src/MCU/temperature.o" "../src/MCU/temperature.c"
Finished building: ../src/MCU/temperature.c
 
Building target: Reflow-O-Matic_v0.elf
Invoking: Cross ARM C++ Linker
arm-none-eabi-g++ -mcpu=cortex-m0 -mthumb -Og -fmessage-length=0 -fsigned-char -ffunction-sections -fdata-sections -ffreestanding -fno-move-loop-invariants -Wall -Wextra  -g3 -T mem.ld -T libs.ld -T sections.ld -nostartfiles -Xlinker --gc-sections -L"../ldscripts" -Wl,-Map,"Reflow-O-Matic_v0.map" --specs=nano.specs -u _printf_float -o "Reflow-O-Matic_v0.elf"  ./system/src/stm32f0-stdperiph/stm32f0xx_gpio.o ./system/src/stm32f0-stdperiph/stm32f0xx_rcc.o  ./system/src/newlib/_cxx.o ./system/src/newlib/_exit.o ./system/src/newlib/_sbrk.o ./system/src/newlib/_startup.o ./system/src/newlib/_syscalls.o ./system/src/newlib/assert.o  ./system/src/diag/Trace.o ./system/src/diag/trace_impl.o  ./system/src/cortexm/_initialize_hardware.o ./system/src/cortexm/_reset_hardware.o ./system/src/cortexm/exception_handlers.o  ./system/src/cmsis/system_stm32f0xx.o ./system/src/cmsis/vectors_stm32f0xx.o  ./src/Terminal/MainMenu.o ./src/Terminal/Terminal.o  ./src/PID/pid.o  ./src/MCU/led.o ./src/MCU/temperature.o ./src/MCU/tick.o ./src/MCU/usart2.o  ./src/FIFO.o ./src/common.o ./src/main.o   
Finished building target: Reflow-O-Matic_v0.elf
 
Invoking: Cross ARM GNU Create Flash Image
arm-none-eabi-objcopy -O binary "Reflow-O-Matic_v0.elf"  "Reflow-O-Matic_v0.bin"
Finished building: Reflow-O-Matic_v0.bin
 
Invoking: Cross ARM GNU Print Size
arm-none-eabi-size --format=berkeley "Reflow-O-Matic_v0.elf"
   text	   data	    bss	    dec	    hex	filename
  30352	    300	    552	  31204	   79e4	Reflow-O-Matic_v0.elf
Finished building: Reflow-O-Matic_v0.siz
 
22:14:11 **** Incremental Build of configuration Debug for project Reflow-O-Matic_v0 ****
make all 
Invoking: Cross ARM GNU Print Size
arm-none-eabi-size --format=berkeley "Reflow-O-Matic_v0.elf"
   text	   data	    bss	    dec	    hex	filename
  30352	    300	    552	  31204	   79e4	Reflow-O-Matic_v0.elf
Finished building: Reflow-O-Matic_v0.siz
 
08:01:05 **** Incremental Build of configuration Debug for project FRDM-KL05Z_Test ****
make all 
Building file: ../Driver/LED/LED.c
Invoking: Cross ARM C Compiler
arm-none-eabi-gcc -mcpu=cortex-m0plus -mthumb -O0 -fmessage-length=0 -fsigned-char -ffunction-sections -fdata-sections -ffreestanding -fno-move-loop-invariants -Wall -Wextra  -g3 -I"/home/vagrant/Documents/Reflow-O-Matic/Firmware/FRDM-KL05Z_Test" -std=gnu11 -MMD -MP -MF"Driver/LED/LED.d" -MT"Driver/LED/LED.o" -c -o "Driver/LED/LED.o" "../Driver/LED/LED.c"
In file included from ../Driver/LED/LED.h:12:0,
                 from ../Driver/LED/LED.c:7:
../Driver/LED/../../common.h:18:22: fatal error: MKL05Z4.h: No such file or directory
  #include "MKL05Z4.h"
                      ^
compilation terminated.
make: *** [Driver/LED/LED.o] Error 1
08:01:05 **** Incremental Build of configuration Debug for project Reflow-O-Matic_v0 ****
make all 
Building file: ../src/Terminal/MainMenu.c
Invoking: Cross ARM C Compiler
arm-none-eabi-gcc -mcpu=cortex-m0 -mthumb -Og -fmessage-length=0 -fsigned-char -ffunction-sections -fdata-sections -ffreestanding -fno-move-loop-invariants -Wall -Wextra  -g3 -DDEBUG -DUSE_FULL_ASSERT -DSTM32F030 -DUSE_STDPERIPH_DRIVER -DHSE_VALUE=8000000 -I"../include" -I"../system/include" -I"../system/include/cmsis" -I"../system/include/stm32f0-stdperiph" -std=gnu11 -MMD -MP -MF"src/Terminal/MainMenu.d" -MT"src/Terminal/MainMenu.o" -c -o "src/Terminal/MainMenu.o" "../src/Terminal/MainMenu.c"
../src/Terminal/MainMenu.c: In function 'Process':
../src/Terminal/MainMenu.c:73:24: warning: pointer targets in passing argument 1 of 'Terminal_WriteString' differ in signedness [-Wpointer-sign]
   Terminal_WriteString(&MessageBuffer[0]);
                        ^
In file included from ../src/Terminal/MainMenu.c:9:0:
../include/./Terminal/Terminal.h:90:10: note: expected 'unsigned char *' but argument is of type 'char *'
     void Terminal_WriteString(uint8_t *source);
          ^
../src/Terminal/MainMenu.c:65:24: warning: unused parameter 'character' [-Wunused-parameter]
 void Process (uint8_t *character)
                        ^
Finished building: ../src/Terminal/MainMenu.c
 
Building target: Reflow-O-Matic_v0.elf
Invoking: Cross ARM C++ Linker
arm-none-eabi-g++ -mcpu=cortex-m0 -mthumb -Og -fmessage-length=0 -fsigned-char -ffunction-sections -fdata-sections -ffreestanding -fno-move-loop-invariants -Wall -Wextra  -g3 -T mem.ld -T libs.ld -T sections.ld -nostartfiles -Xlinker --gc-sections -L"../ldscripts" -Wl,-Map,"Reflow-O-Matic_v0.map" --specs=nano.specs -u _printf_float -o "Reflow-O-Matic_v0.elf"  ./system/src/stm32f0-stdperiph/stm32f0xx_gpio.o ./system/src/stm32f0-stdperiph/stm32f0xx_rcc.o  ./system/src/newlib/_cxx.o ./system/src/newlib/_exit.o ./system/src/newlib/_sbrk.o ./system/src/newlib/_startup.o ./system/src/newlib/_syscalls.o ./system/src/newlib/assert.o  ./system/src/diag/Trace.o ./system/src/diag/trace_impl.o  ./system/src/cortexm/_initialize_hardware.o ./system/src/cortexm/_reset_hardware.o ./system/src/cortexm/exception_handlers.o  ./system/src/cmsis/system_stm32f0xx.o ./system/src/cmsis/vectors_stm32f0xx.o  ./src/Terminal/MainMenu.o ./src/Terminal/Terminal.o  ./src/PID/pid.o  ./src/MCU/led.o ./src/MCU/temperature.o ./src/MCU/tick.o ./src/MCU/usart2.o  ./src/FIFO.o ./src/common.o ./src/main.o   
Finished building target: Reflow-O-Matic_v0.elf
 
Invoking: Cross ARM GNU Create Flash Image
arm-none-eabi-objcopy -O binary "Reflow-O-Matic_v0.elf"  "Reflow-O-Matic_v0.bin"
Finished building: Reflow-O-Matic_v0.bin
 
Invoking: Cross ARM GNU Print Size
arm-none-eabi-size --format=berkeley "Reflow-O-Matic_v0.elf"
   text	   data	    bss	    dec	    hex	filename
  30352	    300	    552	  31204	   79e4	Reflow-O-Matic_v0.elf
Finished building: Reflow-O-Matic_v0.siz
 
08:02:00 **** Incremental Build of configuration Debug for project FRDM-KL05Z_Test ****
make all 
Building file: ../Driver/LED/LED.c
Invoking: Cross ARM C Compiler
arm-none-eabi-gcc -mcpu=cortex-m0plus -mthumb -O0 -fmessage-length=0 -fsigned-char -ffunction-sections -fdata-sections -ffreestanding -fno-move-loop-invariants -Wall -Wextra  -g3 -I"/home/vagrant/Documents/Reflow-O-Matic/Firmware/FRDM-KL05Z_Test" -std=gnu11 -MMD -MP -MF"Driver/LED/LED.d" -MT"Driver/LED/LED.o" -c -o "Driver/LED/LED.o" "../Driver/LED/LED.c"
In file included from ../Driver/LED/LED.h:12:0,
                 from ../Driver/LED/LED.c:7:
../Driver/LED/../../common.h:18:22: fatal error: MKL05Z4.h: No such file or directory
  #include "MKL05Z4.h"
                      ^
compilation terminated.
make: *** [Driver/LED/LED.o] Error 1
08:02:01 **** Incremental Build of configuration Debug for project Reflow-O-Matic_v0 ****
make all 
Building file: ../src/MCU/temperature.c
Invoking: Cross ARM C Compiler
arm-none-eabi-gcc -mcpu=cortex-m0 -mthumb -Og -fmessage-length=0 -fsigned-char -ffunction-sections -fdata-sections -ffreestanding -fno-move-loop-invariants -Wall -Wextra  -g3 -DDEBUG -DUSE_FULL_ASSERT -DSTM32F030 -DUSE_STDPERIPH_DRIVER -DHSE_VALUE=8000000 -I"../include" -I"../system/include" -I"../system/include/cmsis" -I"../system/include/stm32f0-stdperiph" -std=gnu11 -MMD -MP -MF"src/MCU/temperature.d" -MT"src/MCU/temperature.o" -c -o "src/MCU/temperature.o" "../src/MCU/temperature.c"
Finished building: ../src/MCU/temperature.c
 
Building target: Reflow-O-Matic_v0.elf
Invoking: Cross ARM C++ Linker
arm-none-eabi-g++ -mcpu=cortex-m0 -mthumb -Og -fmessage-length=0 -fsigned-char -ffunction-sections -fdata-sections -ffreestanding -fno-move-loop-invariants -Wall -Wextra  -g3 -T mem.ld -T libs.ld -T sections.ld -nostartfiles -Xlinker --gc-sections -L"../ldscripts" -Wl,-Map,"Reflow-O-Matic_v0.map" --specs=nano.specs -u _printf_float -o "Reflow-O-Matic_v0.elf"  ./system/src/stm32f0-stdperiph/stm32f0xx_gpio.o ./system/src/stm32f0-stdperiph/stm32f0xx_rcc.o  ./system/src/newlib/_cxx.o ./system/src/newlib/_exit.o ./system/src/newlib/_sbrk.o ./system/src/newlib/_startup.o ./system/src/newlib/_syscalls.o ./system/src/newlib/assert.o  ./system/src/diag/Trace.o ./system/src/diag/trace_impl.o  ./system/src/cortexm/_initialize_hardware.o ./system/src/cortexm/_reset_hardware.o ./system/src/cortexm/exception_handlers.o  ./system/src/cmsis/system_stm32f0xx.o ./system/src/cmsis/vectors_stm32f0xx.o  ./src/Terminal/MainMenu.o ./src/Terminal/Terminal.o  ./src/PID/pid.o  ./src/MCU/led.o ./src/MCU/temperature.o ./src/MCU/tick.o ./src/MCU/usart2.o  ./src/FIFO.o ./src/common.o ./src/main.o   
Finished building target: Reflow-O-Matic_v0.elf
 
Invoking: Cross ARM GNU Create Flash Image
arm-none-eabi-objcopy -O binary "Reflow-O-Matic_v0.elf"  "Reflow-O-Matic_v0.bin"
Finished building: Reflow-O-Matic_v0.bin
 
Invoking: Cross ARM GNU Print Size
arm-none-eabi-size --format=berkeley "Reflow-O-Matic_v0.elf"
   text	   data	    bss	    dec	    hex	filename
  31136	    304	    552	  31992	   7cf8	Reflow-O-Matic_v0.elf
Finished building: Reflow-O-Matic_v0.siz
 
08:07:36 **** Incremental Build of configuration Debug for project FRDM-KL05Z_Test ****
make all 
Building file: ../Driver/LED/LED.c
Invoking: Cross ARM C Compiler
arm-none-eabi-gcc -mcpu=cortex-m0plus -mthumb -O0 -fmessage-length=0 -fsigned-char -ffunction-sections -fdata-sections -ffreestanding -fno-move-loop-invariants -Wall -Wextra  -g3 -I"/home/vagrant/Documents/Reflow-O-Matic/Firmware/FRDM-KL05Z_Test" -std=gnu11 -MMD -MP -MF"Driver/LED/LED.d" -MT"Driver/LED/LED.o" -c -o "Driver/LED/LED.o" "../Driver/LED/LED.c"
In file included from ../Driver/LED/LED.h:12:0,
                 from ../Driver/LED/LED.c:7:
../Driver/LED/../../common.h:18:22: fatal error: MKL05Z4.h: No such file or directory
  #include "MKL05Z4.h"
                      ^
compilation terminated.
make: *** [Driver/LED/LED.o] Error 1
08:07:36 **** Incremental Build of configuration Debug for project Reflow-O-Matic_v0 ****
make all 
Building file: ../src/Terminal/MainMenu.c
Invoking: Cross ARM C Compiler
arm-none-eabi-gcc -mcpu=cortex-m0 -mthumb -Og -fmessage-length=0 -fsigned-char -ffunction-sections -fdata-sections -ffreestanding -fno-move-loop-invariants -Wall -Wextra  -g3 -DDEBUG -DUSE_FULL_ASSERT -DSTM32F030 -DUSE_STDPERIPH_DRIVER -DHSE_VALUE=8000000 -I"../include" -I"../system/include" -I"../system/include/cmsis" -I"../system/include/stm32f0-stdperiph" -std=gnu11 -MMD -MP -MF"src/Terminal/MainMenu.d" -MT"src/Terminal/MainMenu.o" -c -o "src/Terminal/MainMenu.o" "../src/Terminal/MainMenu.c"
../src/Terminal/MainMenu.c: In function 'Process':
../src/Terminal/MainMenu.c:71:14: error: too many arguments to function 'Temperature_Read'
  if(TRUE ==  Temperature_Read(&Temperature, &Voltage))
              ^
In file included from ../include/./Terminal/../common.h:15:0,
                 from ../include/./Terminal/Terminal.h:12,
                 from ../src/Terminal/MainMenu.c:9:
../include/./Terminal/../MCU/temperature.h:12:16: note: declared here
  uint_fast8_t  Temperature_Read(float * result);
                ^
../src/Terminal/MainMenu.c:74:24: warning: pointer targets in passing argument 1 of 'Terminal_WriteString' differ in signedness [-Wpointer-sign]
   Terminal_WriteString(&MessageBuffer[0]);
                        ^
In file included from ../src/Terminal/MainMenu.c:9:0:
../include/./Terminal/Terminal.h:90:10: note: expected 'unsigned char *' but argument is of type 'char *'
     void Terminal_WriteString(uint8_t *source);
          ^
../src/Terminal/MainMenu.c:65:24: warning: unused parameter 'character' [-Wunused-parameter]
 void Process (uint8_t *character)
                        ^
make: *** [src/Terminal/MainMenu.o] Error 1
08:08:19 **** Incremental Build of configuration Debug for project Reflow-O-Matic_v0 ****
make all 
Building file: ../src/Terminal/MainMenu.c
Invoking: Cross ARM C Compiler
arm-none-eabi-gcc -mcpu=cortex-m0 -mthumb -Og -fmessage-length=0 -fsigned-char -ffunction-sections -fdata-sections -ffreestanding -fno-move-loop-invariants -Wall -Wextra  -g3 -DDEBUG -DUSE_FULL_ASSERT -DSTM32F030 -DUSE_STDPERIPH_DRIVER -DHSE_VALUE=8000000 -I"../include" -I"../system/include" -I"../system/include/cmsis" -I"../system/include/stm32f0-stdperiph" -std=gnu11 -MMD -MP -MF"src/Terminal/MainMenu.d" -MT"src/Terminal/MainMenu.o" -c -o "src/Terminal/MainMenu.o" "../src/Terminal/MainMenu.c"
../src/Terminal/MainMenu.c: In function 'Process':
../src/Terminal/MainMenu.c:74:24: warning: pointer targets in passing argument 1 of 'Terminal_WriteString' differ in signedness [-Wpointer-sign]
   Terminal_WriteString(&MessageBuffer[0]);
                        ^
In file included from ../src/Terminal/MainMenu.c:9:0:
../include/./Terminal/Terminal.h:90:10: note: expected 'unsigned char *' but argument is of type 'char *'
     void Terminal_WriteString(uint8_t *source);
          ^
../src/Terminal/MainMenu.c:65:24: warning: unused parameter 'character' [-Wunused-parameter]
 void Process (uint8_t *character)
                        ^
Finished building: ../src/Terminal/MainMenu.c
 
Building file: ../src/Terminal/Terminal.c
Invoking: Cross ARM C Compiler
arm-none-eabi-gcc -mcpu=cortex-m0 -mthumb -Og -fmessage-length=0 -fsigned-char -ffunction-sections -fdata-sections -ffreestanding -fno-move-loop-invariants -Wall -Wextra  -g3 -DDEBUG -DUSE_FULL_ASSERT -DSTM32F030 -DUSE_STDPERIPH_DRIVER -DHSE_VALUE=8000000 -I"../include" -I"../system/include" -I"../system/include/cmsis" -I"../system/include/stm32f0-stdperiph" -std=gnu11 -MMD -MP -MF"src/Terminal/Terminal.d" -MT"src/Terminal/Terminal.o" -c -o "src/Terminal/Terminal.o" "../src/Terminal/Terminal.c"
Finished building: ../src/Terminal/Terminal.c
 
Building file: ../src/PID/pid.c
Invoking: Cross ARM C Compiler
arm-none-eabi-gcc -mcpu=cortex-m0 -mthumb -Og -fmessage-length=0 -fsigned-char -ffunction-sections -fdata-sections -ffreestanding -fno-move-loop-invariants -Wall -Wextra  -g3 -DDEBUG -DUSE_FULL_ASSERT -DSTM32F030 -DUSE_STDPERIPH_DRIVER -DHSE_VALUE=8000000 -I"../include" -I"../system/include" -I"../system/include/cmsis" -I"../system/include/stm32f0-stdperiph" -std=gnu11 -MMD -MP -MF"src/PID/pid.d" -MT"src/PID/pid.o" -c -o "src/PID/pid.o" "../src/PID/pid.c"
Finished building: ../src/PID/pid.c
 
Building file: ../src/MCU/led.c
Invoking: Cross ARM C Compiler
arm-none-eabi-gcc -mcpu=cortex-m0 -mthumb -Og -fmessage-length=0 -fsigned-char -ffunction-sections -fdata-sections -ffreestanding -fno-move-loop-invariants -Wall -Wextra  -g3 -DDEBUG -DUSE_FULL_ASSERT -DSTM32F030 -DUSE_STDPERIPH_DRIVER -DHSE_VALUE=8000000 -I"../include" -I"../system/include" -I"../system/include/cmsis" -I"../system/include/stm32f0-stdperiph" -std=gnu11 -MMD -MP -MF"src/MCU/led.d" -MT"src/MCU/led.o" -c -o "src/MCU/led.o" "../src/MCU/led.c"
Finished building: ../src/MCU/led.c
 
Building file: ../src/MCU/temperature.c
Invoking: Cross ARM C Compiler
[...]
Finished building target: Reflow-O-Matic_v0.elf
 
Invoking: Cross ARM GNU Create Flash Image
arm-none-eabi-objcopy -O binary "Reflow-O-Matic_v0.elf"  "Reflow-O-Matic_v0.bin"
Finished building: Reflow-O-Matic_v0.bin
 
Invoking: Cross ARM GNU Print Size
arm-none-eabi-size --format=berkeley "Reflow-O-Matic_v0.elf"
   text	   data	    bss	    dec	    hex	filename
  34584	    336	    564	  35484	   8a9c	Reflow-O-Matic_v0.elf
Finished building: Reflow-O-Matic_v0.siz
 
01:38:34 **** Incremental Build of configuration Debug for project Reflow-O-Matic_v0 ****
make all 
Invoking: Cross ARM GNU Print Size
arm-none-eabi-size --format=berkeley "Reflow-O-Matic_v0.elf"
   text	   data	    bss	    dec	    hex	filename
  34584	    336	    564	  35484	   8a9c	Reflow-O-Matic_v0.elf
Finished building: Reflow-O-Matic_v0.siz
 
01:40:34 **** Incremental Build of configuration Debug for project Reflow-O-Matic_v0 ****
make all 
Building file: ../src/Terminal/MainMenu.c
Invoking: Cross ARM C Compiler
arm-none-eabi-gcc -mcpu=cortex-m0 -mthumb -Og -fmessage-length=0 -fsigned-char -ffunction-sections -fdata-sections -ffreestanding -fno-move-loop-invariants -Wall -Wextra  -g3 -DDEBUG -DUSE_FULL_ASSERT -DSTM32F030 -DUSE_STDPERIPH_DRIVER -DHSE_VALUE=8000000 -I"../include" -I"../system/include" -I"../system/include/cmsis" -I"../system/include/stm32f0-stdperiph" -std=gnu11 -MMD -MP -MF"src/Terminal/MainMenu.d" -MT"src/Terminal/MainMenu.o" -c -o "src/Terminal/MainMenu.o" "../src/Terminal/MainMenu.c"
Finished building: ../src/Terminal/MainMenu.c
 
Building file: ../src/OvenControl.c
Invoking: Cross ARM C Compiler
arm-none-eabi-gcc -mcpu=cortex-m0 -mthumb -Og -fmessage-length=0 -fsigned-char -ffunction-sections -fdata-sections -ffreestanding -fno-move-loop-invariants -Wall -Wextra  -g3 -DDEBUG -DUSE_FULL_ASSERT -DSTM32F030 -DUSE_STDPERIPH_DRIVER -DHSE_VALUE=8000000 -I"../include" -I"../system/include" -I"../system/include/cmsis" -I"../system/include/stm32f0-stdperiph" -std=gnu11 -MMD -MP -MF"src/OvenControl.d" -MT"src/OvenControl.o" -c -o "src/OvenControl.o" "../src/OvenControl.c"
Finished building: ../src/OvenControl.c
 
Building target: Reflow-O-Matic_v0.elf
Invoking: Cross ARM C++ Linker
arm-none-eabi-g++ -mcpu=cortex-m0 -mthumb -Og -fmessage-length=0 -fsigned-char -ffunction-sections -fdata-sections -ffreestanding -fno-move-loop-invariants -Wall -Wextra  -g3 -T mem.ld -T libs.ld -T sections.ld -nostartfiles -Xlinker --gc-sections -L"../ldscripts" -Wl,-Map,"Reflow-O-Matic_v0.map" --specs=nano.specs -u _printf_float -o "Reflow-O-Matic_v0.elf"  ./system/src/stm32f0-stdperiph/stm32f0xx_gpio.o ./system/src/stm32f0-stdperiph/stm32f0xx_rcc.o  ./system/src/newlib/_cxx.o ./system/src/newlib/_exit.o ./system/src/newlib/_sbrk.o ./system/src/newlib/_startup.o ./system/src/newlib/_syscalls.o ./system/src/newlib/assert.o  ./system/src/diag/Trace.o ./system/src/diag/trace_impl.o  ./system/src/cortexm/_initialize_hardware.o ./system/src/cortexm/_reset_hardware.o ./system/src/cortexm/exception_handlers.o  ./system/src/cmsis/system_stm32f0xx.o ./system/src/cmsis/vectors_stm32f0xx.o  ./src/Terminal/MainMenu.o ./src/Terminal/Terminal.o  ./src/MCU/led.o ./src/MCU/pwm.o ./src/MCU/temperature.o ./src/MCU/tick.o ./src/MCU/usart2.o  ./src/FIFO.o ./src/OvenControl.o ./src/common.o ./src/main.o ./src/pid.o   
Finished building target: Reflow-O-Matic_v0.elf
 
Invoking: Cross ARM GNU Create Flash Image
arm-none-eabi-objcopy -O binary "Reflow-O-Matic_v0.elf"  "Reflow-O-Matic_v0.bin"
Finished building: Reflow-O-Matic_v0.bin
 
Invoking: Cross ARM GNU Print Size
arm-none-eabi-size --format=berkeley "Reflow-O-Matic_v0.elf"
   text	   data	    bss	    dec	    hex	filename
  34584	    336	    564	  35484	   8a9c	Reflow-O-Matic_v0.elf
Finished building: Reflow-O-Matic_v0.siz
 
01:40:40 **** Incremental Build of configuration Debug for project Reflow-O-Matic_v0 ****
make all 
Invoking: Cross ARM GNU Print Size
arm-none-eabi-size --format=berkeley "Reflow-O-Matic_v0.elf"
   text	   data	    bss	    dec	    hex	filename
  34584	    336	    564	  35484	   8a9c	Reflow-O-Matic_v0.elf
Finished building: Reflow-O-Matic_v0.siz
 
01:42:57 **** Incremental Build of configuration Debug for project Reflow-O-Matic_v0 ****
make all 
Building file: ../src/Terminal/MainMenu.c
Invoking: Cross ARM C Compiler
arm-none-eabi-gcc -mcpu=cortex-m0 -mthumb -Og -fmessage-length=0 -fsigned-char -ffunction-sections -fdata-sections -ffreestanding -fno-move-loop-invariants -Wall -Wextra  -g3 -DDEBUG -DUSE_FULL_ASSERT -DSTM32F030 -DUSE_STDPERIPH_DRIVER -DHSE_VALUE=8000000 -I"../include" -I"../system/include" -I"../system/include/cmsis" -I"../system/include/stm32f0-stdperiph" -std=gnu11 -MMD -MP -MF"src/Terminal/MainMenu.d" -MT"src/Terminal/MainMenu.o" -c -o "src/Terminal/MainMenu.o" "../src/Terminal/MainMenu.c"
../src/Terminal/MainMenu.c:17:8: warning: type defaults to 'int' in declaration of 'MotorPWM'
 static MotorPWM = 0;
        ^
../src/Terminal/MainMenu.c: In function 'Process':
../src/Terminal/MainMenu.c:125:5: warning: format '%f' expects argument of type 'double', but argument 7 has type 'int' [-Wformat=]
     snprintf((char *)&MessageBuffer[0], 25, "\n\rt%4.4f\tta%4.4f\tH%4.4f\tM%4.4f",Temperature, TargetTemperature, HeaterPWM,MotorPWM);
     ^
Finished building: ../src/Terminal/MainMenu.c
 
Building target: Reflow-O-Matic_v0.elf
Invoking: Cross ARM C++ Linker
arm-none-eabi-g++ -mcpu=cortex-m0 -mthumb -Og -fmessage-length=0 -fsigned-char -ffunction-sections -fdata-sections -ffreestanding -fno-move-loop-invariants -Wall -Wextra  -g3 -T mem.ld -T libs.ld -T sections.ld -nostartfiles -Xlinker --gc-sections -L"../ldscripts" -Wl,-Map,"Reflow-O-Matic_v0.map" --specs=nano.specs -u _printf_float -o "Reflow-O-Matic_v0.elf"  ./system/src/stm32f0-stdperiph/stm32f0xx_gpio.o ./system/src/stm32f0-stdperiph/stm32f0xx_rcc.o  ./system/src/newlib/_cxx.o ./system/src/newlib/_exit.o ./system/src/newlib/_sbrk.o ./system/src/newlib/_startup.o ./system/src/newlib/_syscalls.o ./system/src/newlib/assert.o  ./system/src/diag/Trace.o ./system/src/diag/trace_impl.o  ./system/src/cortexm/_initialize_hardware.o ./system/src/cortexm/_reset_hardware.o ./system/src/cortexm/exception_handlers.o  ./system/src/cmsis/system_stm32f0xx.o ./system/src/cmsis/vectors_stm32f0xx.o  ./src/Terminal/MainMenu.o ./src/Terminal/Terminal.o  ./src/MCU/led.o ./src/MCU/pwm.o ./src/MCU/temperature.o ./src/MCU/tick.o ./src/MCU/usart2.o  ./src/FIFO.o ./src/OvenControl.o ./src/common.o ./src/main.o ./src/pid.o   
Finished building target: Reflow-O-Matic_v0.elf
 
Invoking: Cross ARM GNU Create Flash Image
arm-none-eabi-objcopy -O binary "Reflow-O-Matic_v0.elf"  "Reflow-O-Matic_v0.bin"
Finished building: Reflow-O-Matic_v0.bin
 
Invoking: Cross ARM GNU Print Size
arm-none-eabi-size --format=berkeley "Reflow-O-Matic_v0.elf"
   text	   data	    bss	    dec	    hex	filename
  34632	    336	    572	  35540	   8ad4	Reflow-O-Matic_v0.elf
Finished building: Reflow-O-Matic_v0.siz
 
01:43:03 **** Incremental Build of configuration Debug for project Reflow-O-Matic_v0 ****
make all 
Invoking: Cross ARM GNU Print Size
arm-none-eabi-size --format=berkeley "Reflow-O-Matic_v0.elf"
   text	   data	    bss	    dec	    hex	filename
  34632	    336	    572	  35540	   8ad4	Reflow-O-Matic_v0.elf
Finished building: Reflow-O-Matic_v0.siz
 
01:43:25 **** Incremental Build of configuration Debug for project Reflow-O-Matic_v0 ****
make all 
Building file: ../src/Terminal/MainMenu.c
Invoking: Cross ARM C Compiler
arm-none-eabi-gcc -mcpu=cortex-m0 -mthumb -Og -fmessage-length=0 -fsigned-char -ffunction-sections -fdata-sections -ffreestanding -fno-move-loop-invariants -Wall -Wextra  -g3 -DDEBUG -DUSE_FULL_ASSERT -DSTM32F030 -DUSE_STDPERIPH_DRIVER -DHSE_VALUE=8000000 -I"../include" -I"../system/include" -I"../system/include/cmsis" -I"../system/include/stm32f0-stdperiph" -std=gnu11 -MMD -MP -MF"src/Terminal/MainMenu.d" -MT"src/Terminal/MainMenu.o" -c -o "src/Terminal/MainMenu.o" "../src/Terminal/MainMenu.c"
../src/Terminal/MainMenu.c:17:8: warning: type defaults to 'int' in declaration of 'MotorPWM'
 static MotorPWM = 0;
        ^
../src/Terminal/MainMenu.c: In function 'Process':
../src/Terminal/MainMenu.c:125:5: warning: format '%f' expects argument of type 'double', but argument 7 has type 'int' [-Wformat=]
     snprintf((char *)&MessageBuffer[0], 25, "\n\rt%4.4f\tta%4.4f\tH%4.4f\tM%4.4f",Temperature, TargetTemperature, HeaterPWM,MotorPWM);
     ^
Finished building: ../src/Terminal/MainMenu.c
 
Building target: Reflow-O-Matic_v0.elf
Invoking: Cross ARM C++ Linker
arm-none-eabi-g++ -mcpu=cortex-m0 -mthumb -Og -fmessage-length=0 -fsigned-char -ffunction-sections -fdata-sections -ffreestanding -fno-move-loop-invariants -Wall -Wextra  -g3 -T mem.ld -T libs.ld -T sections.ld -nostartfiles -Xlinker --gc-sections -L"../ldscripts" -Wl,-Map,"Reflow-O-Matic_v0.map" --specs=nano.specs -u _printf_float -o "Reflow-O-Matic_v0.elf"  ./system/src/stm32f0-stdperiph/stm32f0xx_gpio.o ./system/src/stm32f0-stdperiph/stm32f0xx_rcc.o  ./system/src/newlib/_cxx.o ./system/src/newlib/_exit.o ./system/src/newlib/_sbrk.o ./system/src/newlib/_startup.o ./system/src/newlib/_syscalls.o ./system/src/newlib/assert.o  ./system/src/diag/Trace.o ./system/src/diag/trace_impl.o  ./system/src/cortexm/_initialize_hardware.o ./system/src/cortexm/_reset_hardware.o ./system/src/cortexm/exception_handlers.o  ./system/src/cmsis/system_stm32f0xx.o ./system/src/cmsis/vectors_stm32f0xx.o  ./src/Terminal/MainMenu.o ./src/Terminal/Terminal.o  ./src/MCU/led.o ./src/MCU/pwm.o ./src/MCU/temperature.o ./src/MCU/tick.o ./src/MCU/usart2.o  ./src/FIFO.o ./src/OvenControl.o ./src/common.o ./src/main.o ./src/pid.o   
Finished building target: Reflow-O-Matic_v0.elf
 
Invoking: Cross ARM GNU Create Flash Image
arm-none-eabi-objcopy -O binary "Reflow-O-Matic_v0.elf"  "Reflow-O-Matic_v0.bin"
Finished building: Reflow-O-Matic_v0.bin
 
Invoking: Cross ARM GNU Print Size
arm-none-eabi-size --format=berkeley "Reflow-O-Matic_v0.elf"
   text	   data	    bss	    dec	    hex	filename
  34632	    336	    572	  35540	   8ad4	Reflow-O-Matic_v0.elf
Finished building: Reflow-O-Matic_v0.siz
 
01:43:36 **** Incremental Build of configuration Debug for project Reflow-O-Matic_v0 ****
make all 
Invoking: Cross ARM GNU Print Size
arm-none-eabi-size --format=berkeley "Reflow-O-Matic_v0.elf"
   text	   data	    bss	    dec	    hex	filename
  34632	    336	    572	  35540	   8ad4	Reflow-O-Matic_v0.elf
Finished building: Reflow-O-Matic_v0.siz
 
01:43:51 **** Incremental Build of configuration Debug for project Reflow-O-Matic_v0 ****
make all 
Building file: ../src/Terminal/MainMenu.c
Invoking: Cross ARM C Compiler
arm-none-eabi-gcc -mcpu=cortex-m0 -mthumb -Og -fmessage-length=0 -fsigned-char -ffunction-sections -fdata-sections -ffreestanding -fno-move-loop-invariants -Wall -Wextra  -g3 -DDEBUG -DUSE_FULL_ASSERT -DSTM32F030 -DUSE_STDPERIPH_DRIVER -DHSE_VALUE=8000000 -I"../include" -I"../system/include" -I"../system/include/cmsis" -I"../system/include/stm32f0-stdperiph" -std=gnu11 -MMD -MP -MF"src/Terminal/MainMenu.d" -MT"src/Terminal/MainMenu.o" -c -o "src/Terminal/MainMenu.o" "../src/Terminal/MainMenu.c"
../src/Terminal/MainMenu.c:17:8: warning: type defaults to 'int' in declaration of 'MotorPWM'
 static MotorPWM = 0;
        ^
../src/Terminal/MainMenu.c: In function 'Process':
../src/Terminal/MainMenu.c:125:5: warning: format '%f' expects argument of type 'double', but argument 7 has type 'int' [-Wformat=]
     snprintf((char *)&MessageBuffer[0], 100, "\n\rt%4.4f\tta%4.4f\tH%4.4f\tM%4.4f",Temperature, TargetTemperature, HeaterPWM,MotorPWM);
     ^
Finished building: ../src/Terminal/MainMenu.c
 
Building target: Reflow-O-Matic_v0.elf
Invoking: Cross ARM C++ Linker
arm-none-eabi-g++ -mcpu=cortex-m0 -mthumb -Og -fmessage-length=0 -fsigned-char -ffunction-sections -fdata-sections -ffreestanding -fno-move-loop-invariants -Wall -Wextra  -g3 -T mem.ld -T libs.ld -T sections.ld -nostartfiles -Xlinker --gc-sections -L"../ldscripts" -Wl,-Map,"Reflow-O-Matic_v0.map" --specs=nano.specs -u _printf_float -o "Reflow-O-Matic_v0.elf"  ./system/src/stm32f0-stdperiph/stm32f0xx_gpio.o ./system/src/stm32f0-stdperiph/stm32f0xx_rcc.o  ./system/src/newlib/_cxx.o ./system/src/newlib/_exit.o ./system/src/newlib/_sbrk.o ./system/src/newlib/_startup.o ./system/src/newlib/_syscalls.o ./system/src/newlib/assert.o  ./system/src/diag/Trace.o ./system/src/diag/trace_impl.o  ./system/src/cortexm/_initialize_hardware.o ./system/src/cortexm/_reset_hardware.o ./system/src/cortexm/exception_handlers.o  ./system/src/cmsis/system_stm32f0xx.o ./system/src/cmsis/vectors_stm32f0xx.o  ./src/Terminal/MainMenu.o ./src/Terminal/Terminal.o  ./src/MCU/led.o ./src/MCU/pwm.o ./src/MCU/temperature.o ./src/MCU/tick.o ./src/MCU/usart2.o  ./src/FIFO.o ./src/OvenControl.o ./src/common.o ./src/main.o ./src/pid.o   
Finished building target: Reflow-O-Matic_v0.elf
 
Invoking: Cross ARM GNU Create Flash Image
arm-none-eabi-objcopy -O binary "Reflow-O-Matic_v0.elf"  "Reflow-O-Matic_v0.bin"
Finished building: Reflow-O-Matic_v0.bin
 
Invoking: Cross ARM GNU Print Size
arm-none-eabi-size --format=berkeley "Reflow-O-Matic_v0.elf"
   text	   data	    bss	    dec	    hex	filename
  34632	    336	    572	  35540	   8ad4	Reflow-O-Matic_v0.elf
Finished building: Reflow-O-Matic_v0.siz
 
01:43:56 **** Incremental Build of configuration Debug for project Reflow-O-Matic_v0 ****
make all 
Invoking: Cross ARM GNU Print Size
arm-none-eabi-size --format=berkeley "Reflow-O-Matic_v0.elf"
   text	   data	    bss	    dec	    hex	filename
  34632	    336	    572	  35540	   8ad4	Reflow-O-Matic_v0.elf
Finished building: Reflow-O-Matic_v0.siz
 
01:45:17 **** Incremental Build of configuration Debug for project Reflow-O-Matic_v0 ****
make all 
Building file: ../src/Terminal/MainMenu.c
Invoking: Cross ARM C Compiler
arm-none-eabi-gcc -mcpu=cortex-m0 -mthumb -Og -fmessage-length=0 -fsigned-char -ffunction-sections -fdata-sections -ffreestanding -fno-move-loop-invariants -Wall -Wextra  -g3 -DDEBUG -DUSE_FULL_ASSERT -DSTM32F030 -DUSE_STDPERIPH_DRIVER -DHSE_VALUE=8000000 -I"../include" -I"../system/include" -I"../system/include/cmsis" -I"../system/include/stm32f0-stdperiph" -std=gnu11 -MMD -MP -MF"src/Terminal/MainMenu.d" -MT"src/Terminal/MainMenu.o" -c -o "src/Terminal/MainMenu.o" "../src/Terminal/MainMenu.c"
Finished building: ../src/Terminal/MainMenu.c
 
Building target: Reflow-O-Matic_v0.elf
Invoking: Cross ARM C++ Linker
arm-none-eabi-g++ -mcpu=cortex-m0 -mthumb -Og -fmessage-length=0 -fsigned-char -ffunction-sections -fdata-sections -ffreestanding -fno-move-loop-invariants -Wall -Wextra  -g3 -T mem.ld -T libs.ld -T sections.ld -nostartfiles -Xlinker --gc-sections -L"../ldscripts" -Wl,-Map,"Reflow-O-Matic_v0.map" --specs=nano.specs -u _printf_float -o "Reflow-O-Matic_v0.elf"  ./system/src/stm32f0-stdperiph/stm32f0xx_gpio.o ./system/src/stm32f0-stdperiph/stm32f0xx_rcc.o  ./system/src/newlib/_cxx.o ./system/src/newlib/_exit.o ./system/src/newlib/_sbrk.o ./system/src/newlib/_startup.o ./system/src/newlib/_syscalls.o ./system/src/newlib/assert.o  ./system/src/diag/Trace.o ./system/src/diag/trace_impl.o  ./system/src/cortexm/_initialize_hardware.o ./system/src/cortexm/_reset_hardware.o ./system/src/cortexm/exception_handlers.o  ./system/src/cmsis/system_stm32f0xx.o ./system/src/cmsis/vectors_stm32f0xx.o  ./src/Terminal/MainMenu.o ./src/Terminal/Terminal.o  ./src/MCU/led.o ./src/MCU/pwm.o ./src/MCU/temperature.o ./src/MCU/tick.o ./src/MCU/usart2.o  ./src/FIFO.o ./src/OvenControl.o ./src/common.o ./src/main.o ./src/pid.o   
Finished building target: Reflow-O-Matic_v0.elf
 
Invoking: Cross ARM GNU Create Flash Image
arm-none-eabi-objcopy -O binary "Reflow-O-Matic_v0.elf"  "Reflow-O-Matic_v0.bin"
Finished building: Reflow-O-Matic_v0.bin
 
Invoking: Cross ARM GNU Print Size
arm-none-eabi-size --format=berkeley "Reflow-O-Matic_v0.elf"
   text	   data	    bss	    dec	    hex	filename
  34632	    336	    572	  35540	   8ad4	Reflow-O-Matic_v0.elf
Finished building: Reflow-O-Matic_v0.siz
 
01:45:20 **** Incremental Build of configuration Debug for project Reflow-O-Matic_v0 ****
make all 
Invoking: Cross ARM GNU Print Size
arm-none-eabi-size --format=berkeley "Reflow-O-Matic_v0.elf"
   text	   data	    bss	    dec	    hex	filename
  34632	    336	    572	  35540	   8ad4	Reflow-O-Matic_v0.elf
Finished building: Reflow-O-Matic_v0.siz
 
01:46:53 **** Incremental Build of configuration Debug for project Reflow-O-Matic_v0 ****
make all 
Building file: ../src/Terminal/MainMenu.c
Invoking: Cross ARM C Compiler
arm-none-eabi-gcc -mcpu=cortex-m0 -mthumb -Og -fmessage-length=0 -fsigned-char -ffunction-sections -fdata-sections -ffreestanding -fno-move-loop-invariants -Wall -Wextra  -g3 -DDEBUG -DUSE_FULL_ASSERT -DSTM32F030 -DUSE_STDPERIPH_DRIVER -DHSE_VALUE=8000000 -I"../include" -I"../system/include" -I"../system/include/cmsis" -I"../system/include/stm32f0-stdperiph" -std=gnu11 -MMD -MP -MF"src/Terminal/MainMenu.d" -MT"src/Terminal/MainMenu.o" -c -o "src/Terminal/MainMenu.o" "../src/Terminal/MainMenu.c"
Finished building: ../src/Terminal/MainMenu.c
 
Building target: Reflow-O-Matic_v0.elf
Invoking: Cross ARM C++ Linker
arm-none-eabi-g++ -mcpu=cortex-m0 -mthumb -Og -fmessage-length=0 -fsigned-char -ffunction-sections -fdata-sections -ffreestanding -fno-move-loop-invariants -Wall -Wextra  -g3 -T mem.ld -T libs.ld -T sections.ld -nostartfiles -Xlinker --gc-sections -L"../ldscripts" -Wl,-Map,"Reflow-O-Matic_v0.map" --specs=nano.specs -u _printf_float -o "Reflow-O-Matic_v0.elf"  ./system/src/stm32f0-stdperiph/stm32f0xx_gpio.o ./system/src/stm32f0-stdperiph/stm32f0xx_rcc.o  ./system/src/newlib/_cxx.o ./system/src/newlib/_exit.o ./system/src/newlib/_sbrk.o ./system/src/newlib/_startup.o ./system/src/newlib/_syscalls.o ./system/src/newlib/assert.o  ./system/src/diag/Trace.o ./system/src/diag/trace_impl.o  ./system/src/cortexm/_initialize_hardware.o ./system/src/cortexm/_reset_hardware.o ./system/src/cortexm/exception_handlers.o  ./system/src/cmsis/system_stm32f0xx.o ./system/src/cmsis/vectors_stm32f0xx.o  ./src/Terminal/MainMenu.o ./src/Terminal/Terminal.o  ./src/MCU/led.o ./src/MCU/pwm.o ./src/MCU/temperature.o ./src/MCU/tick.o ./src/MCU/usart2.o  ./src/FIFO.o ./src/OvenControl.o ./src/common.o ./src/main.o ./src/pid.o   
Finished building target: Reflow-O-Matic_v0.elf
 
Invoking: Cross ARM GNU Create Flash Image
arm-none-eabi-objcopy -O binary "Reflow-O-Matic_v0.elf"  "Reflow-O-Matic_v0.bin"
Finished building: Reflow-O-Matic_v0.bin
 
Invoking: Cross ARM GNU Print Size
arm-none-eabi-size --format=berkeley "Reflow-O-Matic_v0.elf"
   text	   data	    bss	    dec	    hex	filename
  34632	    336	    572	  35540	   8ad4	Reflow-O-Matic_v0.elf
Finished building: Reflow-O-Matic_v0.siz
 
01:47:00 **** Incremental Build of configuration Debug for project Reflow-O-Matic_v0 ****
make all 
Invoking: Cross ARM GNU Print Size
arm-none-eabi-size --format=berkeley "Reflow-O-Matic_v0.elf"
   text	   data	    bss	    dec	    hex	filename
  34632	    336	    572	  35540	   8ad4	Reflow-O-Matic_v0.elf
Finished building: Reflow-O-Matic_v0.siz
 
