17:32:28 **** Build of configuration Default for project Reflow ****
make all 
/usr/local/gcc-arm-none-eabi-4_9-2015q3/bin/arm-none-eabi-g++ -mcpu=cortex-m0plus -mthumb -c -g -fno-common -fsigned-char -fmessage-length=0 -Wall -Wextra -fno-exceptions -ffunction-sections -ffreestanding -fdata-sections -fomit-frame-pointer -MMD -MP -O -DNDEBUG -O -DTARGET_FF_ARDUINO -DTOOLCHAIN_GCC_ARM -DTARGET_KLXX -DTARGET_KL05Z -DTARGET_CORTEX_M -DTARGET_M0P -DTARGET_Freescale -D__CORTEX_M0PLUS -DMBED_BUILD_TIMESTAMP=1454148811.03 -DTOOLCHAIN_GCC -D__MBED__=1 -DARM_MATH_CM0PLUS  -std=gnu++98 -fno-rtti -I. -I./PID -I./Debug -I./Driver -I./Driver/Tick -I./Driver/UART -I./mbed -I./mbed/TARGET_KL05Z -I./mbed/TARGET_KL05Z/TARGET_Freescale -I./mbed/TARGET_KL05Z/TARGET_Freescale/TARGET_KLXX -I./mbed/TARGET_KL05Z/TARGET_Freescale/TARGET_KLXX/TARGET_KL05Z -I./mbed/TARGET_KL05Z/TOOLCHAIN_GCC_ARM  -o common.o common.cpp
common.cpp: In function 'int32_t Common_LDoubleToString(uint8_t*, uint32_t, long double)':
common.cpp:43:79: warning: format '%i' expects argument of type 'int', but argument 4 has type 'int32_t {aka long int}' [-Wformat=]
     Result = snprintf((char*)destination, destinationLength, "%i.0", BaseValue);
                                                                               ^
common.cpp:62:38: warning: comparison between signed and unsigned integer expressions [-Wsign-compare]
     for( ; ProccedNumberOfCharacters < destinationLength ; ProccedNumberOfCharacters++)
                                      ^
/usr/local/gcc-arm-none-eabi-4_9-2015q3/bin/arm-none-eabi-g++ -mcpu=cortex-m0plus -mthumb -c -g -fno-common -fsigned-char -fmessage-length=0 -Wall -Wextra -fno-exceptions -ffunction-sections -ffreestanding -fdata-sections -fomit-frame-pointer -MMD -MP -O -DNDEBUG -O -DTARGET_FF_ARDUINO -DTOOLCHAIN_GCC_ARM -DTARGET_KLXX -DTARGET_KL05Z -DTARGET_CORTEX_M -DTARGET_M0P -DTARGET_Freescale -D__CORTEX_M0PLUS -DMBED_BUILD_TIMESTAMP=1454148811.03 -DTOOLCHAIN_GCC -D__MBED__=1 -DARM_MATH_CM0PLUS  -std=gnu++98 -fno-rtti -I. -I./PID -I./Debug -I./Driver -I./Driver/Tick -I./Driver/UART -I./mbed -I./mbed/TARGET_KL05Z -I./mbed/TARGET_KL05Z/TARGET_Freescale -I./mbed/TARGET_KL05Z/TARGET_Freescale/TARGET_KLXX -I./mbed/TARGET_KL05Z/TARGET_Freescale/TARGET_KLXX/TARGET_KL05Z -I./mbed/TARGET_KL05Z/TOOLCHAIN_GCC_ARM  -o main.o main.cpp
/usr/local/gcc-arm-none-eabi-4_9-2015q3/bin/arm-none-eabi-g++ -mcpu=cortex-m0plus -mthumb -c -g -fno-common -fsigned-char -fmessage-length=0 -Wall -Wextra -fno-exceptions -ffunction-sections -ffreestanding -fdata-sections -fomit-frame-pointer -MMD -MP -O -DNDEBUG -O -DTARGET_FF_ARDUINO -DTOOLCHAIN_GCC_ARM -DTARGET_KLXX -DTARGET_KL05Z -DTARGET_CORTEX_M -DTARGET_M0P -DTARGET_Freescale -D__CORTEX_M0PLUS -DMBED_BUILD_TIMESTAMP=1454148811.03 -DTOOLCHAIN_GCC -D__MBED__=1 -DARM_MATH_CM0PLUS  -std=gnu++98 -fno-rtti -I. -I./PID -I./Debug -I./Driver -I./Driver/Tick -I./Driver/UART -I./mbed -I./mbed/TARGET_KL05Z -I./mbed/TARGET_KL05Z/TARGET_Freescale -I./mbed/TARGET_KL05Z/TARGET_Freescale/TARGET_KLXX -I./mbed/TARGET_KL05Z/TARGET_Freescale/TARGET_KLXX/TARGET_KL05Z -I./mbed/TARGET_KL05Z/TOOLCHAIN_GCC_ARM  -o PID/pid.o PID/pid.cpp
/usr/local/gcc-arm-none-eabi-4_9-2015q3/bin/arm-none-eabi-g++ -mcpu=cortex-m0plus -mthumb -c -g -fno-common -fsigned-char -fmessage-length=0 -Wall -Wextra -fno-exceptions -ffunction-sections -ffreestanding -fdata-sections -fomit-frame-pointer -MMD -MP -O -DNDEBUG -O -DTARGET_FF_ARDUINO -DTOOLCHAIN_GCC_ARM -DTARGET_KLXX -DTARGET_KL05Z -DTARGET_CORTEX_M -DTARGET_M0P -DTARGET_Freescale -D__CORTEX_M0PLUS -DMBED_BUILD_TIMESTAMP=1454148811.03 -DTOOLCHAIN_GCC -D__MBED__=1 -DARM_MATH_CM0PLUS  -std=gnu++98 -fno-rtti -I. -I./PID -I./Debug -I./Driver -I./Driver/Tick -I./Driver/UART -I./mbed -I./mbed/TARGET_KL05Z -I./mbed/TARGET_KL05Z/TARGET_Freescale -I./mbed/TARGET_KL05Z/TARGET_Freescale/TARGET_KLXX -I./mbed/TARGET_KL05Z/TARGET_Freescale/TARGET_KLXX/TARGET_KL05Z -I./mbed/TARGET_KL05Z/TOOLCHAIN_GCC_ARM  -o Debug/Debug_MainMenu.o Debug/Debug_MainMenu.cpp
/usr/local/gcc-arm-none-eabi-4_9-2015q3/bin/arm-none-eabi-g++ -mcpu=cortex-m0plus -mthumb -c -g -fno-common -fsigned-char -fmessage-length=0 -Wall -Wextra -fno-exceptions -ffunction-sections -ffreestanding -fdata-sections -fomit-frame-pointer -MMD -MP -O -DNDEBUG -O -DTARGET_FF_ARDUINO -DTOOLCHAIN_GCC_ARM -DTARGET_KLXX -DTARGET_KL05Z -DTARGET_CORTEX_M -DTARGET_M0P -DTARGET_Freescale -D__CORTEX_M0PLUS -DMBED_BUILD_TIMESTAMP=1454148811.03 -DTOOLCHAIN_GCC -D__MBED__=1 -DARM_MATH_CM0PLUS  -std=gnu++98 -fno-rtti -I. -I./PID -I./Debug -I./Driver -I./Driver/Tick -I./Driver/UART -I./mbed -I./mbed/TARGET_KL05Z -I./mbed/TARGET_KL05Z/TARGET_Freescale -I./mbed/TARGET_KL05Z/TARGET_Freescale/TARGET_KLXX -I./mbed/TARGET_KL05Z/TARGET_Freescale/TARGET_KLXX/TARGET_KL05Z -I./mbed/TARGET_KL05Z/TOOLCHAIN_GCC_ARM  -o Debug/DebugInterface.o Debug/DebugInterface.cpp
/usr/local/gcc-arm-none-eabi-4_9-2015q3/bin/arm-none-eabi-g++ -mcpu=cortex-m0plus -mthumb -c -g -fno-common -fsigned-char -fmessage-length=0 -Wall -Wextra -fno-exceptions -ffunction-sections -ffreestanding -fdata-sections -fomit-frame-pointer -MMD -MP -O -DNDEBUG -O -DTARGET_FF_ARDUINO -DTOOLCHAIN_GCC_ARM -DTARGET_KLXX -DTARGET_KL05Z -DTARGET_CORTEX_M -DTARGET_M0P -DTARGET_Freescale -D__CORTEX_M0PLUS -DMBED_BUILD_TIMESTAMP=1454148811.03 -DTOOLCHAIN_GCC -D__MBED__=1 -DARM_MATH_CM0PLUS  -std=gnu++98 -fno-rtti -I. -I./PID -I./Debug -I./Driver -I./Driver/Tick -I./Driver/UART -I./mbed -I./mbed/TARGET_KL05Z -I./mbed/TARGET_KL05Z/TARGET_Freescale -I./mbed/TARGET_KL05Z/TARGET_Freescale/TARGET_KLXX -I./mbed/TARGET_KL05Z/TARGET_Freescale/TARGET_KLXX/TARGET_KL05Z -I./mbed/TARGET_KL05Z/TOOLCHAIN_GCC_ARM  -o Driver/Tick/Tick.o Driver/Tick/Tick.cpp
/usr/local/gcc-arm-none-eabi-4_9-2015q3/bin/arm-none-eabi-g++ -mcpu=cortex-m0plus -mthumb -c -g -fno-common -fsigned-char -fmessage-length=0 -Wall -Wextra -fno-exceptions -ffunction-sections -ffreestanding -fdata-sections -fomit-frame-pointer -MMD -MP -O -DNDEBUG -O -DTARGET_FF_ARDUINO -DTOOLCHAIN_GCC_ARM -DTARGET_KLXX -DTARGET_KL05Z -DTARGET_CORTEX_M -DTARGET_M0P -DTARGET_Freescale -D__CORTEX_M0PLUS -DMBED_BUILD_TIMESTAMP=1454148811.03 -DTOOLCHAIN_GCC -D__MBED__=1 -DARM_MATH_CM0PLUS  -std=gnu++98 -fno-rtti -I. -I./PID -I./Debug -I./Driver -I./Driver/Tick -I./Driver/UART -I./mbed -I./mbed/TARGET_KL05Z -I./mbed/TARGET_KL05Z/TARGET_Freescale -I./mbed/TARGET_KL05Z/TARGET_Freescale/TARGET_KLXX -I./mbed/TARGET_KL05Z/TARGET_Freescale/TARGET_KLXX/TARGET_KL05Z -I./mbed/TARGET_KL05Z/TOOLCHAIN_GCC_ARM  -o Driver/UART/Serial_1.o Driver/UART/Serial_1.cpp
/usr/local/gcc-arm-none-eabi-4_9-2015q3/bin/arm-none-eabi-gcc -mcpu=cortex-m0plus -mthumb -Wl,--gc-sections --specs=nano.specs -Wl,--wrap,main -Wl,-Map=frdm_serial.map,--cref -T./mbed/TARGET_KL05Z/TOOLCHAIN_GCC_ARM/MKL05Z4.ld -L./mbed/TARGET_KL05Z/TOOLCHAIN_GCC_ARM  -o frdm_serial.elf common.o main.o PID/pid.o Debug/Debug_MainMenu.o Debug/DebugInterface.o Driver/Tick/Tick.o Driver/UART/Serial_1.o mbed/TARGET_KL05Z/TOOLCHAIN_GCC_ARM/board.o mbed/TARGET_KL05Z/TOOLCHAIN_GCC_ARM/cmsis_nvic.o mbed/TARGET_KL05Z/TOOLCHAIN_GCC_ARM/mbed_overrides.o mbed/TARGET_KL05Z/TOOLCHAIN_GCC_ARM/retarget.o mbed/TARGET_KL05Z/TOOLCHAIN_GCC_ARM/startup_MKL05Z4.o mbed/TARGET_KL05Z/TOOLCHAIN_GCC_ARM/system_MKL05Z4.o -lmbed  -lstdc++ -lsupc++ -lm -lc -lgcc -lnosys -lmbed  -lstdc++ -lsupc++ -lm -lc -lgcc -lnosys
/usr/local/gcc-arm-none-eabi-4_9-2015q3/bin/arm-none-eabi-objcopy -O binary frdm_serial.elf frdm_serial.bin
/usr/local/gcc-arm-none-eabi-4_9-2015q3/bin/arm-none-eabi-size  frdm_serial.elf
   text	   data	    bss	    dec	    hex	filename
  20156	    208	    572	  20936	   51c8	frdm_serial.elf

17:32:29 Build Finished (took 1s.575ms)

